******************************************************************************
                  TI ARM Linker PC v5.2.6                      
******************************************************************************
>> Linked Sun Apr 29 16:20:11 2018

OUTPUT FILE NAME:   <lightwand_texas_edition.out>
ENTRY POINT SYMBOL: "_c_int00"  address: 00008f3d


MEMORY CONFIGURATION

         name            origin    length      used     unused   attr    fill
----------------------  --------  ---------  --------  --------  ----  --------
  FLASH                 00000000   00040000  000095de  00036a22  R  X
  SRAM                  20000000   00008000  000046f3  0000390d  RW X


SEGMENT ALLOCATION MAP

run origin  load origin   length   init length attrs members
----------  ----------- ---------- ----------- ----- -------
00000000    00000000    000095e0   000095e0    r-x
  00000000    00000000    0000026c   0000026c    r-- .intvecs
  0000026c    0000026c    00009136   00009136    r-x .text
  000093a2    000093a2    00000144   00000144    r-- .const
  000094e8    000094e8    000000f8   000000f8    r-- .cinit
20000000    20000000    000046f4   00000000    rw-
  20000000    20000000    0000335f   00000000    rw- .bss
  20003360    20003360    00000800   00000000    rw- .stack
  20003b60    20003b60    00000800   00000000    rw- .sysmem
  20004360    20004360    00000394   00000000    rw- .data


SECTION ALLOCATION MAP

 output                                  attributes/
section   page    origin      length       input sections
--------  ----  ----------  ----------   ----------------
.intvecs   0    00000000    0000026c     
                  00000000    0000026c     tm4c123gh6pm_startup_ccs.obj (.intvecs)

.text      0    0000026c    00009136     
                  0000026c    0000280c     Nokia5110.obj (.text)
                  00002a78    00001b58     sdcard.obj (.text)
                  000045d0    0000168c     main.obj (.text)
                  00005c5c    000010ba     rtsv7M4_T_le_v4SPD16_eabi.lib : _printfi.obj (.text)
                  00006d16    00000002     --HOLE-- [fill = 0]
                  00006d18    00000410     1wire.obj (.text)
                  00007128    000003dc     rtsv7M4_T_le_v4SPD16_eabi.lib : memory.obj (.text)
                  00007504    0000030c                                   : lowlev.obj (.text)
                  00007810    000002d4                                   : trgdrv.obj (.text)
                  00007ae4    000001f4                                   : ull_div_t2.obj (.text)
                  00007cd8    000001c4                                   : fopen.obj (.text)
                  00007e9c    000001b6                                   : fd_add_t2.obj (.text)
                  00008052    00000136                                   : fd_div_t2.obj (.text)
                  00008188    00000134                                   : fputs.obj (.text)
                  000082bc    00000110                                   : xdscale.obj (.text)
                  000083cc    000000fc                                   : fd_mul_t2.obj (.text)
                  000084c8    000000ec     uart.obj (.text)
                  000085b4    000000dc     rtsv7M4_T_le_v4SPD16_eabi.lib : setvbuf.obj (.text)
                  00008690    000000c8                                   : fflush.obj (.text)
                  00008758    000000be                                   : xdnorm.obj (.text)
                  00008816    000000ac                                   : _io_perm.obj (.text)
                  000088c2    0000009c                                   : memcpy_t2.obj (.text)
                  0000895e    00000002     --HOLE-- [fill = 0]
                  00008960    00000098                                   : fclose.obj (.text)
                  000089f8    00000098                                   : fputc.obj (.text)
                  00008a90    00000086                                   : fd_cmp_t2.obj (.text:__aeabi_cdcmple)
                  00008b16    00000086                                   : fd_cmp_t2.obj (.text:__aeabi_cdrcmple)
                  00008b9c    0000007a                                   : memset_t2.obj (.text)
                  00008c16    00000002     --HOLE-- [fill = 0]
                  00008c18    00000070                                   : printf.obj (.text)
                  00008c88    0000006c                                   : autoinit.obj (.text)
                  00008cf4    0000006a                                   : copy_decompress_rle.obj (.text)
                  00008d5e    00000002     --HOLE-- [fill = 0]
                  00008d60    00000068                                   : trgmsg.obj (.text)
                  00008dc8    00000066                                   : xdunscal.obj (.text)
                  00008e2e    00000002     --HOLE-- [fill = 0]
                  00008e30    00000064                                   : fseek.obj (.text)
                  00008e94    00000056                                   : ltoa.obj (.text)
                  00008eea    00000052                                   : ldexp.obj (.text)
                  00008f3c    00000050                                   : boot.obj (.text)
                  00008f8c    0000004c                                   : atoi.obj (.text)
                  00008fd8    0000004c                                   : cpy_tbl.obj (.text)
                  00009024    0000004c                                   : rand.obj (.text)
                  00009070    00000048                                   : fd_toi_t2.obj (.text)
                  000090b8    00000044                                   : exit.obj (.text)
                  000090fc    00000040                                   : signal.obj (.text)
                  0000913c    00000034                                   : feraiseexcept.obj (.text)
                  00009170    00000030                                   : strncpy.obj (.text)
                  000091a0    00000030                                   : xdclass.obj (.text)
                  000091d0    00000030                                   : xferaise.obj (.text)
                  00009200    0000002e                                   : i_tofd_t2.obj (.text)
                  0000922e    0000002e                                   : raise.obj (.text)
                  0000925c    0000002a                                   : frexp.obj (.text)
                  00009286    00000020                                   : memchr.obj (.text)
                  000092a6    0000001e                                   : strcat.obj (.text)
                  000092c4    0000001c                                   : memccpy.obj (.text)
                  000092e0    00000018                                   : args_main.obj (.text)
                  000092f8    00000018                                   : strcmp.obj (.text)
                  00009310    00000016                                   : strchr.obj (.text)
                  00009326    00000002     --HOLE-- [fill = 0]
                  00009328    00000014                                   : _lock.obj (.text)
                  0000933c    00000014                                   : strcpy.obj (.text)
                  00009350    00000014                                   : strlen.obj (.text)
                  00009364    0000000e                                   : copy_decompress_none.obj (.text:decompress:none)
                  00009372    0000000e                                   : time.obj (.text)
                  00009380    0000000c                                   : copy_zero_init.obj (.text:decompress:ZI)
                  0000938c    0000000c     tm4c123gh6pm_startup_ccs.obj (.text)
                  00009398    00000006     rtsv7M4_T_le_v4SPD16_eabi.lib : copy_decompress_rle.obj (.text:decompress:rle24)
                  0000939e    00000004                                   : pre_init.obj (.text)

.const     0    000093a2    00000144     
                  000093a2    00000101     rtsv7M4_T_le_v4SPD16_eabi.lib : ctype.obj (.const:.string:_ctypes_)
                  000094a3    00000040     main.obj (.const:.string)
                  000094e3    00000003     1wire.obj (.const)

.cinit     0    000094e8    000000f8     
                  000094e8    000000d2     (.cinit..data.load) [load image, compression = rle]
                  000095ba    00000002     --HOLE-- [fill = 0]
                  000095bc    0000000c     (__TI_handler_table)
                  000095c8    00000008     (.cinit..bss.load) [load image, compression = zero_init]
                  000095d0    00000010     (__TI_cinit_table)

.init_array 
*          0    00000000    00000000     UNINITIALIZED

.bss       0    20000000    0000335f     UNINITIALIZED
                  20000000    00002bc0     sdcard.obj (.bss:file_dir)
                  20002bc0    000001b0     sdcard.obj (.bss:pixel_content)
                  20002d70    0000012c     Nokia5110.obj (.bss:main_menu_items)
                  20002e9c    0000012c     Nokia5110.obj (.bss:menu_items2)
                  20002fc8    0000012c     Nokia5110.obj (.bss:menu_items)
                  200030f4    00000120     rtsv7M4_T_le_v4SPD16_eabi.lib : trgmsg.obj (.bss:__CIOBUF_)
                  20003214    000000a0                                   : defs.obj (.bss:__TI_tmpnams)
                  200032b4    00000080     Nokia5110.obj (.bss:string)
                  20003334    00000008     (.common:parmbuf)
                  2000333c    00000004     (.common:BrightLimit)
                  20003340    00000004     (.common:cluster_begin_lba)
                  20003344    00000004     (.common:fat_begin_lba)
                  20003348    00000004     (.common:lba_addr)
                  2000334c    00000004     (.common:lba_begin_address)
                  20003350    00000004     (.common:lightwand_delay)
                  20003354    00000004     (.common:number_of_sectors)
                  20003358    00000004     (.common:root_dir_first_cluster)
                  2000335c    00000001     (.common:Timer1)
                  2000335d    00000001     (.common:Timer2)
                  2000335e    00000001     (.common:lightwand_brightness)

.TI.noinit 
*          0    20000000    00000000     UNINITIALIZED

.stack     0    20003360    00000800     UNINITIALIZED
                  20003360    00000800     --HOLE--

.sysmem    0    20003b60    00000800     UNINITIALIZED
                  20003b60    00000008     rtsv7M4_T_le_v4SPD16_eabi.lib : memory.obj (.sysmem)
                  20003b68    000007f8     --HOLE--

.data      0    20004360    00000394     UNINITIALIZED
                  20004360    000000f0     rtsv7M4_T_le_v4SPD16_eabi.lib : defs.obj (.data:_ftable)
                  20004450    000000d0                                   : lowlev.obj (.data)
                  20004520    000000b0                                   : signal.obj (.data:sigtable)
                  200045d0    00000080                                   : xvalues.obj (.data)
                  20004650    00000040     sdcard.obj (.data)
                  20004690    00000014     main.obj (.data)
                  200046a4    00000010     rtsv7M4_T_le_v4SPD16_eabi.lib : defs.obj (.data)
                  200046b4    0000000c     Nokia5110.obj (.data)
                  200046c0    0000000c     rtsv7M4_T_le_v4SPD16_eabi.lib : memory.obj (.data)
                  200046cc    00000008                                   : _lock.obj (.data)
                  200046d4    00000008                                   : exit.obj (.data)
                  200046dc    00000008                                   : feraiseexcept.obj (.data)
                  200046e4    00000004                                   : errno.obj (.data)
                  200046e8    00000004                                   : fopen.obj (.data)
                  200046ec    00000004                                   : rand.obj (.data)
                  200046f0    00000004                                   : stkdepth_vars.obj (.data)

.TI.persistent 
*          0    20004360    00000000     UNINITIALIZED


LINKER GENERATED COPY TABLES

__TI_cinit_table @ 000095d0 records: 2, size/record: 8, table size: 16
	.data: load addr=000094e8, load size=000000d2 bytes, run addr=20004360, run size=00000394 bytes, compression=rle
	.bss: load addr=000095c8, load size=00000008 bytes, run addr=20000000, run size=0000335f bytes, compression=zero_init


LINKER GENERATED HANDLER TABLE

__TI_handler_table @ 000095bc records: 3, size/record: 4, table size: 12
	index: 0, handler: __TI_decompress_rle24
	index: 1, handler: __TI_decompress_none
	index: 2, handler: __TI_zero_init


GLOBAL SYMBOLS: SORTED ALPHABETICALLY BY Name 

address   name                      
-------   ----                      
2000333c  BrightLimit               
000090b9  C$$EXIT                   
00008d8f  C$$IO$$                   
00004c49  GPIOPortB_Handler         
00007a9d  HOSTclock                 
00007a65  HOSTclose                 
00007a27  HOSTgetenv                
000079cb  HOSTlseek                 
00007979  HOSTopen                  
0000792d  HOSTread                  
000078cf  HOSTrename                
00007895  HOSTtime                  
0000785d  HOSTunlink                
00007811  HOSTwrite                 
0000938d  ResetISR                  
UNDEFED   SHT$$INIT_ARRAY$$Base     
UNDEFED   SHT$$INIT_ARRAY$$Limit    
00004abb  SysTick_Init              
00004a71  SysTick_Wait              
00004a95  SysTick_Wait50ms          
2000335c  Timer1                    
2000335d  Timer2                    
00004077  Timer5A_Handler           
00004005  Timer5_Init               
000084c9  UART_InChar               
000084dd  UART_OutChar              
000091a1  _Dclass                   
200045d0  _Denorm                   
00008759  _Dnorm                    
000082bd  _Dscale                   
00008dc9  _Dunscale                 
200045e0  _Eps                      
200046e4  _Errno                    
200046dc  _Fenv                     
000091d1  _Feraise                  
200045f0  _Hugeval                  
20004600  _Inf                      
20004610  _Nan                      
20004630  _Rteps                    
20004620  _Snan                     
200046e0  _Tls_setup__Fenv          
20004640  _Xbig                     
20004648  _Zero                     
200030f4  __CIOBUF_                 
20003b60  __STACK_END               
00000800  __STACK_SIZE              
20003560  __STACK_TOP               
00000800  __SYSMEM_SIZE             
000095d0  __TI_CINIT_Base           
000095e0  __TI_CINIT_Limit          
000095bc  __TI_Handler_Table_Base   
000095c8  __TI_Handler_Table_Limit  
00008c89  __TI_auto_init            
00007da1  __TI_cleanup              
200046d4  __TI_cleanup_ptr          
00008961  __TI_closefile            
00009365  __TI_decompress_none      
00009399  __TI_decompress_rle24     
00008691  __TI_doflush              
200046d8  __TI_dtors_ptr            
200046a4  __TI_ft_end               
00006a11  __TI_printfi              
00008879  __TI_rd_ok                
00008d93  __TI_readmsg              
00000000  __TI_static_base__        
20003214  __TI_tmpnams              
00008d61  __TI_writemsg             
00008817  __TI_wrt_ok               
00009381  __TI_zero_init            
00008a91  __aeabi_cdcmpeq           
00008a91  __aeabi_cdcmple           
00008b17  __aeabi_cdrcmple          
00009071  __aeabi_d2iz              
00007ea7  __aeabi_dadd              
00008053  __aeabi_ddiv              
000083cd  __aeabi_dmul              
00007e9d  __aeabi_dsub              
00009201  __aeabi_i2d               
00008b9d  __aeabi_memclr            
00008b9d  __aeabi_memclr4           
00008b9d  __aeabi_memclr8           
000088c3  __aeabi_memcpy            
000088c3  __aeabi_memcpy4           
000088c3  __aeabi_memcpy8           
00008b9f  __aeabi_memset            
00008b9f  __aeabi_memset4           
00008b9f  __aeabi_memset8           
200046b0  __aeabi_stderr            
200046a8  __aeabi_stdin             
200046ac  __aeabi_stdout            
00007ae5  __aeabi_uldivmod          
ffffffff  __binit__                 
ffffffff  __c_args__                
20003360  __stack                   
000092e1  _args_main                
00008f3d  _c_int00                  
000093a2  _ctypes_                  
20004360  _ftable                   
200046cc  _lock                     
00009337  _nop                      
0000932f  _register_lock            
00009329  _register_unlock          
20003b60  _sys_memory               
0000939f  _system_pre_init          
200046d0  _unlock                   
000090bd  abort                     
00007765  add_device                
00002801  add_menu_element          
000047ed  ask_for_bluetooth         
00008f8d  atoi                      
20004691  backlight                 
000026c9  backup_main_menu          
ffffffff  binit                     
20004698  bright                    
20004692  buzzer                    
000074d1  calloc                    
00002ed5  change_speed              
000002ed  char_write                
00003eb9  clean_name                
000019bb  clear_columns             
0000708d  clear_ledarray            
0000026d  clear_screen              
00007715  close                     
20003340  cluster_begin_lba         
20004658  cluster_dir               
2000466c  column                    
20004678  columns                   
00005b81  convert_value_to_string   
00008fd9  copy_in                   
00002661  copy_menu                 
200046b5  cp                        
00002e7b  cs_high                   
00002e87  cs_low                    
20004680  current                   
20004662  current_count             
200046a0  current_position          
2000469c  delay                     
00002603  delete_menu               
000019af  disable_backlight         
00004089  disk_timerproc            
00002e1d  dummy_clock               
000019a3  enable_backlight          
000090c5  exit                      
20003344  fat_begin_lba             
000089c7  fclose                    
20004661  fd_count                  
0000913d  feraiseexcept             
000086dd  fflush                    
20000000  file_dir                  
20004695  file_pos                  
000019e9  fill_screen               
00004169  filter_by_extension       
20004663  finish                    
200046b4  first                     
20004664  first_file                
00007df7  fopen                     
000089f9  fputc                     
00008189  fputs                     
0000721f  free                      
00007dcd  freopen                   
0000925d  frexp                     
00008e31  fseek                     
00000000  g_pfnVectors              
00006dc7  get_brightness            
000022c5  get_character_length      
00006ddd  get_delay                 
00002e5f  get_first_cluster         
00003f99  get_name                  
0000411b  get_reserved_sectors      
00002e75  get_root_dir_first_cluster
00006d19  init_1wire_pin            
00004ac9  init_buzzer               
00002b95  initialise_sd             
000084ff  initialise_uart           
00004969  initialize_I2C            
000049cf  initialize_accelerometer  
00004915  initialize_buttons        
00001943  initialize_screen         
00003fdf  is_file_or_dir            
00002ac3  is_ready                  
200046b6  item_num                  
20004684  l                         
20003348  lba_addr                  
2000334c  lba_begin_address         
00000293  lcd_write                 
00008eeb  ldexp                     
2000335e  lightwand_brightness      
20003350  lightwand_delay           
000031c5  list_dirs_and_files       
000076f1  lseek                     
00008e95  ltoa                      
000045d1  main                      
200046f0  main_func_sp              
20002d70  main_menu_items           
000071b7  malloc                    
000053b1  manage_paint_menu         
00004cc9  manage_picture_menu       
00004bf3  map                       
200046bc  max                       
20004694  max_menu_items            
000073ed  memalign                  
000092c5  memccpy                   
00009287  memchr                    
000088c3  memcpy                    
00008ba5  memset                    
20004690  menu                      
20002fc8  menu_items                
20002e9c  menu_items2               
200046b8  min                       
00007129  minit                     
00002559  modify_menu_element       
20004688  num                       
2000468c  num2                      
20004670  number                    
20003354  number_of_sectors         
00007643  open                      
00003afd  open_file                 
20002bc0  pixel_content             
20004654  previous_cluster          
00008c21  printf                    
000089f9  putc                      
00008a7d  putchar                   
00008295  puts                      
0000922f  raise                     
0000903b  rand                      
000040b1  rcvr_datablock            
0000410d  rcvr_spi_m                
0000761f  read                      
00004a2d  read_accelerometer_data   
00002f79  read_csd                  
00003089  read_disk_data            
00002f9d  read_first_sector         
000072e1  realloc                   
00007595  remove                    
000075f7  remove_device             
000075b9  rename                    
2000465c  reserved_sectors          
00002a3d  reset_min_max             
00002731  restore_main_menu         
00002799  restore_previous_menu     
20003358  root_dir_first_cluster    
20004668  row                       
20004674  rows                      
00001a21  screen_write              
00002aa5  sd_read                   
00002d25  sd_startSSI3              
00002a79  sd_write                  
20004660  sectors_per_cluster       
20004650  sectors_per_fat           
00006d6d  send_bit                  
00002aed  send_command              
00004783  send_files_info           
00001c7b  set_Y_position_bottom     
00001cf7  set_Y_position_centre     
00006db3  set_brightness            
000029fd  set_buttons_up_down       
000048cd  set_color_brightness_menu 
000048a5  set_color_menu            
00006dcd  set_delay                 
0000480f  set_init_menu             
00004831  set_main_picture_menu     
00004865  set_paint_menu            
000085b5  setvbuf                   
0000285d  show_menu                 
000090fd  signal                    
00009025  srand                     
00001d73  startSSI0                 
00001e79  startSSI1                 
00001fb7  startSSI2                 
000020f1  startSSI3                 
000092a7  strcat                    
00009311  strchr                    
000092f9  strcmp                    
0000933d  strcpy                    
200032b4  string                    
00009351  strlen                    
00009171  strncpy                   
20004693  subdir                    
00006de3  test_colors               
00009373  time                      
0000452d  to_leds                   
2000467c  total                     
00002eb5  tx_SSI                    
00002e93  tx_high                   
00007595  unlink                    
00007505  write                     


GLOBAL SYMBOLS: SORTED BY Symbol Address 

address   name                      
-------   ----                      
00000000  __TI_static_base__        
00000000  g_pfnVectors              
0000026d  clear_screen              
00000293  lcd_write                 
000002ed  char_write                
00000800  __STACK_SIZE              
00000800  __SYSMEM_SIZE             
00001943  initialize_screen         
000019a3  enable_backlight          
000019af  disable_backlight         
000019bb  clear_columns             
000019e9  fill_screen               
00001a21  screen_write              
00001c7b  set_Y_position_bottom     
00001cf7  set_Y_position_centre     
00001d73  startSSI0                 
00001e79  startSSI1                 
00001fb7  startSSI2                 
000020f1  startSSI3                 
000022c5  get_character_length      
00002559  modify_menu_element       
00002603  delete_menu               
00002661  copy_menu                 
000026c9  backup_main_menu          
00002731  restore_main_menu         
00002799  restore_previous_menu     
00002801  add_menu_element          
0000285d  show_menu                 
000029fd  set_buttons_up_down       
00002a3d  reset_min_max             
00002a79  sd_write                  
00002aa5  sd_read                   
00002ac3  is_ready                  
00002aed  send_command              
00002b95  initialise_sd             
00002d25  sd_startSSI3              
00002e1d  dummy_clock               
00002e5f  get_first_cluster         
00002e75  get_root_dir_first_cluster
00002e7b  cs_high                   
00002e87  cs_low                    
00002e93  tx_high                   
00002eb5  tx_SSI                    
00002ed5  change_speed              
00002f79  read_csd                  
00002f9d  read_first_sector         
00003089  read_disk_data            
000031c5  list_dirs_and_files       
00003afd  open_file                 
00003eb9  clean_name                
00003f99  get_name                  
00003fdf  is_file_or_dir            
00004005  Timer5_Init               
00004077  Timer5A_Handler           
00004089  disk_timerproc            
000040b1  rcvr_datablock            
0000410d  rcvr_spi_m                
0000411b  get_reserved_sectors      
00004169  filter_by_extension       
0000452d  to_leds                   
000045d1  main                      
00004783  send_files_info           
000047ed  ask_for_bluetooth         
0000480f  set_init_menu             
00004831  set_main_picture_menu     
00004865  set_paint_menu            
000048a5  set_color_menu            
000048cd  set_color_brightness_menu 
00004915  initialize_buttons        
00004969  initialize_I2C            
000049cf  initialize_accelerometer  
00004a2d  read_accelerometer_data   
00004a71  SysTick_Wait              
00004a95  SysTick_Wait50ms          
00004abb  SysTick_Init              
00004ac9  init_buzzer               
00004bf3  map                       
00004c49  GPIOPortB_Handler         
00004cc9  manage_picture_menu       
000053b1  manage_paint_menu         
00005b81  convert_value_to_string   
00006a11  __TI_printfi              
00006d19  init_1wire_pin            
00006d6d  send_bit                  
00006db3  set_brightness            
00006dc7  get_brightness            
00006dcd  set_delay                 
00006ddd  get_delay                 
00006de3  test_colors               
0000708d  clear_ledarray            
00007129  minit                     
000071b7  malloc                    
0000721f  free                      
000072e1  realloc                   
000073ed  memalign                  
000074d1  calloc                    
00007505  write                     
00007595  remove                    
00007595  unlink                    
000075b9  rename                    
000075f7  remove_device             
0000761f  read                      
00007643  open                      
000076f1  lseek                     
00007715  close                     
00007765  add_device                
00007811  HOSTwrite                 
0000785d  HOSTunlink                
00007895  HOSTtime                  
000078cf  HOSTrename                
0000792d  HOSTread                  
00007979  HOSTopen                  
000079cb  HOSTlseek                 
00007a27  HOSTgetenv                
00007a65  HOSTclose                 
00007a9d  HOSTclock                 
00007ae5  __aeabi_uldivmod          
00007da1  __TI_cleanup              
00007dcd  freopen                   
00007df7  fopen                     
00007e9d  __aeabi_dsub              
00007ea7  __aeabi_dadd              
00008053  __aeabi_ddiv              
00008189  fputs                     
00008295  puts                      
000082bd  _Dscale                   
000083cd  __aeabi_dmul              
000084c9  UART_InChar               
000084dd  UART_OutChar              
000084ff  initialise_uart           
000085b5  setvbuf                   
00008691  __TI_doflush              
000086dd  fflush                    
00008759  _Dnorm                    
00008817  __TI_wrt_ok               
00008879  __TI_rd_ok                
000088c3  __aeabi_memcpy            
000088c3  __aeabi_memcpy4           
000088c3  __aeabi_memcpy8           
000088c3  memcpy                    
00008961  __TI_closefile            
000089c7  fclose                    
000089f9  fputc                     
000089f9  putc                      
00008a7d  putchar                   
00008a91  __aeabi_cdcmpeq           
00008a91  __aeabi_cdcmple           
00008b17  __aeabi_cdrcmple          
00008b9d  __aeabi_memclr            
00008b9d  __aeabi_memclr4           
00008b9d  __aeabi_memclr8           
00008b9f  __aeabi_memset            
00008b9f  __aeabi_memset4           
00008b9f  __aeabi_memset8           
00008ba5  memset                    
00008c21  printf                    
00008c89  __TI_auto_init            
00008d61  __TI_writemsg             
00008d8f  C$$IO$$                   
00008d93  __TI_readmsg              
00008dc9  _Dunscale                 
00008e31  fseek                     
00008e95  ltoa                      
00008eeb  ldexp                     
00008f3d  _c_int00                  
00008f8d  atoi                      
00008fd9  copy_in                   
00009025  srand                     
0000903b  rand                      
00009071  __aeabi_d2iz              
000090b9  C$$EXIT                   
000090bd  abort                     
000090c5  exit                      
000090fd  signal                    
0000913d  feraiseexcept             
00009171  strncpy                   
000091a1  _Dclass                   
000091d1  _Feraise                  
00009201  __aeabi_i2d               
0000922f  raise                     
0000925d  frexp                     
00009287  memchr                    
000092a7  strcat                    
000092c5  memccpy                   
000092e1  _args_main                
000092f9  strcmp                    
00009311  strchr                    
00009329  _register_unlock          
0000932f  _register_lock            
00009337  _nop                      
0000933d  strcpy                    
00009351  strlen                    
00009365  __TI_decompress_none      
00009373  time                      
00009381  __TI_zero_init            
0000938d  ResetISR                  
00009399  __TI_decompress_rle24     
0000939f  _system_pre_init          
000093a2  _ctypes_                  
000095bc  __TI_Handler_Table_Base   
000095c8  __TI_Handler_Table_Limit  
000095d0  __TI_CINIT_Base           
000095e0  __TI_CINIT_Limit          
20000000  file_dir                  
20002bc0  pixel_content             
20002d70  main_menu_items           
20002e9c  menu_items2               
20002fc8  menu_items                
200030f4  __CIOBUF_                 
20003214  __TI_tmpnams              
200032b4  string                    
2000333c  BrightLimit               
20003340  cluster_begin_lba         
20003344  fat_begin_lba             
20003348  lba_addr                  
2000334c  lba_begin_address         
20003350  lightwand_delay           
20003354  number_of_sectors         
20003358  root_dir_first_cluster    
2000335c  Timer1                    
2000335d  Timer2                    
2000335e  lightwand_brightness      
20003360  __stack                   
20003560  __STACK_TOP               
20003b60  __STACK_END               
20003b60  _sys_memory               
20004360  _ftable                   
200045d0  _Denorm                   
200045e0  _Eps                      
200045f0  _Hugeval                  
20004600  _Inf                      
20004610  _Nan                      
20004620  _Snan                     
20004630  _Rteps                    
20004640  _Xbig                     
20004648  _Zero                     
20004650  sectors_per_fat           
20004654  previous_cluster          
20004658  cluster_dir               
2000465c  reserved_sectors          
20004660  sectors_per_cluster       
20004661  fd_count                  
20004662  current_count             
20004663  finish                    
20004664  first_file                
20004668  row                       
2000466c  column                    
20004670  number                    
20004674  rows                      
20004678  columns                   
2000467c  total                     
20004680  current                   
20004684  l                         
20004688  num                       
2000468c  num2                      
20004690  menu                      
20004691  backlight                 
20004692  buzzer                    
20004693  subdir                    
20004694  max_menu_items            
20004695  file_pos                  
20004698  bright                    
2000469c  delay                     
200046a0  current_position          
200046a4  __TI_ft_end               
200046a8  __aeabi_stdin             
200046ac  __aeabi_stdout            
200046b0  __aeabi_stderr            
200046b4  first                     
200046b5  cp                        
200046b6  item_num                  
200046b8  min                       
200046bc  max                       
200046cc  _lock                     
200046d0  _unlock                   
200046d4  __TI_cleanup_ptr          
200046d8  __TI_dtors_ptr            
200046dc  _Fenv                     
200046e0  _Tls_setup__Fenv          
200046e4  _Errno                    
200046f0  main_func_sp              
ffffffff  __binit__                 
ffffffff  __c_args__                
ffffffff  binit                     
UNDEFED   SHT$$INIT_ARRAY$$Base     
UNDEFED   SHT$$INIT_ARRAY$$Limit    

[286 symbols]
