<?xml version="1.0" encoding="ISO-8859-1" ?>
<link_info>
   <banner>TI ARM Linker Unix v18.12.3.LTS</banner>
   <copyright>Copyright (c) 1996-2018 Texas Instruments Incorporated</copyright>
   <link_time>0x5f1753ad</link_time>
   <link_errors>0x0</link_errors>
   <output_file>lightwand_texas_edition.out</output_file>
   <entry_point>
      <name>_c_int00_noargs</name>
      <address>0x85dd</address>
   </entry_point>
   <input_file_list>
      <input_file id="fl-1">
         <path>./</path>
         <kind>object</kind>
         <file>1wire.obj</file>
         <name>1wire.obj</name>
      </input_file>
      <input_file id="fl-2">
         <path>./</path>
         <kind>object</kind>
         <file>Nokia5110.obj</file>
         <name>Nokia5110.obj</name>
      </input_file>
      <input_file id="fl-3">
         <path>./</path>
         <kind>object</kind>
         <file>main.obj</file>
         <name>main.obj</name>
      </input_file>
      <input_file id="fl-4">
         <path>./</path>
         <kind>object</kind>
         <file>sdcard.obj</file>
         <name>sdcard.obj</name>
      </input_file>
      <input_file id="fl-5">
         <path>./</path>
         <kind>object</kind>
         <file>tm4c123gh6pm_startup_ccs.obj</file>
         <name>tm4c123gh6pm_startup_ccs.obj</name>
      </input_file>
      <input_file id="fl-6">
         <path>./</path>
         <kind>object</kind>
         <file>uart.obj</file>
         <name>uart.obj</name>
      </input_file>
      <input_file id="fl-b">
         <kind>object</kind>
         <file>&lt;internal&gt;</file>
         <name>&lt;internal&gt;</name>
      </input_file>
      <input_file id="fl-c1">
         <path>/Applications/ti/ccs920/ccs/tools/compiler/ti-cgt-arm_18.12.3.LTS/lib/</path>
         <kind>archive</kind>
         <file>rtsv7M4_T_le_v4SPD16_eabi.lib</file>
         <name>printf.c.obj</name>
      </input_file>
      <input_file id="fl-c2">
         <path>/Applications/ti/ccs920/ccs/tools/compiler/ti-cgt-arm_18.12.3.LTS/lib/</path>
         <kind>archive</kind>
         <file>rtsv7M4_T_le_v4SPD16_eabi.lib</file>
         <name>_printfi.c.obj</name>
      </input_file>
      <input_file id="fl-c3">
         <path>/Applications/ti/ccs920/ccs/tools/compiler/ti-cgt-arm_18.12.3.LTS/lib/</path>
         <kind>archive</kind>
         <file>rtsv7M4_T_le_v4SPD16_eabi.lib</file>
         <name>sprintf.c.obj</name>
      </input_file>
      <input_file id="fl-c4">
         <path>/Applications/ti/ccs920/ccs/tools/compiler/ti-cgt-arm_18.12.3.LTS/lib/</path>
         <kind>archive</kind>
         <file>rtsv7M4_T_le_v4SPD16_eabi.lib</file>
         <name>fputc.c.obj</name>
      </input_file>
      <input_file id="fl-c5">
         <path>/Applications/ti/ccs920/ccs/tools/compiler/ti-cgt-arm_18.12.3.LTS/lib/</path>
         <kind>archive</kind>
         <file>rtsv7M4_T_le_v4SPD16_eabi.lib</file>
         <name>fputs.c.obj</name>
      </input_file>
      <input_file id="fl-c6">
         <path>/Applications/ti/ccs920/ccs/tools/compiler/ti-cgt-arm_18.12.3.LTS/lib/</path>
         <kind>archive</kind>
         <file>rtsv7M4_T_le_v4SPD16_eabi.lib</file>
         <name>_io_perm.c.obj</name>
      </input_file>
      <input_file id="fl-c7">
         <path>/Applications/ti/ccs920/ccs/tools/compiler/ti-cgt-arm_18.12.3.LTS/lib/</path>
         <kind>archive</kind>
         <file>rtsv7M4_T_le_v4SPD16_eabi.lib</file>
         <name>setvbuf.c.obj</name>
      </input_file>
      <input_file id="fl-c8">
         <path>/Applications/ti/ccs920/ccs/tools/compiler/ti-cgt-arm_18.12.3.LTS/lib/</path>
         <kind>archive</kind>
         <file>rtsv7M4_T_le_v4SPD16_eabi.lib</file>
         <name>wcslen.c.obj</name>
      </input_file>
      <input_file id="fl-c9">
         <path>/Applications/ti/ccs920/ccs/tools/compiler/ti-cgt-arm_18.12.3.LTS/lib/</path>
         <kind>archive</kind>
         <file>rtsv7M4_T_le_v4SPD16_eabi.lib</file>
         <name>ull_div_t2.asm.obj</name>
      </input_file>
      <input_file id="fl-ca">
         <path>/Applications/ti/ccs920/ccs/tools/compiler/ti-cgt-arm_18.12.3.LTS/lib/</path>
         <kind>archive</kind>
         <file>rtsv7M4_T_le_v4SPD16_eabi.lib</file>
         <name>memset_t2.asm.obj</name>
      </input_file>
      <input_file id="fl-cb">
         <path>/Applications/ti/ccs920/ccs/tools/compiler/ti-cgt-arm_18.12.3.LTS/lib/</path>
         <kind>archive</kind>
         <file>rtsv7M4_T_le_v4SPD16_eabi.lib</file>
         <name>fd_add_t2.asm.obj</name>
      </input_file>
      <input_file id="fl-cc">
         <path>/Applications/ti/ccs920/ccs/tools/compiler/ti-cgt-arm_18.12.3.LTS/lib/</path>
         <kind>archive</kind>
         <file>rtsv7M4_T_le_v4SPD16_eabi.lib</file>
         <name>fd_cmp_t2.asm.obj</name>
      </input_file>
      <input_file id="fl-cd">
         <path>/Applications/ti/ccs920/ccs/tools/compiler/ti-cgt-arm_18.12.3.LTS/lib/</path>
         <kind>archive</kind>
         <file>rtsv7M4_T_le_v4SPD16_eabi.lib</file>
         <name>fd_div_t2.asm.obj</name>
      </input_file>
      <input_file id="fl-ce">
         <path>/Applications/ti/ccs920/ccs/tools/compiler/ti-cgt-arm_18.12.3.LTS/lib/</path>
         <kind>archive</kind>
         <file>rtsv7M4_T_le_v4SPD16_eabi.lib</file>
         <name>fd_mul_t2.asm.obj</name>
      </input_file>
      <input_file id="fl-cf">
         <path>/Applications/ti/ccs920/ccs/tools/compiler/ti-cgt-arm_18.12.3.LTS/lib/</path>
         <kind>archive</kind>
         <file>rtsv7M4_T_le_v4SPD16_eabi.lib</file>
         <name>fd_toi_t2.asm.obj</name>
      </input_file>
      <input_file id="fl-d0">
         <path>/Applications/ti/ccs920/ccs/tools/compiler/ti-cgt-arm_18.12.3.LTS/lib/</path>
         <kind>archive</kind>
         <file>rtsv7M4_T_le_v4SPD16_eabi.lib</file>
         <name>i_tofd_t2.asm.obj</name>
      </input_file>
      <input_file id="fl-d1">
         <path>/Applications/ti/ccs920/ccs/tools/compiler/ti-cgt-arm_18.12.3.LTS/lib/</path>
         <kind>archive</kind>
         <file>rtsv7M4_T_le_v4SPD16_eabi.lib</file>
         <name>memcpy_t2.asm.obj</name>
      </input_file>
      <input_file id="fl-d2">
         <path>/Applications/ti/ccs920/ccs/tools/compiler/ti-cgt-arm_18.12.3.LTS/lib/</path>
         <kind>archive</kind>
         <file>rtsv7M4_T_le_v4SPD16_eabi.lib</file>
         <name>copy_zero_init.c.obj</name>
      </input_file>
      <input_file id="fl-d3">
         <path>/Applications/ti/ccs920/ccs/tools/compiler/ti-cgt-arm_18.12.3.LTS/lib/</path>
         <kind>archive</kind>
         <file>rtsv7M4_T_le_v4SPD16_eabi.lib</file>
         <name>copy_decompress_none.c.obj</name>
      </input_file>
      <input_file id="fl-d4">
         <path>/Applications/ti/ccs920/ccs/tools/compiler/ti-cgt-arm_18.12.3.LTS/lib/</path>
         <kind>archive</kind>
         <file>rtsv7M4_T_le_v4SPD16_eabi.lib</file>
         <name>copy_decompress_lzss.c.obj</name>
      </input_file>
      <input_file id="fl-d5">
         <path>/Applications/ti/ccs920/ccs/tools/compiler/ti-cgt-arm_18.12.3.LTS/lib/</path>
         <kind>archive</kind>
         <file>rtsv7M4_T_le_v4SPD16_eabi.lib</file>
         <name>exit.c.obj</name>
      </input_file>
      <input_file id="fl-d6">
         <path>/Applications/ti/ccs920/ccs/tools/compiler/ti-cgt-arm_18.12.3.LTS/lib/</path>
         <kind>archive</kind>
         <file>rtsv7M4_T_le_v4SPD16_eabi.lib</file>
         <name>_lock.c.obj</name>
      </input_file>
      <input_file id="fl-d7">
         <path>/Applications/ti/ccs920/ccs/tools/compiler/ti-cgt-arm_18.12.3.LTS/lib/</path>
         <kind>archive</kind>
         <file>rtsv7M4_T_le_v4SPD16_eabi.lib</file>
         <name>atoi.c.obj</name>
      </input_file>
      <input_file id="fl-d8">
         <path>/Applications/ti/ccs920/ccs/tools/compiler/ti-cgt-arm_18.12.3.LTS/lib/</path>
         <kind>archive</kind>
         <file>rtsv7M4_T_le_v4SPD16_eabi.lib</file>
         <name>ctype.c.obj</name>
      </input_file>
      <input_file id="fl-d9">
         <path>/Applications/ti/ccs920/ccs/tools/compiler/ti-cgt-arm_18.12.3.LTS/lib/</path>
         <kind>archive</kind>
         <file>rtsv7M4_T_le_v4SPD16_eabi.lib</file>
         <name>defs.c.obj</name>
      </input_file>
      <input_file id="fl-da">
         <path>/Applications/ti/ccs920/ccs/tools/compiler/ti-cgt-arm_18.12.3.LTS/lib/</path>
         <kind>archive</kind>
         <file>rtsv7M4_T_le_v4SPD16_eabi.lib</file>
         <name>ltoa.c.obj</name>
      </input_file>
      <input_file id="fl-db">
         <path>/Applications/ti/ccs920/ccs/tools/compiler/ti-cgt-arm_18.12.3.LTS/lib/</path>
         <kind>archive</kind>
         <file>rtsv7M4_T_le_v4SPD16_eabi.lib</file>
         <name>memccpy.c.obj</name>
      </input_file>
      <input_file id="fl-dc">
         <path>/Applications/ti/ccs920/ccs/tools/compiler/ti-cgt-arm_18.12.3.LTS/lib/</path>
         <kind>archive</kind>
         <file>rtsv7M4_T_le_v4SPD16_eabi.lib</file>
         <name>memchr.c.obj</name>
      </input_file>
      <input_file id="fl-dd">
         <path>/Applications/ti/ccs920/ccs/tools/compiler/ti-cgt-arm_18.12.3.LTS/lib/</path>
         <kind>archive</kind>
         <file>rtsv7M4_T_le_v4SPD16_eabi.lib</file>
         <name>memory.c.obj</name>
      </input_file>
      <input_file id="fl-de">
         <path>/Applications/ti/ccs920/ccs/tools/compiler/ti-cgt-arm_18.12.3.LTS/lib/</path>
         <kind>archive</kind>
         <file>rtsv7M4_T_le_v4SPD16_eabi.lib</file>
         <name>rand.c.obj</name>
      </input_file>
      <input_file id="fl-df">
         <path>/Applications/ti/ccs920/ccs/tools/compiler/ti-cgt-arm_18.12.3.LTS/lib/</path>
         <kind>archive</kind>
         <file>rtsv7M4_T_le_v4SPD16_eabi.lib</file>
         <name>strchr.c.obj</name>
      </input_file>
      <input_file id="fl-e0">
         <path>/Applications/ti/ccs920/ccs/tools/compiler/ti-cgt-arm_18.12.3.LTS/lib/</path>
         <kind>archive</kind>
         <file>rtsv7M4_T_le_v4SPD16_eabi.lib</file>
         <name>strlen.c.obj</name>
      </input_file>
      <input_file id="fl-e1">
         <path>/Applications/ti/ccs920/ccs/tools/compiler/ti-cgt-arm_18.12.3.LTS/lib/</path>
         <kind>archive</kind>
         <file>rtsv7M4_T_le_v4SPD16_eabi.lib</file>
         <name>errno.c.obj</name>
      </input_file>
      <input_file id="fl-e2">
         <path>/Applications/ti/ccs920/ccs/tools/compiler/ti-cgt-arm_18.12.3.LTS/lib/</path>
         <kind>archive</kind>
         <file>rtsv7M4_T_le_v4SPD16_eabi.lib</file>
         <name>write.c.obj</name>
      </input_file>
      <input_file id="fl-e3">
         <path>/Applications/ti/ccs920/ccs/tools/compiler/ti-cgt-arm_18.12.3.LTS/lib/</path>
         <kind>archive</kind>
         <file>rtsv7M4_T_le_v4SPD16_eabi.lib</file>
         <name>host_device.c.obj</name>
      </input_file>
      <input_file id="fl-e4">
         <path>/Applications/ti/ccs920/ccs/tools/compiler/ti-cgt-arm_18.12.3.LTS/lib/</path>
         <kind>archive</kind>
         <file>rtsv7M4_T_le_v4SPD16_eabi.lib</file>
         <name>time.c.obj</name>
      </input_file>
      <input_file id="fl-e5">
         <path>/Applications/ti/ccs920/ccs/tools/compiler/ti-cgt-arm_18.12.3.LTS/lib/</path>
         <kind>archive</kind>
         <file>rtsv7M4_T_le_v4SPD16_eabi.lib</file>
         <name>boot_cortex_m.c.obj</name>
      </input_file>
      <input_file id="fl-e6">
         <path>/Applications/ti/ccs920/ccs/tools/compiler/ti-cgt-arm_18.12.3.LTS/lib/</path>
         <kind>archive</kind>
         <file>rtsv7M4_T_le_v4SPD16_eabi.lib</file>
         <name>s_frexp.c.obj</name>
      </input_file>
      <input_file id="fl-e7">
         <path>/Applications/ti/ccs920/ccs/tools/compiler/ti-cgt-arm_18.12.3.LTS/lib/</path>
         <kind>archive</kind>
         <file>rtsv7M4_T_le_v4SPD16_eabi.lib</file>
         <name>s_scalbn.c.obj</name>
      </input_file>
      <input_file id="fl-e8">
         <path>/Applications/ti/ccs920/ccs/tools/compiler/ti-cgt-arm_18.12.3.LTS/lib/</path>
         <kind>archive</kind>
         <file>rtsv7M4_T_le_v4SPD16_eabi.lib</file>
         <name>fflush.c.obj</name>
      </input_file>
      <input_file id="fl-e9">
         <path>/Applications/ti/ccs920/ccs/tools/compiler/ti-cgt-arm_18.12.3.LTS/lib/</path>
         <kind>archive</kind>
         <file>rtsv7M4_T_le_v4SPD16_eabi.lib</file>
         <name>fopen.c.obj</name>
      </input_file>
      <input_file id="fl-ea">
         <path>/Applications/ti/ccs920/ccs/tools/compiler/ti-cgt-arm_18.12.3.LTS/lib/</path>
         <kind>archive</kind>
         <file>rtsv7M4_T_le_v4SPD16_eabi.lib</file>
         <name>fseek.c.obj</name>
      </input_file>
      <input_file id="fl-eb">
         <path>/Applications/ti/ccs920/ccs/tools/compiler/ti-cgt-arm_18.12.3.LTS/lib/</path>
         <kind>archive</kind>
         <file>rtsv7M4_T_le_v4SPD16_eabi.lib</file>
         <name>div0.asm.obj</name>
      </input_file>
      <input_file id="fl-ec">
         <path>/Applications/ti/ccs920/ccs/tools/compiler/ti-cgt-arm_18.12.3.LTS/lib/</path>
         <kind>archive</kind>
         <file>rtsv7M4_T_le_v4SPD16_eabi.lib</file>
         <name>autoinit.c.obj</name>
      </input_file>
      <input_file id="fl-ed">
         <path>/Applications/ti/ccs920/ccs/tools/compiler/ti-cgt-arm_18.12.3.LTS/lib/</path>
         <kind>archive</kind>
         <file>rtsv7M4_T_le_v4SPD16_eabi.lib</file>
         <name>pre_init.c.obj</name>
      </input_file>
      <input_file id="fl-ee">
         <path>/Applications/ti/ccs920/ccs/tools/compiler/ti-cgt-arm_18.12.3.LTS/lib/</path>
         <kind>archive</kind>
         <file>rtsv7M4_T_le_v4SPD16_eabi.lib</file>
         <name>cpy_tbl.c.obj</name>
      </input_file>
      <input_file id="fl-ef">
         <path>/Applications/ti/ccs920/ccs/tools/compiler/ti-cgt-arm_18.12.3.LTS/lib/</path>
         <kind>archive</kind>
         <file>rtsv7M4_T_le_v4SPD16_eabi.lib</file>
         <name>args_main.c.obj</name>
      </input_file>
      <input_file id="fl-f0">
         <path>/Applications/ti/ccs920/ccs/tools/compiler/ti-cgt-arm_18.12.3.LTS/lib/</path>
         <kind>archive</kind>
         <file>rtsv7M4_T_le_v4SPD16_eabi.lib</file>
         <name>hostclose.c.obj</name>
      </input_file>
      <input_file id="fl-f1">
         <path>/Applications/ti/ccs920/ccs/tools/compiler/ti-cgt-arm_18.12.3.LTS/lib/</path>
         <kind>archive</kind>
         <file>rtsv7M4_T_le_v4SPD16_eabi.lib</file>
         <name>hostlseek.c.obj</name>
      </input_file>
      <input_file id="fl-f2">
         <path>/Applications/ti/ccs920/ccs/tools/compiler/ti-cgt-arm_18.12.3.LTS/lib/</path>
         <kind>archive</kind>
         <file>rtsv7M4_T_le_v4SPD16_eabi.lib</file>
         <name>hostopen.c.obj</name>
      </input_file>
      <input_file id="fl-f3">
         <path>/Applications/ti/ccs920/ccs/tools/compiler/ti-cgt-arm_18.12.3.LTS/lib/</path>
         <kind>archive</kind>
         <file>rtsv7M4_T_le_v4SPD16_eabi.lib</file>
         <name>hostread.c.obj</name>
      </input_file>
      <input_file id="fl-f4">
         <path>/Applications/ti/ccs920/ccs/tools/compiler/ti-cgt-arm_18.12.3.LTS/lib/</path>
         <kind>archive</kind>
         <file>rtsv7M4_T_le_v4SPD16_eabi.lib</file>
         <name>hostrename.c.obj</name>
      </input_file>
      <input_file id="fl-f5">
         <path>/Applications/ti/ccs920/ccs/tools/compiler/ti-cgt-arm_18.12.3.LTS/lib/</path>
         <kind>archive</kind>
         <file>rtsv7M4_T_le_v4SPD16_eabi.lib</file>
         <name>hosttime.c.obj</name>
      </input_file>
      <input_file id="fl-f6">
         <path>/Applications/ti/ccs920/ccs/tools/compiler/ti-cgt-arm_18.12.3.LTS/lib/</path>
         <kind>archive</kind>
         <file>rtsv7M4_T_le_v4SPD16_eabi.lib</file>
         <name>hostunlink.c.obj</name>
      </input_file>
      <input_file id="fl-f7">
         <path>/Applications/ti/ccs920/ccs/tools/compiler/ti-cgt-arm_18.12.3.LTS/lib/</path>
         <kind>archive</kind>
         <file>rtsv7M4_T_le_v4SPD16_eabi.lib</file>
         <name>hostwrite.c.obj</name>
      </input_file>
      <input_file id="fl-f8">
         <path>/Applications/ti/ccs920/ccs/tools/compiler/ti-cgt-arm_18.12.3.LTS/lib/</path>
         <kind>archive</kind>
         <file>rtsv7M4_T_le_v4SPD16_eabi.lib</file>
         <name>trgmsg.c.obj</name>
      </input_file>
      <input_file id="fl-f9">
         <path>/Applications/ti/ccs920/ccs/tools/compiler/ti-cgt-arm_18.12.3.LTS/lib/</path>
         <kind>archive</kind>
         <file>rtsv7M4_T_le_v4SPD16_eabi.lib</file>
         <name>open.c.obj</name>
      </input_file>
      <input_file id="fl-fa">
         <path>/Applications/ti/ccs920/ccs/tools/compiler/ti-cgt-arm_18.12.3.LTS/lib/</path>
         <kind>archive</kind>
         <file>rtsv7M4_T_le_v4SPD16_eabi.lib</file>
         <name>lseek.c.obj</name>
      </input_file>
      <input_file id="fl-fb">
         <path>/Applications/ti/ccs920/ccs/tools/compiler/ti-cgt-arm_18.12.3.LTS/lib/</path>
         <kind>archive</kind>
         <file>rtsv7M4_T_le_v4SPD16_eabi.lib</file>
         <name>s_copysign.c.obj</name>
      </input_file>
      <input_file id="fl-fc">
         <path>/Applications/ti/ccs920/ccs/tools/compiler/ti-cgt-arm_18.12.3.LTS/lib/</path>
         <kind>archive</kind>
         <file>rtsv7M4_T_le_v4SPD16_eabi.lib</file>
         <name>fclose.c.obj</name>
      </input_file>
      <input_file id="fl-fd">
         <path>/Applications/ti/ccs920/ccs/tools/compiler/ti-cgt-arm_18.12.3.LTS/lib/</path>
         <kind>archive</kind>
         <file>rtsv7M4_T_le_v4SPD16_eabi.lib</file>
         <name>getdevice.c.obj</name>
      </input_file>
      <input_file id="fl-fe">
         <path>/Applications/ti/ccs920/ccs/tools/compiler/ti-cgt-arm_18.12.3.LTS/lib/</path>
         <kind>archive</kind>
         <file>rtsv7M4_T_le_v4SPD16_eabi.lib</file>
         <name>strcmp.c.obj</name>
      </input_file>
      <input_file id="fl-ff">
         <path>/Applications/ti/ccs920/ccs/tools/compiler/ti-cgt-arm_18.12.3.LTS/lib/</path>
         <kind>archive</kind>
         <file>rtsv7M4_T_le_v4SPD16_eabi.lib</file>
         <name>strcpy.c.obj</name>
      </input_file>
      <input_file id="fl-100">
         <path>/Applications/ti/ccs920/ccs/tools/compiler/ti-cgt-arm_18.12.3.LTS/lib/</path>
         <kind>archive</kind>
         <file>rtsv7M4_T_le_v4SPD16_eabi.lib</file>
         <name>strncpy.c.obj</name>
      </input_file>
      <input_file id="fl-101">
         <path>/Applications/ti/ccs920/ccs/tools/compiler/ti-cgt-arm_18.12.3.LTS/lib/</path>
         <kind>archive</kind>
         <file>rtsv7M4_T_le_v4SPD16_eabi.lib</file>
         <name>remove.c.obj</name>
      </input_file>
      <input_file id="fl-102">
         <path>/Applications/ti/ccs920/ccs/tools/compiler/ti-cgt-arm_18.12.3.LTS/lib/</path>
         <kind>archive</kind>
         <file>rtsv7M4_T_le_v4SPD16_eabi.lib</file>
         <name>close.c.obj</name>
      </input_file>
      <input_file id="fl-103">
         <path>/Applications/ti/ccs920/ccs/tools/compiler/ti-cgt-arm_18.12.3.LTS/lib/</path>
         <kind>archive</kind>
         <file>rtsv7M4_T_le_v4SPD16_eabi.lib</file>
         <name>unlink.c.obj</name>
      </input_file>
      <input_file id="fl-104">
         <path>/Users/javiermartinez/TivaWare/driverlib/ccs/Debug/</path>
         <kind>archive</kind>
         <file>driverlib.lib</file>
         <name>interrupt.obj</name>
      </input_file>
      <input_file id="fl-105">
         <path>/Users/javiermartinez/TivaWare/driverlib/ccs/Debug/</path>
         <kind>archive</kind>
         <file>driverlib.lib</file>
         <name>cpu.obj</name>
      </input_file>
   </input_file_list>
   <object_component_list>
      <object_component id="oc-f">
         <name>.intvecs</name>
         <load_address>0x0</load_address>
         <run_address>0x0</run_address>
         <size>0x26c</size>
         <input_file_ref idref="fl-5"/>
      </object_component>
      <object_component id="oc-7e">
         <name>.text</name>
         <load_address>0x26c</load_address>
         <run_address>0x26c</run_address>
         <size>0x2540</size>
         <input_file_ref idref="fl-2"/>
      </object_component>
      <object_component id="oc-84">
         <name>.text</name>
         <load_address>0x27ac</load_address>
         <run_address>0x27ac</run_address>
         <size>0x1ad0</size>
         <input_file_ref idref="fl-4"/>
      </object_component>
      <object_component id="oc-2d">
         <name>.text</name>
         <load_address>0x427c</load_address>
         <run_address>0x427c</run_address>
         <size>0x164c</size>
         <input_file_ref idref="fl-3"/>
      </object_component>
      <object_component id="oc-13e">
         <name>.text:__TI_printfi</name>
         <load_address>0x58c8</load_address>
         <run_address>0x58c8</run_address>
         <size>0xa4e</size>
         <input_file_ref idref="fl-c2"/>
      </object_component>
      <object_component id="oc-263">
         <name>.text:_nop</name>
         <load_address>0x6316</load_address>
         <run_address>0x6316</run_address>
         <size>0x2</size>
         <input_file_ref idref="fl-d6"/>
      </object_component>
      <object_component id="oc-78">
         <name>.text</name>
         <load_address>0x6318</load_address>
         <run_address>0x6318</run_address>
         <size>0x408</size>
         <input_file_ref idref="fl-1"/>
      </object_component>
      <object_component id="oc-219">
         <name>.text:_pconv_a</name>
         <load_address>0x6720</load_address>
         <run_address>0x6720</run_address>
         <size>0x270</size>
         <input_file_ref idref="fl-c2"/>
      </object_component>
      <object_component id="oc-207">
         <name>.text:_pconv_g</name>
         <load_address>0x6990</load_address>
         <run_address>0x6990</run_address>
         <size>0x1d0</size>
         <input_file_ref idref="fl-c2"/>
      </object_component>
      <object_component id="oc-2d4">
         <name>.text</name>
         <load_address>0x6b60</load_address>
         <run_address>0x6b60</run_address>
         <size>0x1b6</size>
         <input_file_ref idref="fl-cb"/>
      </object_component>
      <object_component id="oc-372">
         <name>.text</name>
         <load_address>0x6d16</load_address>
         <run_address>0x6d16</run_address>
         <size>0x2</size>
         <input_file_ref idref="fl-eb"/>
      </object_component>
      <object_component id="oc-213">
         <name>.text:_pconv_e</name>
         <load_address>0x6d18</load_address>
         <run_address>0x6d18</run_address>
         <size>0x13c</size>
         <input_file_ref idref="fl-c2"/>
      </object_component>
      <object_component id="oc-2ba">
         <name>.text</name>
         <load_address>0x6e54</load_address>
         <run_address>0x6e54</run_address>
         <size>0x136</size>
         <input_file_ref idref="fl-cd"/>
      </object_component>
      <object_component id="oc-2e6">
         <name>.text:fcvt</name>
         <load_address>0x6f8c</load_address>
         <run_address>0x6f8c</run_address>
         <size>0x124</size>
         <input_file_ref idref="fl-c2"/>
      </object_component>
      <object_component id="oc-292">
         <name>.text:fputs</name>
         <load_address>0x70b0</load_address>
         <run_address>0x70b0</run_address>
         <size>0x114</size>
         <input_file_ref idref="fl-c5"/>
      </object_component>
      <object_component id="oc-2fa">
         <name>.text:scalbn</name>
         <load_address>0x71c4</load_address>
         <run_address>0x71c4</run_address>
         <size>0x110</size>
         <input_file_ref idref="fl-e7"/>
      </object_component>
      <object_component id="oc-2b5">
         <name>.text</name>
         <load_address>0x72d4</load_address>
         <run_address>0x72d4</run_address>
         <size>0xfc</size>
         <input_file_ref idref="fl-ce"/>
      </object_component>
      <object_component id="oc-42d">
         <name>.text:aligned_alloc</name>
         <load_address>0x73d0</load_address>
         <run_address>0x73d0</run_address>
         <size>0xf4</size>
         <input_file_ref idref="fl-dd"/>
      </object_component>
      <object_component id="oc-8a">
         <name>.text</name>
         <load_address>0x74c4</load_address>
         <run_address>0x74c4</run_address>
         <size>0xec</size>
         <input_file_ref idref="fl-6"/>
      </object_component>
      <object_component id="oc-3eb">
         <name>.text:free</name>
         <load_address>0x75b0</load_address>
         <run_address>0x75b0</run_address>
         <size>0xe8</size>
         <input_file_ref idref="fl-dd"/>
      </object_component>
      <object_component id="oc-3bd">
         <name>.text:setvbuf</name>
         <load_address>0x7698</load_address>
         <run_address>0x7698</run_address>
         <size>0xdc</size>
         <input_file_ref idref="fl-c7"/>
      </object_component>
      <object_component id="oc-1fc">
         <name>.text:_ltostr</name>
         <load_address>0x7774</load_address>
         <run_address>0x7774</run_address>
         <size>0xb1</size>
         <input_file_ref idref="fl-c2"/>
      </object_component>
      <object_component id="oc-41">
         <name>.text</name>
         <load_address>0x7826</load_address>
         <run_address>0x7826</run_address>
         <size>0x9c</size>
         <input_file_ref idref="fl-d1"/>
      </object_component>
      <object_component id="oc-2ae">
         <name>.text</name>
         <load_address>0x78c2</load_address>
         <run_address>0x78c2</run_address>
         <size>0x96</size>
         <input_file_ref idref="fl-c9"/>
      </object_component>
      <object_component id="oc-299">
         <name>.text:fputc</name>
         <load_address>0x7958</load_address>
         <run_address>0x7958</run_address>
         <size>0x8c</size>
         <input_file_ref idref="fl-c4"/>
      </object_component>
      <object_component id="oc-202">
         <name>.text:__aeabi_cdcmple</name>
         <load_address>0x79e4</load_address>
         <run_address>0x79e4</run_address>
         <size>0x86</size>
         <input_file_ref idref="fl-cc"/>
      </object_component>
      <object_component id="oc-2bf">
         <name>.text:__aeabi_cdrcmple</name>
         <load_address>0x7a6a</load_address>
         <run_address>0x7a6a</run_address>
         <size>0x86</size>
         <input_file_ref idref="fl-cc"/>
      </object_component>
      <object_component id="oc-475">
         <name>.text:split</name>
         <load_address>0x7af0</load_address>
         <run_address>0x7af0</run_address>
         <size>0x7c</size>
         <input_file_ref idref="fl-dd"/>
      </object_component>
      <object_component id="oc-d6">
         <name>.text</name>
         <load_address>0x7b6c</load_address>
         <run_address>0x7b6c</run_address>
         <size>0x7a</size>
         <input_file_ref idref="fl-ca"/>
      </object_component>
      <object_component id="oc-434">
         <name>.text:__TI_closefile</name>
         <load_address>0x7be8</load_address>
         <run_address>0x7be8</run_address>
         <size>0x74</size>
         <input_file_ref idref="fl-fc"/>
      </object_component>
      <object_component id="oc-2df">
         <name>.text:_mcpy</name>
         <load_address>0x7c5c</load_address>
         <run_address>0x7c5c</run_address>
         <size>0x6e</size>
         <input_file_ref idref="fl-c2"/>
      </object_component>
      <object_component id="oc-464">
         <name>.text:HOSTrename</name>
         <load_address>0x7ccc</load_address>
         <run_address>0x7ccc</run_address>
         <size>0x6c</size>
         <input_file_ref idref="fl-f4"/>
      </object_component>
      <object_component id="oc-458">
         <name>.text:HOSTlseek</name>
         <load_address>0x7d38</load_address>
         <run_address>0x7d38</run_address>
         <size>0x68</size>
         <input_file_ref idref="fl-f1"/>
      </object_component>
      <object_component id="oc-12">
         <name>.text:decompress:lzss:__TI_decompress_lzss</name>
         <load_address>0x7da0</load_address>
         <run_address>0x7da0</run_address>
         <size>0x68</size>
         <input_file_ref idref="fl-d4"/>
      </object_component>
      <object_component id="oc-129">
         <name>.text:printf</name>
         <load_address>0x7e08</load_address>
         <run_address>0x7e08</run_address>
         <size>0x68</size>
         <input_file_ref idref="fl-c1"/>
      </object_component>
      <object_component id="oc-2f4">
         <name>.text:frexp</name>
         <load_address>0x7e70</load_address>
         <run_address>0x7e70</run_address>
         <size>0x64</size>
         <input_file_ref idref="fl-e6"/>
      </object_component>
      <object_component id="oc-3b7">
         <name>.text:fseek</name>
         <load_address>0x7ed4</load_address>
         <run_address>0x7ed4</run_address>
         <size>0x64</size>
         <input_file_ref idref="fl-ea"/>
      </object_component>
      <object_component id="oc-34f">
         <name>.text:__TI_wrt_ok</name>
         <load_address>0x7f38</load_address>
         <run_address>0x7f38</run_address>
         <size>0x62</size>
         <input_file_ref idref="fl-c6"/>
      </object_component>
      <object_component id="oc-440">
         <name>.text:HOSTopen</name>
         <load_address>0x7f9c</load_address>
         <run_address>0x7f9c</run_address>
         <size>0x60</size>
         <input_file_ref idref="fl-f2"/>
      </object_component>
      <object_component id="oc-47c">
         <name>.text:close</name>
         <load_address>0x7ffc</load_address>
         <run_address>0x7ffc</run_address>
         <size>0x5c</size>
         <input_file_ref idref="fl-102"/>
      </object_component>
      <object_component id="oc-44c">
         <name>.text:HOSTread</name>
         <load_address>0x8058</load_address>
         <run_address>0x8058</run_address>
         <size>0x58</size>
         <input_file_ref idref="fl-f3"/>
      </object_component>
      <object_component id="oc-452">
         <name>.text:HOSTwrite</name>
         <load_address>0x80b0</load_address>
         <run_address>0x80b0</run_address>
         <size>0x58</size>
         <input_file_ref idref="fl-f7"/>
      </object_component>
      <object_component id="oc-20d">
         <name>.text:_pconv_f</name>
         <load_address>0x8108</load_address>
         <run_address>0x8108</run_address>
         <size>0x56</size>
         <input_file_ref idref="fl-c2"/>
      </object_component>
      <object_component id="oc-2c9">
         <name>.text:ltoa</name>
         <load_address>0x815e</load_address>
         <run_address>0x815e</run_address>
         <size>0x54</size>
         <input_file_ref idref="fl-da"/>
      </object_component>
      <object_component id="oc-2d9">
         <name>.text:_ecpy</name>
         <load_address>0x81b2</load_address>
         <run_address>0x81b2</run_address>
         <size>0x52</size>
         <input_file_ref idref="fl-c2"/>
      </object_component>
      <object_component id="oc-35b">
         <name>.text:__TI_doflush</name>
         <load_address>0x8204</load_address>
         <run_address>0x8204</run_address>
         <size>0x4c</size>
         <input_file_ref idref="fl-e8"/>
      </object_component>
      <object_component id="oc-1f6">
         <name>.text:atoi</name>
         <load_address>0x8250</load_address>
         <run_address>0x8250</run_address>
         <size>0x4c</size>
         <input_file_ref idref="fl-d7"/>
      </object_component>
      <object_component id="oc-163">
         <name>.text:HOSTtime</name>
         <load_address>0x829c</load_address>
         <run_address>0x829c</run_address>
         <size>0x48</size>
         <input_file_ref idref="fl-f5"/>
      </object_component>
      <object_component id="oc-194">
         <name>.text:exit</name>
         <load_address>0x82e4</load_address>
         <run_address>0x82e4</run_address>
         <size>0x48</size>
         <input_file_ref idref="fl-d5"/>
      </object_component>
      <object_component id="oc-2c4">
         <name>.text</name>
         <load_address>0x832c</load_address>
         <run_address>0x832c</run_address>
         <size>0x48</size>
         <input_file_ref idref="fl-cf"/>
      </object_component>
      <object_component id="oc-446">
         <name>.text:HOSTclose</name>
         <load_address>0x8374</load_address>
         <run_address>0x8374</run_address>
         <size>0x44</size>
         <input_file_ref idref="fl-f0"/>
      </object_component>
      <object_component id="oc-45e">
         <name>.text:HOSTunlink</name>
         <load_address>0x83b8</load_address>
         <run_address>0x83b8</run_address>
         <size>0x44</size>
         <input_file_ref idref="fl-f6"/>
      </object_component>
      <object_component id="oc-19a">
         <name>.text:__TI_auto_init_nobinit_nopinit:__TI_auto_init_nobinit_nopinit</name>
         <load_address>0x83fc</load_address>
         <run_address>0x83fc</run_address>
         <size>0x44</size>
         <input_file_ref idref="fl-ec"/>
      </object_component>
      <object_component id="oc-4a5">
         <name>.text:getdevice</name>
         <load_address>0x8440</load_address>
         <run_address>0x8440</run_address>
         <size>0x44</size>
         <input_file_ref idref="fl-fd"/>
      </object_component>
      <object_component id="oc-96">
         <name>.text:sprintf</name>
         <load_address>0x8484</load_address>
         <run_address>0x8484</run_address>
         <size>0x40</size>
         <input_file_ref idref="fl-c3"/>
      </object_component>
      <object_component id="oc-2ec">
         <name>.text:_fcpy</name>
         <load_address>0x84c4</load_address>
         <run_address>0x84c4</run_address>
         <size>0x3e</size>
         <input_file_ref idref="fl-c2"/>
      </object_component>
      <object_component id="oc-247">
         <name>.text:__TI_writemsg</name>
         <load_address>0x8504</load_address>
         <run_address>0x8504</run_address>
         <size>0x38</size>
         <input_file_ref idref="fl-f8"/>
      </object_component>
      <object_component id="oc-4bf">
         <name>.text:strncpy</name>
         <load_address>0x853c</load_address>
         <run_address>0x853c</run_address>
         <size>0x36</size>
         <input_file_ref idref="fl-100"/>
      </object_component>
      <object_component id="oc-3f7">
         <name>.text:__TI_cleanup</name>
         <load_address>0x8574</load_address>
         <run_address>0x8574</run_address>
         <size>0x34</size>
         <input_file_ref idref="fl-e9"/>
      </object_component>
      <object_component id="oc-24d">
         <name>.text:__TI_readmsg</name>
         <load_address>0x85a8</load_address>
         <run_address>0x85a8</run_address>
         <size>0x34</size>
         <input_file_ref idref="fl-f8"/>
      </object_component>
      <object_component id="oc-5f">
         <name>.text:_c_int00_noargs:_c_int00_noargs</name>
         <load_address>0x85dc</load_address>
         <run_address>0x85dc</run_address>
         <size>0x34</size>
         <input_file_ref idref="fl-e5"/>
      </object_component>
      <object_component id="oc-ae">
         <name>.text:rand</name>
         <load_address>0x8610</load_address>
         <run_address>0x8610</run_address>
         <size>0x34</size>
         <input_file_ref idref="fl-de"/>
      </object_component>
      <object_component id="oc-4c5">
         <name>.text:finddevice</name>
         <load_address>0x8644</load_address>
         <run_address>0x8644</run_address>
         <size>0x30</size>
         <input_file_ref idref="fl-fd"/>
      </object_component>
      <object_component id="oc-2cf">
         <name>.text</name>
         <load_address>0x8674</load_address>
         <run_address>0x8674</run_address>
         <size>0x2e</size>
         <input_file_ref idref="fl-d0"/>
      </object_component>
      <object_component id="oc-482">
         <name>.text:unlink</name>
         <load_address>0x86a4</load_address>
         <run_address>0x86a4</run_address>
         <size>0x2c</size>
         <input_file_ref idref="fl-103"/>
      </object_component>
      <object_component id="oc-426">
         <name>.text:free_list_insert</name>
         <load_address>0x86d0</load_address>
         <run_address>0x86d0</run_address>
         <size>0x28</size>
         <input_file_ref idref="fl-dd"/>
      </object_component>
      <object_component id="oc-3e3">
         <name>.text:lseek</name>
         <load_address>0x86f8</load_address>
         <run_address>0x86f8</run_address>
         <size>0x28</size>
         <input_file_ref idref="fl-fa"/>
      </object_component>
      <object_component id="oc-361">
         <name>.text:write</name>
         <load_address>0x8720</load_address>
         <run_address>0x8720</run_address>
         <size>0x28</size>
         <input_file_ref idref="fl-e2"/>
      </object_component>
      <object_component id="oc-a8">
         <name>.text:srand</name>
         <load_address>0x8748</load_address>
         <run_address>0x8748</run_address>
         <size>0x24</size>
         <input_file_ref idref="fl-de"/>
      </object_component>
      <object_component id="oc-355">
         <name>.text:memchr</name>
         <load_address>0x876c</load_address>
         <run_address>0x876c</run_address>
         <size>0x20</size>
         <input_file_ref idref="fl-dc"/>
      </object_component>
      <object_component id="oc-420">
         <name>.text:free_list_remove</name>
         <load_address>0x878c</load_address>
         <run_address>0x878c</run_address>
         <size>0x1c</size>
         <input_file_ref idref="fl-dd"/>
      </object_component>
      <object_component id="oc-21f">
         <name>.text:memccpy</name>
         <load_address>0x87a8</load_address>
         <run_address>0x87a8</run_address>
         <size>0x1c</size>
         <input_file_ref idref="fl-db"/>
      </object_component>
      <object_component id="oc-38b">
         <name>.text:copysign</name>
         <load_address>0x87c4</load_address>
         <run_address>0x87c4</run_address>
         <size>0x1a</size>
         <input_file_ref idref="fl-fb"/>
      </object_component>
      <object_component id="oc-144">
         <name>.text:_outs</name>
         <load_address>0x87de</load_address>
         <run_address>0x87de</run_address>
         <size>0x18</size>
         <input_file_ref idref="fl-c3"/>
      </object_component>
      <object_component id="oc-4d8">
         <name>.text:strcmp</name>
         <load_address>0x87f6</load_address>
         <run_address>0x87f6</run_address>
         <size>0x18</size>
         <input_file_ref idref="fl-fe"/>
      </object_component>
      <object_component id="oc-300">
         <name>.text:strchr</name>
         <load_address>0x880e</load_address>
         <run_address>0x880e</run_address>
         <size>0x16</size>
         <input_file_ref idref="fl-df"/>
      </object_component>
      <object_component id="oc-498">
         <name>.text:strcpy</name>
         <load_address>0x8824</load_address>
         <run_address>0x8824</run_address>
         <size>0x14</size>
         <input_file_ref idref="fl-ff"/>
      </object_component>
      <object_component id="oc-1f0">
         <name>.text:strlen</name>
         <load_address>0x8838</load_address>
         <run_address>0x8838</run_address>
         <size>0x14</size>
         <input_file_ref idref="fl-e0"/>
      </object_component>
      <object_component id="oc-225">
         <name>.text:wcslen</name>
         <load_address>0x884c</load_address>
         <run_address>0x884c</run_address>
         <size>0x12</size>
         <input_file_ref idref="fl-c8"/>
      </object_component>
      <object_component id="oc-9c">
         <name>.text:IntMasterEnable</name>
         <load_address>0x885e</load_address>
         <run_address>0x885e</run_address>
         <size>0x10</size>
         <input_file_ref idref="fl-104"/>
      </object_component>
      <object_component id="oc-a2">
         <name>.text:__time32</name>
         <load_address>0x886e</load_address>
         <run_address>0x886e</run_address>
         <size>0xe</size>
         <input_file_ref idref="fl-e4"/>
      </object_component>
      <object_component id="oc-18">
         <name>.text:decompress:none:__TI_decompress_none</name>
         <load_address>0x887c</load_address>
         <run_address>0x887c</run_address>
         <size>0xe</size>
         <input_file_ref idref="fl-d3"/>
      </object_component>
      <object_component id="oc-157">
         <name>.text:CPUcpsie</name>
         <load_address>0x888a</load_address>
         <run_address>0x888a</run_address>
         <size>0xc</size>
         <input_file_ref idref="fl-105"/>
      </object_component>
      <object_component id="oc-53">
         <name>.text:decompress:ZI:__TI_zero_init</name>
         <load_address>0x8896</load_address>
         <run_address>0x8896</run_address>
         <size>0xc</size>
         <input_file_ref idref="fl-d2"/>
      </object_component>
      <object_component id="oc-27">
         <name>.text</name>
         <load_address>0x88a2</load_address>
         <run_address>0x88a2</run_address>
         <size>0xc</size>
         <input_file_ref idref="fl-5"/>
      </object_component>
      <object_component id="oc-14a">
         <name>.text:_outc</name>
         <load_address>0x88ae</load_address>
         <run_address>0x88ae</run_address>
         <size>0xa</size>
         <input_file_ref idref="fl-c3"/>
      </object_component>
      <object_component id="oc-22b">
         <name>.text:__aeabi_errno_addr</name>
         <load_address>0x88b8</load_address>
         <run_address>0x88b8</run_address>
         <size>0x8</size>
         <input_file_ref idref="fl-e1"/>
      </object_component>
      <object_component id="oc-3f1">
         <name>.text:malloc</name>
         <load_address>0x88c0</load_address>
         <run_address>0x88c0</run_address>
         <size>0x8</size>
         <input_file_ref idref="fl-dd"/>
      </object_component>
      <object_component id="oc-1e8">
         <name>.text:_outc</name>
         <load_address>0x88c8</load_address>
         <run_address>0x88c8</run_address>
         <size>0x4</size>
         <input_file_ref idref="fl-c1"/>
      </object_component>
      <object_component id="oc-1e2">
         <name>.text:_outs</name>
         <load_address>0x88cc</load_address>
         <run_address>0x88cc</run_address>
         <size>0x4</size>
         <input_file_ref idref="fl-c1"/>
      </object_component>
      <object_component id="oc-dc">
         <name>.text:_system_pre_init</name>
         <load_address>0x88d0</load_address>
         <run_address>0x88d0</run_address>
         <size>0x4</size>
         <input_file_ref idref="fl-ed"/>
      </object_component>
      <object_component id="oc-18e">
         <name>.text:abort:abort</name>
         <load_address>0x88d4</load_address>
         <run_address>0x88d4</run_address>
         <size>0x4</size>
         <input_file_ref idref="fl-d5"/>
      </object_component>
      <object_component id="oc-2a9">
         <name>.const:.string:_ctypes_</name>
         <load_address>0x88d8</load_address>
         <run_address>0x88d8</run_address>
         <size>0x101</size>
         <input_file_ref idref="fl-d8"/>
      </object_component>
      <object_component id="oc-100">
         <name>.const:$P$T0$1</name>
         <load_address>0x89d9</load_address>
         <run_address>0x89d9</run_address>
         <size>0x3</size>
         <input_file_ref idref="fl-1"/>
      </object_component>
      <object_component id="oc-510">
         <name>.cinit..data.load</name>
         <load_address>0x89e0</load_address>
         <run_address>0x89e0</run_address>
         <size>0x8f</size>
      </object_component>
      <object_component id="oc-50e">
         <name>__TI_handler_table</name>
         <load_address>0x8a70</load_address>
         <run_address>0x8a70</run_address>
         <size>0xc</size>
      </object_component>
      <object_component id="oc-511">
         <name>.cinit..bss.load</name>
         <load_address>0x8a80</load_address>
         <run_address>0x8a80</run_address>
         <size>0x8</size>
      </object_component>
      <object_component id="oc-50f">
         <name>__TI_cinit_table</name>
         <load_address>0x8a88</load_address>
         <run_address>0x8a88</run_address>
         <size>0x10</size>
      </object_component>
      <object_component id="oc-fa">
         <name>.data</name>
         <load_address>0x20004774</load_address>
         <run_address>0x20004774</run_address>
         <size>0x1</size>
         <input_file_ref idref="fl-1"/>
      </object_component>
      <object_component id="oc-107">
         <name>.data</name>
         <load_address>0x20004750</load_address>
         <run_address>0x20004750</run_address>
         <size>0xc</size>
         <input_file_ref idref="fl-2"/>
      </object_component>
      <object_component id="oc-90">
         <name>.data</name>
         <load_address>0x20004708</load_address>
         <run_address>0x20004708</run_address>
         <size>0x2c</size>
         <input_file_ref idref="fl-3"/>
      </object_component>
      <object_component id="oc-11b">
         <name>.data</name>
         <load_address>0x200046c8</load_address>
         <run_address>0x200046c8</run_address>
         <size>0x40</size>
         <input_file_ref idref="fl-4"/>
      </object_component>
      <object_component id="oc-272">
         <name>.data:$O1$$</name>
         <load_address>0x20004744</load_address>
         <run_address>0x20004744</run_address>
         <size>0xc</size>
         <input_file_ref idref="fl-d5"/>
      </object_component>
      <object_component id="oc-170">
         <name>.data:$O1$$</name>
         <load_address>0x2000475c</load_address>
         <run_address>0x2000475c</run_address>
         <size>0x8</size>
         <input_file_ref idref="fl-d6"/>
      </object_component>
      <object_component id="oc-1df">
         <name>.data:_ftable</name>
         <load_address>0x20004510</load_address>
         <run_address>0x20004510</run_address>
         <size>0xf0</size>
         <input_file_ref idref="fl-d9"/>
      </object_component>
      <object_component id="oc-43a">
         <name>.data</name>
         <load_address>0x20004734</load_address>
         <run_address>0x20004734</run_address>
         <size>0x10</size>
         <input_file_ref idref="fl-d9"/>
      </object_component>
      <object_component id="oc-470">
         <name>.data:$O1$$</name>
         <load_address>0x20004764</load_address>
         <run_address>0x20004764</run_address>
         <size>0x8</size>
         <input_file_ref idref="fl-dd"/>
      </object_component>
      <object_component id="oc-173">
         <name>.data</name>
         <load_address>0x20004770</load_address>
         <run_address>0x20004770</run_address>
         <size>0x4</size>
         <input_file_ref idref="fl-de"/>
      </object_component>
      <object_component id="oc-310">
         <name>.data</name>
         <load_address>0x2000476c</load_address>
         <run_address>0x2000476c</run_address>
         <size>0x4</size>
         <input_file_ref idref="fl-e1"/>
      </object_component>
      <object_component id="oc-40a">
         <name>.data:_device</name>
         <load_address>0x20004600</load_address>
         <run_address>0x20004600</run_address>
         <size>0x78</size>
         <input_file_ref idref="fl-e3"/>
      </object_component>
      <object_component id="oc-3c9">
         <name>.data:_stream</name>
         <load_address>0x20004678</load_address>
         <run_address>0x20004678</run_address>
         <size>0x50</size>
         <input_file_ref idref="fl-e3"/>
      </object_component>
      <object_component id="oc-326">
         <name>.bss:_CIOBUF_</name>
         <uninitialized>true</uninitialized>
         <run_address>0x200032a4</run_address>
         <size>0x120</size>
         <input_file_ref idref="fl-f8"/>
      </object_component>
      <object_component id="oc-fd">
         <name>.common:lightwand_delay</name>
         <uninitialized>true</uninitialized>
         <run_address>0x20003500</run_address>
         <size>0x4</size>
      </object_component>
      <object_component id="oc-10c">
         <name>.common:main_menu_items</name>
         <uninitialized>true</uninitialized>
         <run_address>0x20002f20</run_address>
         <size>0x12c</size>
      </object_component>
      <object_component id="oc-104">
         <name>.common:menu_items</name>
         <uninitialized>true</uninitialized>
         <run_address>0x2000304c</run_address>
         <size>0x12c</size>
      </object_component>
      <object_component id="oc-10a">
         <name>.common:menu_items2</name>
         <uninitialized>true</uninitialized>
         <run_address>0x20003178</run_address>
         <size>0x12c</size>
      </object_component>
      <object_component id="oc-10b">
         <name>.common:string</name>
         <uninitialized>true</uninitialized>
         <run_address>0x20003464</run_address>
         <size>0x80</size>
      </object_component>
      <object_component id="oc-93">
         <name>.common:led_colors</name>
         <uninitialized>true</uninitialized>
         <run_address>0x20002bc0</run_address>
         <size>0x1b0</size>
      </object_component>
      <object_component id="oc-116">
         <name>.common:Timer1</name>
         <uninitialized>true</uninitialized>
         <run_address>0x2000350c</run_address>
         <size>0x1</size>
      </object_component>
      <object_component id="oc-113">
         <name>.common:Timer2</name>
         <uninitialized>true</uninitialized>
         <run_address>0x2000350d</run_address>
         <size>0x1</size>
      </object_component>
      <object_component id="oc-119">
         <name>.common:lba_begin_address</name>
         <uninitialized>true</uninitialized>
         <run_address>0x200034fc</run_address>
         <size>0x4</size>
      </object_component>
      <object_component id="oc-11a">
         <name>.common:number_of_sectors</name>
         <uninitialized>true</uninitialized>
         <run_address>0x20003504</run_address>
         <size>0x4</size>
      </object_component>
      <object_component id="oc-11f">
         <name>.common:lba_addr</name>
         <uninitialized>true</uninitialized>
         <run_address>0x200034f8</run_address>
         <size>0x4</size>
      </object_component>
      <object_component id="oc-120">
         <name>.common:cluster_begin_lba</name>
         <uninitialized>true</uninitialized>
         <run_address>0x200034f0</run_address>
         <size>0x4</size>
      </object_component>
      <object_component id="oc-11e">
         <name>.common:fat_begin_lba</name>
         <uninitialized>true</uninitialized>
         <run_address>0x200034f4</run_address>
         <size>0x4</size>
      </object_component>
      <object_component id="oc-118">
         <name>.common:root_dir_first_cluster</name>
         <uninitialized>true</uninitialized>
         <run_address>0x20003508</run_address>
         <size>0x4</size>
      </object_component>
      <object_component id="oc-121">
         <name>.common:BrightLimit</name>
         <uninitialized>true</uninitialized>
         <run_address>0x200034ec</run_address>
         <size>0x4</size>
      </object_component>
      <object_component id="oc-122">
         <name>.common:pixel_content</name>
         <uninitialized>true</uninitialized>
         <run_address>0x20002d70</run_address>
         <size>0x1b0</size>
      </object_component>
      <object_component id="oc-117">
         <name>.common:file_dir</name>
         <uninitialized>true</uninitialized>
         <run_address>0x20000000</run_address>
         <size>0x2bc0</size>
      </object_component>
      <object_component id="oc-488">
         <name>.common:__TI_tmpnams</name>
         <uninitialized>true</uninitialized>
         <run_address>0x200033c4</run_address>
         <size>0xa0</size>
      </object_component>
      <object_component id="oc-253">
         <name>.common:parmbuf</name>
         <uninitialized>true</uninitialized>
         <run_address>0x200034e4</run_address>
         <size>0x8</size>
      </object_component>
      <object_component id="oc-21">
         <name>.sysmem</name>
         <uninitialized>true</uninitialized>
         <run_address>0x20003d10</run_address>
         <size>0x10</size>
         <input_file_ref idref="fl-dd"/>
      </object_component>
      <object_component id="oc-513">
         <name>.sysmem</name>
         <uninitialized>true</uninitialized>
         <run_address>0x20003d10</run_address>
         <size>0x0</size>
      </object_component>
      <object_component id="oc-24">
         <name>.stack</name>
         <uninitialized>true</uninitialized>
         <run_address>0x20003510</run_address>
         <size>0x4</size>
         <input_file_ref idref="fl-e5"/>
      </object_component>
      <object_component id="oc-512">
         <name>.stack</name>
         <uninitialized>true</uninitialized>
         <run_address>0x20003510</run_address>
         <size>0x0</size>
      </object_component>
      <object_component id="oc-fe">
         <name>.debug_info</name>
         <load_address>0x0</load_address>
         <run_address>0x0</run_address>
         <size>0x334</size>
         <input_file_ref idref="fl-1"/>
      </object_component>
      <object_component id="oc-fb">
         <name>.debug_info</name>
         <load_address>0x334</load_address>
         <run_address>0x334</run_address>
         <size>0xfc</size>
         <input_file_ref idref="fl-1"/>
      </object_component>
      <object_component id="oc-101">
         <name>.debug_info</name>
         <load_address>0x430</load_address>
         <run_address>0x430</run_address>
         <size>0xe1</size>
         <input_file_ref idref="fl-1"/>
      </object_component>
      <object_component id="oc-79">
         <name>.debug_info</name>
         <load_address>0x511</load_address>
         <run_address>0x511</run_address>
         <size>0x540</size>
         <input_file_ref idref="fl-1"/>
      </object_component>
      <object_component id="oc-bc">
         <name>.debug_info</name>
         <load_address>0xa51</load_address>
         <run_address>0xa51</run_address>
         <size>0x26b</size>
         <input_file_ref idref="fl-1"/>
      </object_component>
      <object_component id="oc-3c">
         <name>.debug_info</name>
         <load_address>0xcbc</load_address>
         <run_address>0xcbc</run_address>
         <size>0x84</size>
         <input_file_ref idref="fl-1"/>
      </object_component>
      <object_component id="oc-179">
         <name>.debug_info</name>
         <load_address>0xd40</load_address>
         <run_address>0xd40</run_address>
         <size>0x297</size>
         <input_file_ref idref="fl-1"/>
      </object_component>
      <object_component id="oc-b5">
         <name>.debug_info</name>
         <load_address>0xfd7</load_address>
         <run_address>0xfd7</run_address>
         <size>0xbb</size>
         <input_file_ref idref="fl-1"/>
      </object_component>
      <object_component id="oc-105">
         <name>.debug_info</name>
         <load_address>0x1092</load_address>
         <run_address>0x1092</run_address>
         <size>0x3df</size>
         <input_file_ref idref="fl-2"/>
      </object_component>
      <object_component id="oc-108">
         <name>.debug_info</name>
         <load_address>0x1471</load_address>
         <run_address>0x1471</run_address>
         <size>0x146</size>
         <input_file_ref idref="fl-2"/>
      </object_component>
      <object_component id="oc-7f">
         <name>.debug_info</name>
         <load_address>0x15b7</load_address>
         <run_address>0x15b7</run_address>
         <size>0x367d</size>
         <input_file_ref idref="fl-2"/>
      </object_component>
      <object_component id="oc-134">
         <name>.debug_info</name>
         <load_address>0x4c34</load_address>
         <run_address>0x4c34</run_address>
         <size>0x189</size>
         <input_file_ref idref="fl-2"/>
      </object_component>
      <object_component id="oc-139">
         <name>.debug_info</name>
         <load_address>0x4dbd</load_address>
         <run_address>0x4dbd</run_address>
         <size>0x35</size>
         <input_file_ref idref="fl-2"/>
      </object_component>
      <object_component id="oc-10e">
         <name>.debug_info</name>
         <load_address>0x4df2</load_address>
         <run_address>0x4df2</run_address>
         <size>0x3f</size>
         <input_file_ref idref="fl-2"/>
      </object_component>
      <object_component id="oc-94">
         <name>.debug_info</name>
         <load_address>0x4e31</load_address>
         <run_address>0x4e31</run_address>
         <size>0xab2</size>
         <input_file_ref idref="fl-3"/>
      </object_component>
      <object_component id="oc-91">
         <name>.debug_info</name>
         <load_address>0x58e3</load_address>
         <run_address>0x58e3</run_address>
         <size>0x325</size>
         <input_file_ref idref="fl-3"/>
      </object_component>
      <object_component id="oc-2e">
         <name>.debug_info</name>
         <load_address>0x5c08</load_address>
         <run_address>0x5c08</run_address>
         <size>0x229c</size>
         <input_file_ref idref="fl-3"/>
      </object_component>
      <object_component id="oc-124">
         <name>.debug_info</name>
         <load_address>0x7ea4</load_address>
         <run_address>0x7ea4</run_address>
         <size>0x91</size>
         <input_file_ref idref="fl-3"/>
      </object_component>
      <object_component id="oc-114">
         <name>.debug_info</name>
         <load_address>0x7f35</load_address>
         <run_address>0x7f35</run_address>
         <size>0x654</size>
         <input_file_ref idref="fl-4"/>
      </object_component>
      <object_component id="oc-11c">
         <name>.debug_info</name>
         <load_address>0x8589</load_address>
         <run_address>0x8589</run_address>
         <size>0x347</size>
         <input_file_ref idref="fl-4"/>
      </object_component>
      <object_component id="oc-85">
         <name>.debug_info</name>
         <load_address>0x88d0</load_address>
         <run_address>0x88d0</run_address>
         <size>0x1a79</size>
         <input_file_ref idref="fl-4"/>
      </object_component>
      <object_component id="oc-1d8">
         <name>.debug_info</name>
         <load_address>0xa349</load_address>
         <run_address>0xa349</run_address>
         <size>0x16c</size>
         <input_file_ref idref="fl-4"/>
      </object_component>
      <object_component id="oc-152">
         <name>.debug_info</name>
         <load_address>0xa4b5</load_address>
         <run_address>0xa4b5</run_address>
         <size>0x2c</size>
         <input_file_ref idref="fl-4"/>
      </object_component>
      <object_component id="oc-35">
         <name>.debug_info</name>
         <load_address>0xa4e1</load_address>
         <run_address>0xa4e1</run_address>
         <size>0x314</size>
         <input_file_ref idref="fl-5"/>
      </object_component>
      <object_component id="oc-10">
         <name>.debug_info</name>
         <load_address>0xa7f5</load_address>
         <run_address>0xa7f5</run_address>
         <size>0xff</size>
         <input_file_ref idref="fl-5"/>
      </object_component>
      <object_component id="oc-28">
         <name>.debug_info</name>
         <load_address>0xa8f4</load_address>
         <run_address>0xa8f4</run_address>
         <size>0x27b</size>
         <input_file_ref idref="fl-5"/>
      </object_component>
      <object_component id="oc-8b">
         <name>.debug_info</name>
         <load_address>0xab6f</load_address>
         <run_address>0xab6f</run_address>
         <size>0x1e3</size>
         <input_file_ref idref="fl-6"/>
      </object_component>
      <object_component id="oc-1ef">
         <name>.debug_info</name>
         <load_address>0xad52</load_address>
         <run_address>0xad52</run_address>
         <size>0x3e6</size>
         <input_file_ref idref="fl-c1"/>
      </object_component>
      <object_component id="oc-1e9">
         <name>.debug_info</name>
         <load_address>0xb138</load_address>
         <run_address>0xb138</run_address>
         <size>0x158</size>
         <input_file_ref idref="fl-c1"/>
      </object_component>
      <object_component id="oc-1e3">
         <name>.debug_info</name>
         <load_address>0xb290</load_address>
         <run_address>0xb290</run_address>
         <size>0x167</size>
         <input_file_ref idref="fl-c1"/>
      </object_component>
      <object_component id="oc-12a">
         <name>.debug_info</name>
         <load_address>0xb3f7</load_address>
         <run_address>0xb3f7</run_address>
         <size>0x1ad</size>
         <input_file_ref idref="fl-c1"/>
      </object_component>
      <object_component id="oc-2a2">
         <name>.debug_info</name>
         <load_address>0xb5a4</load_address>
         <run_address>0xb5a4</run_address>
         <size>0xb2</size>
         <input_file_ref idref="fl-c1"/>
      </object_component>
      <object_component id="oc-232">
         <name>.debug_info</name>
         <load_address>0xb656</load_address>
         <run_address>0xb656</run_address>
         <size>0x57c</size>
         <input_file_ref idref="fl-c2"/>
      </object_component>
      <object_component id="oc-1fd">
         <name>.debug_info</name>
         <load_address>0xbbd2</load_address>
         <run_address>0xbbd2</run_address>
         <size>0x21f</size>
         <input_file_ref idref="fl-c2"/>
      </object_component>
      <object_component id="oc-2da">
         <name>.debug_info</name>
         <load_address>0xbdf1</load_address>
         <run_address>0xbdf1</run_address>
         <size>0x1b4</size>
         <input_file_ref idref="fl-c2"/>
      </object_component>
      <object_component id="oc-2e0">
         <name>.debug_info</name>
         <load_address>0xbfa5</load_address>
         <run_address>0xbfa5</run_address>
         <size>0x21c</size>
         <input_file_ref idref="fl-c2"/>
      </object_component>
      <object_component id="oc-208">
         <name>.debug_info</name>
         <load_address>0xc1c1</load_address>
         <run_address>0xc1c1</run_address>
         <size>0x3bc</size>
         <input_file_ref idref="fl-c2"/>
      </object_component>
      <object_component id="oc-2e7">
         <name>.debug_info</name>
         <load_address>0xc57d</load_address>
         <run_address>0xc57d</run_address>
         <size>0x306</size>
         <input_file_ref idref="fl-c2"/>
      </object_component>
      <object_component id="oc-2ed">
         <name>.debug_info</name>
         <load_address>0xc883</load_address>
         <run_address>0xc883</run_address>
         <size>0x216</size>
         <input_file_ref idref="fl-c2"/>
      </object_component>
      <object_component id="oc-20e">
         <name>.debug_info</name>
         <load_address>0xca99</load_address>
         <run_address>0xca99</run_address>
         <size>0x216</size>
         <input_file_ref idref="fl-c2"/>
      </object_component>
      <object_component id="oc-214">
         <name>.debug_info</name>
         <load_address>0xccaf</load_address>
         <run_address>0xccaf</run_address>
         <size>0x305</size>
         <input_file_ref idref="fl-c2"/>
      </object_component>
      <object_component id="oc-21a">
         <name>.debug_info</name>
         <load_address>0xcfb4</load_address>
         <run_address>0xcfb4</run_address>
         <size>0x4b1</size>
         <input_file_ref idref="fl-c2"/>
      </object_component>
      <object_component id="oc-13f">
         <name>.debug_info</name>
         <load_address>0xd465</load_address>
         <run_address>0xd465</run_address>
         <size>0x5f5</size>
         <input_file_ref idref="fl-c2"/>
      </object_component>
      <object_component id="oc-233">
         <name>.debug_info</name>
         <load_address>0xda5a</load_address>
         <run_address>0xda5a</run_address>
         <size>0x86</size>
         <input_file_ref idref="fl-c2"/>
      </object_component>
      <object_component id="oc-31c">
         <name>.debug_info</name>
         <load_address>0xdae0</load_address>
         <run_address>0xdae0</run_address>
         <size>0x39</size>
         <input_file_ref idref="fl-c2"/>
      </object_component>
      <object_component id="oc-3a2">
         <name>.debug_info</name>
         <load_address>0xdb19</load_address>
         <run_address>0xdb19</run_address>
         <size>0xb6</size>
         <input_file_ref idref="fl-c2"/>
      </object_component>
      <object_component id="oc-321">
         <name>.debug_info</name>
         <load_address>0xdbcf</load_address>
         <run_address>0xdbcf</run_address>
         <size>0x46</size>
         <input_file_ref idref="fl-c2"/>
      </object_component>
      <object_component id="oc-238">
         <name>.debug_info</name>
         <load_address>0xdc15</load_address>
         <run_address>0xdc15</run_address>
         <size>0x46</size>
         <input_file_ref idref="fl-c2"/>
      </object_component>
      <object_component id="oc-317">
         <name>.debug_info</name>
         <load_address>0xdc5b</load_address>
         <run_address>0xdc5b</run_address>
         <size>0x2c</size>
         <input_file_ref idref="fl-c2"/>
      </object_component>
      <object_component id="oc-151">
         <name>.debug_info</name>
         <load_address>0xdc87</load_address>
         <run_address>0xdc87</run_address>
         <size>0x334</size>
         <input_file_ref idref="fl-c3"/>
      </object_component>
      <object_component id="oc-97">
         <name>.debug_info</name>
         <load_address>0xdfbb</load_address>
         <run_address>0xdfbb</run_address>
         <size>0x1d2</size>
         <input_file_ref idref="fl-c3"/>
      </object_component>
      <object_component id="oc-145">
         <name>.debug_info</name>
         <load_address>0xe18d</load_address>
         <run_address>0xe18d</run_address>
         <size>0x18e</size>
         <input_file_ref idref="fl-c3"/>
      </object_component>
      <object_component id="oc-14b">
         <name>.debug_info</name>
         <load_address>0xe31b</load_address>
         <run_address>0xe31b</run_address>
         <size>0x16e</size>
         <input_file_ref idref="fl-c3"/>
      </object_component>
      <object_component id="oc-36a">
         <name>.debug_info</name>
         <load_address>0xe489</load_address>
         <run_address>0xe489</run_address>
         <size>0x384</size>
         <input_file_ref idref="fl-c4"/>
      </object_component>
      <object_component id="oc-29a">
         <name>.debug_info</name>
         <load_address>0xe80d</load_address>
         <run_address>0xe80d</run_address>
         <size>0x1eb</size>
         <input_file_ref idref="fl-c4"/>
      </object_component>
      <object_component id="oc-368">
         <name>.debug_info</name>
         <load_address>0xe9f8</load_address>
         <run_address>0xe9f8</run_address>
         <size>0x3fd</size>
         <input_file_ref idref="fl-c5"/>
      </object_component>
      <object_component id="oc-293">
         <name>.debug_info</name>
         <load_address>0xedf5</load_address>
         <run_address>0xedf5</run_address>
         <size>0x2e3</size>
         <input_file_ref idref="fl-c5"/>
      </object_component>
      <object_component id="oc-185">
         <name>.debug_info</name>
         <load_address>0xf0d8</load_address>
         <run_address>0xf0d8</run_address>
         <size>0x2c</size>
         <input_file_ref idref="fl-c5"/>
      </object_component>
      <object_component id="oc-3c4">
         <name>.debug_info</name>
         <load_address>0xf104</load_address>
         <run_address>0xf104</run_address>
         <size>0x301</size>
         <input_file_ref idref="fl-c6"/>
      </object_component>
      <object_component id="oc-350">
         <name>.debug_info</name>
         <load_address>0xf405</load_address>
         <run_address>0xf405</run_address>
         <size>0x19d</size>
         <input_file_ref idref="fl-c6"/>
      </object_component>
      <object_component id="oc-3ff">
         <name>.debug_info</name>
         <load_address>0xf5a2</load_address>
         <run_address>0xf5a2</run_address>
         <size>0xbf</size>
         <input_file_ref idref="fl-c6"/>
      </object_component>
      <object_component id="oc-3fe">
         <name>.debug_info</name>
         <load_address>0xf661</load_address>
         <run_address>0xf661</run_address>
         <size>0x375</size>
         <input_file_ref idref="fl-c7"/>
      </object_component>
      <object_component id="oc-3be">
         <name>.debug_info</name>
         <load_address>0xf9d6</load_address>
         <run_address>0xf9d6</run_address>
         <size>0x20c</size>
         <input_file_ref idref="fl-c7"/>
      </object_component>
      <object_component id="oc-30f">
         <name>.debug_info</name>
         <load_address>0xfbe2</load_address>
         <run_address>0xfbe2</run_address>
         <size>0x290</size>
         <input_file_ref idref="fl-c8"/>
      </object_component>
      <object_component id="oc-226">
         <name>.debug_info</name>
         <load_address>0xfe72</load_address>
         <run_address>0xfe72</run_address>
         <size>0x15b</size>
         <input_file_ref idref="fl-c8"/>
      </object_component>
      <object_component id="oc-397">
         <name>.debug_info</name>
         <load_address>0xffcd</load_address>
         <run_address>0xffcd</run_address>
         <size>0x46</size>
         <input_file_ref idref="fl-c8"/>
      </object_component>
      <object_component id="oc-30a">
         <name>.debug_info</name>
         <load_address>0x10013</load_address>
         <run_address>0x10013</run_address>
         <size>0x39</size>
         <input_file_ref idref="fl-c8"/>
      </object_component>
      <object_component id="oc-2af">
         <name>.debug_info</name>
         <load_address>0x1004c</load_address>
         <run_address>0x1004c</run_address>
         <size>0x135</size>
         <input_file_ref idref="fl-c9"/>
      </object_component>
      <object_component id="oc-d7">
         <name>.debug_info</name>
         <load_address>0x10181</load_address>
         <run_address>0x10181</run_address>
         <size>0x148</size>
         <input_file_ref idref="fl-ca"/>
      </object_component>
      <object_component id="oc-2d5">
         <name>.debug_info</name>
         <load_address>0x102c9</load_address>
         <run_address>0x102c9</run_address>
         <size>0x14d</size>
         <input_file_ref idref="fl-cb"/>
      </object_component>
      <object_component id="oc-203">
         <name>.debug_info</name>
         <load_address>0x10416</load_address>
         <run_address>0x10416</run_address>
         <size>0x129</size>
         <input_file_ref idref="fl-cc"/>
      </object_component>
      <object_component id="oc-2c0">
         <name>.debug_info</name>
         <load_address>0x1053f</load_address>
         <run_address>0x1053f</run_address>
         <size>0x12b</size>
         <input_file_ref idref="fl-cc"/>
      </object_component>
      <object_component id="oc-2bb">
         <name>.debug_info</name>
         <load_address>0x1066a</load_address>
         <run_address>0x1066a</run_address>
         <size>0x13b</size>
         <input_file_ref idref="fl-cd"/>
      </object_component>
      <object_component id="oc-2b6">
         <name>.debug_info</name>
         <load_address>0x107a5</load_address>
         <run_address>0x107a5</run_address>
         <size>0x13b</size>
         <input_file_ref idref="fl-ce"/>
      </object_component>
      <object_component id="oc-2c5">
         <name>.debug_info</name>
         <load_address>0x108e0</load_address>
         <run_address>0x108e0</run_address>
         <size>0x12f</size>
         <input_file_ref idref="fl-cf"/>
      </object_component>
      <object_component id="oc-2d0">
         <name>.debug_info</name>
         <load_address>0x10a0f</load_address>
         <run_address>0x10a0f</run_address>
         <size>0x12d</size>
         <input_file_ref idref="fl-d0"/>
      </object_component>
      <object_component id="oc-42">
         <name>.debug_info</name>
         <load_address>0x10b3c</load_address>
         <run_address>0x10b3c</run_address>
         <size>0x11a</size>
         <input_file_ref idref="fl-d1"/>
      </object_component>
      <object_component id="oc-d5">
         <name>.debug_info</name>
         <load_address>0x10c56</load_address>
         <run_address>0x10c56</run_address>
         <size>0x2d5</size>
         <input_file_ref idref="fl-d2"/>
      </object_component>
      <object_component id="oc-54">
         <name>.debug_info</name>
         <load_address>0x10f2b</load_address>
         <run_address>0x10f2b</run_address>
         <size>0x1b6</size>
         <input_file_ref idref="fl-d2"/>
      </object_component>
      <object_component id="oc-d0">
         <name>.debug_info</name>
         <load_address>0x110e1</load_address>
         <run_address>0x110e1</run_address>
         <size>0x46</size>
         <input_file_ref idref="fl-d2"/>
      </object_component>
      <object_component id="oc-4c">
         <name>.debug_info</name>
         <load_address>0x11127</load_address>
         <run_address>0x11127</run_address>
         <size>0x2a9</size>
         <input_file_ref idref="fl-d3"/>
      </object_component>
      <object_component id="oc-19">
         <name>.debug_info</name>
         <load_address>0x113d0</load_address>
         <run_address>0x113d0</run_address>
         <size>0x1eb</size>
         <input_file_ref idref="fl-d3"/>
      </object_component>
      <object_component id="oc-47">
         <name>.debug_info</name>
         <load_address>0x115bb</load_address>
         <run_address>0x115bb</run_address>
         <size>0x46</size>
         <input_file_ref idref="fl-d3"/>
      </object_component>
      <object_component id="oc-c8">
         <name>.debug_info</name>
         <load_address>0x11601</load_address>
         <run_address>0x11601</run_address>
         <size>0x2c</size>
         <input_file_ref idref="fl-d3"/>
      </object_component>
      <object_component id="oc-c6">
         <name>.debug_info</name>
         <load_address>0x1162d</load_address>
         <run_address>0x1162d</run_address>
         <size>0x29f</size>
         <input_file_ref idref="fl-d4"/>
      </object_component>
      <object_component id="oc-13">
         <name>.debug_info</name>
         <load_address>0x118cc</load_address>
         <run_address>0x118cc</run_address>
         <size>0x251</size>
         <input_file_ref idref="fl-d4"/>
      </object_component>
      <object_component id="oc-37">
         <name>.debug_info</name>
         <load_address>0x11b1d</load_address>
         <run_address>0x11b1d</run_address>
         <size>0x60</size>
         <input_file_ref idref="fl-d4"/>
      </object_component>
      <object_component id="oc-17e">
         <name>.debug_info</name>
         <load_address>0x11b7d</load_address>
         <run_address>0x11b7d</run_address>
         <size>0x46</size>
         <input_file_ref idref="fl-d4"/>
      </object_component>
      <object_component id="oc-c1">
         <name>.debug_info</name>
         <load_address>0x11bc3</load_address>
         <run_address>0x11bc3</run_address>
         <size>0x39</size>
         <input_file_ref idref="fl-d4"/>
      </object_component>
      <object_component id="oc-276">
         <name>.debug_info</name>
         <load_address>0x11bfc</load_address>
         <run_address>0x11bfc</run_address>
         <size>0x3ae</size>
         <input_file_ref idref="fl-d5"/>
      </object_component>
      <object_component id="oc-273">
         <name>.debug_info</name>
         <load_address>0x11faa</load_address>
         <run_address>0x11faa</run_address>
         <size>0x191</size>
         <input_file_ref idref="fl-d5"/>
      </object_component>
      <object_component id="oc-18f">
         <name>.debug_info</name>
         <load_address>0x1213b</load_address>
         <run_address>0x1213b</run_address>
         <size>0x123</size>
         <input_file_ref idref="fl-d5"/>
      </object_component>
      <object_component id="oc-195">
         <name>.debug_info</name>
         <load_address>0x1225e</load_address>
         <run_address>0x1225e</run_address>
         <size>0x185</size>
         <input_file_ref idref="fl-d5"/>
      </object_component>
      <object_component id="oc-26b">
         <name>.debug_info</name>
         <load_address>0x123e3</load_address>
         <run_address>0x123e3</run_address>
         <size>0x2ca</size>
         <input_file_ref idref="fl-d6"/>
      </object_component>
      <object_component id="oc-171">
         <name>.debug_info</name>
         <load_address>0x126ad</load_address>
         <run_address>0x126ad</run_address>
         <size>0x11f</size>
         <input_file_ref idref="fl-d6"/>
      </object_component>
      <object_component id="oc-264">
         <name>.debug_info</name>
         <load_address>0x127cc</load_address>
         <run_address>0x127cc</run_address>
         <size>0x12f</size>
         <input_file_ref idref="fl-d6"/>
      </object_component>
      <object_component id="oc-2ad">
         <name>.debug_info</name>
         <load_address>0x128fb</load_address>
         <run_address>0x128fb</run_address>
         <size>0x2ba</size>
         <input_file_ref idref="fl-d7"/>
      </object_component>
      <object_component id="oc-1f7">
         <name>.debug_info</name>
         <load_address>0x12bb5</load_address>
         <run_address>0x12bb5</run_address>
         <size>0x17d</size>
         <input_file_ref idref="fl-d7"/>
      </object_component>
      <object_component id="oc-36f">
         <name>.debug_info</name>
         <load_address>0x12d32</load_address>
         <run_address>0x12d32</run_address>
         <size>0xfa</size>
         <input_file_ref idref="fl-d8"/>
      </object_component>
      <object_component id="oc-2aa">
         <name>.debug_info</name>
         <load_address>0x12e2c</load_address>
         <run_address>0x12e2c</run_address>
         <size>0x106</size>
         <input_file_ref idref="fl-d8"/>
      </object_component>
      <object_component id="oc-290">
         <name>.debug_info</name>
         <load_address>0x12f32</load_address>
         <run_address>0x12f32</run_address>
         <size>0x145</size>
         <input_file_ref idref="fl-d9"/>
      </object_component>
      <object_component id="oc-1e0">
         <name>.debug_info</name>
         <load_address>0x13077</load_address>
         <run_address>0x13077</run_address>
         <size>0x103</size>
         <input_file_ref idref="fl-d9"/>
      </object_component>
      <object_component id="oc-43b">
         <name>.debug_info</name>
         <load_address>0x1317a</load_address>
         <run_address>0x1317a</run_address>
         <size>0x190</size>
         <input_file_ref idref="fl-d9"/>
      </object_component>
      <object_component id="oc-37d">
         <name>.debug_info</name>
         <load_address>0x1330a</load_address>
         <run_address>0x1330a</run_address>
         <size>0x29c</size>
         <input_file_ref idref="fl-da"/>
      </object_component>
      <object_component id="oc-2ca">
         <name>.debug_info</name>
         <load_address>0x135a6</load_address>
         <run_address>0x135a6</run_address>
         <size>0x1ce</size>
[...]
      <symbol id="sm-5aa">
         <name>read_disk_data</name>
         <value>0x2d19</value>
         <object_component_ref idref="oc-84"/>
      </symbol>
      <symbol id="sm-5ab">
         <name>is_file_or_dir</name>
         <value>0x3c8b</value>
         <object_component_ref idref="oc-84"/>
      </symbol>
      <symbol id="sm-5ac">
         <name>num2</name>
         <value>0x20004704</value>
         <object_component_ref idref="oc-11b"/>
      </symbol>
      <symbol id="sm-5ad">
         <name>finish</name>
         <value>0x200046db</value>
         <object_component_ref idref="oc-11b"/>
      </symbol>
      <symbol id="sm-5ae">
         <name>clean_name</name>
         <value>0x3b65</value>
         <object_component_ref idref="oc-84"/>
      </symbol>
      <symbol id="sm-5af">
         <name>cluster_dir</name>
         <value>0x200046d0</value>
         <object_component_ref idref="oc-11b"/>
      </symbol>
      <symbol id="sm-5b0">
         <name>filter_by_extension</name>
         <value>0x3e15</value>
         <object_component_ref idref="oc-84"/>
      </symbol>
      <symbol id="sm-5b1">
         <name>read_first_sector</name>
         <value>0x2c4b</value>
         <object_component_ref idref="oc-84"/>
      </symbol>
      <symbol id="sm-5b2">
         <name>number</name>
         <value>0x200046e8</value>
         <object_component_ref idref="oc-11b"/>
      </symbol>
      <symbol id="sm-5b3">
         <name>change_speed</name>
         <value>0x2c05</value>
         <object_component_ref idref="oc-84"/>
      </symbol>
      <symbol id="sm-5b4">
         <name>to_leds</name>
         <value>0x41d9</value>
         <object_component_ref idref="oc-84"/>
      </symbol>
      <symbol id="sm-5d0">
         <name>ResetISR</name>
         <value>0x88a3</value>
         <object_component_ref idref="oc-27"/>
      </symbol>
      <symbol id="sm-5d1">
         <name>g_pfnVectors</name>
         <value>0x0</value>
         <object_component_ref idref="oc-f"/>
      </symbol>
      <symbol id="sm-5ef">
         <name>initialise_uart</name>
         <value>0x74fb</value>
         <object_component_ref idref="oc-8a"/>
      </symbol>
      <symbol id="sm-5f0">
         <name>UART_InChar</name>
         <value>0x74c5</value>
         <object_component_ref idref="oc-8a"/>
      </symbol>
      <symbol id="sm-5f1">
         <name>UART_OutChar</name>
         <value>0x74d9</value>
         <object_component_ref idref="oc-8a"/>
      </symbol>
      <symbol id="sm-61d">
         <name>printf</name>
         <value>0x7e09</value>
         <object_component_ref idref="oc-129"/>
      </symbol>
      <symbol id="sm-787">
         <name>__TI_printfi</name>
         <value>0x58c9</value>
         <object_component_ref idref="oc-13e"/>
      </symbol>
      <symbol id="sm-7a9">
         <name>sprintf</name>
         <value>0x8485</value>
         <object_component_ref idref="oc-96"/>
      </symbol>
      <symbol id="sm-7be">
         <name>putc</name>
         <value>0x7959</value>
         <object_component_ref idref="oc-299"/>
      </symbol>
      <symbol id="sm-7bf">
         <name>fputc</name>
         <value>0x7959</value>
         <object_component_ref idref="oc-299"/>
      </symbol>
      <symbol id="sm-7e2">
         <name>fputs</name>
         <value>0x70b1</value>
         <object_component_ref idref="oc-292"/>
      </symbol>
      <symbol id="sm-7fa">
         <name>__TI_wrt_ok</name>
         <value>0x7f39</value>
         <object_component_ref idref="oc-34f"/>
      </symbol>
      <symbol id="sm-816">
         <name>setvbuf</name>
         <value>0x7699</value>
         <object_component_ref idref="oc-3bd"/>
      </symbol>
      <symbol id="sm-82f">
         <name>wcslen</name>
         <value>0x884d</value>
         <object_component_ref idref="oc-225"/>
      </symbol>
      <symbol id="sm-83c">
         <name>__aeabi_uldivmod</name>
         <value>0x78c3</value>
         <object_component_ref idref="oc-2ae"/>
      </symbol>
      <symbol id="sm-84b">
         <name>__aeabi_memset</name>
         <value>0x7b6f</value>
         <object_component_ref idref="oc-d6"/>
      </symbol>
      <symbol id="sm-84c">
         <name>memset</name>
         <value>0x7b75</value>
         <object_component_ref idref="oc-d6"/>
      </symbol>
      <symbol id="sm-84d">
         <name>__aeabi_memset8</name>
         <value>0x7b6f</value>
         <object_component_ref idref="oc-d6"/>
      </symbol>
      <symbol id="sm-84e">
         <name>__aeabi_memset4</name>
         <value>0x7b6f</value>
         <object_component_ref idref="oc-d6"/>
      </symbol>
      <symbol id="sm-84f">
         <name>__aeabi_memclr8</name>
         <value>0x7b6d</value>
         <object_component_ref idref="oc-d6"/>
      </symbol>
      <symbol id="sm-850">
         <name>__aeabi_memclr4</name>
         <value>0x7b6d</value>
         <object_component_ref idref="oc-d6"/>
      </symbol>
      <symbol id="sm-851">
         <name>__aeabi_memclr</name>
         <value>0x7b6d</value>
         <object_component_ref idref="oc-d6"/>
      </symbol>
      <symbol id="sm-868">
         <name>__aeabi_dsub</name>
         <value>0x6b61</value>
         <object_component_ref idref="oc-2d4"/>
      </symbol>
      <symbol id="sm-869">
         <name>__aeabi_dadd</name>
         <value>0x6b6b</value>
         <object_component_ref idref="oc-2d4"/>
      </symbol>
      <symbol id="sm-88b">
         <name>__aeabi_cdcmpeq</name>
         <value>0x79e5</value>
         <object_component_ref idref="oc-202"/>
      </symbol>
      <symbol id="sm-88c">
         <name>__aeabi_cdcmple</name>
         <value>0x79e5</value>
         <object_component_ref idref="oc-202"/>
      </symbol>
      <symbol id="sm-88d">
         <name>__aeabi_cdrcmple</name>
         <value>0x7a6b</value>
         <object_component_ref idref="oc-2bf"/>
      </symbol>
      <symbol id="sm-8a1">
         <name>__aeabi_ddiv</name>
         <value>0x6e55</value>
         <object_component_ref idref="oc-2ba"/>
      </symbol>
      <symbol id="sm-8ac">
         <name>__aeabi_dmul</name>
         <value>0x72d5</value>
         <object_component_ref idref="oc-2b5"/>
      </symbol>
      <symbol id="sm-8b6">
         <name>__aeabi_d2iz</name>
         <value>0x832d</value>
         <object_component_ref idref="oc-2c4"/>
      </symbol>
      <symbol id="sm-8c0">
         <name>__aeabi_i2d</name>
         <value>0x8675</value>
         <object_component_ref idref="oc-2cf"/>
      </symbol>
      <symbol id="sm-8db">
         <name>memcpy</name>
         <value>0x7827</value>
         <object_component_ref idref="oc-41"/>
      </symbol>
      <symbol id="sm-8dc">
         <name>__aeabi_memcpy</name>
         <value>0x7827</value>
         <object_component_ref idref="oc-41"/>
      </symbol>
      <symbol id="sm-8dd">
         <name>__aeabi_memcpy8</name>
         <value>0x7827</value>
         <object_component_ref idref="oc-41"/>
      </symbol>
      <symbol id="sm-8de">
         <name>__aeabi_memcpy4</name>
         <value>0x7827</value>
         <object_component_ref idref="oc-41"/>
      </symbol>
      <symbol id="sm-8f0">
         <name>__TI_zero_init</name>
         <value>0x8897</value>
         <object_component_ref idref="oc-53"/>
      </symbol>
      <symbol id="sm-907">
         <name>__TI_decompress_none</name>
         <value>0x887d</value>
         <object_component_ref idref="oc-18"/>
      </symbol>
      <symbol id="sm-92a">
         <name>__TI_decompress_lzss</name>
         <value>0x7da1</value>
         <object_component_ref idref="oc-12"/>
      </symbol>
      <symbol id="sm-950">
         <name>C$$EXIT</name>
         <value>0x88d5</value>
         <object_component_ref idref="oc-18e"/>
      </symbol>
      <symbol id="sm-951">
         <name>abort</name>
         <value>0x88d5</value>
         <object_component_ref idref="oc-18e"/>
      </symbol>
      <symbol id="sm-952">
         <name>__TI_dtors_ptr</name>
         <value>0x20004748</value>
         <object_component_ref idref="oc-272"/>
      </symbol>
      <symbol id="sm-953">
         <name>__TI_cleanup_ptr</name>
         <value>0x20004744</value>
         <object_component_ref idref="oc-272"/>
      </symbol>
      <symbol id="sm-954">
         <name>__TI_enable_exit_profile_output</name>
         <value>0x2000474c</value>
         <object_component_ref idref="oc-272"/>
      </symbol>
      <symbol id="sm-955">
         <name>exit</name>
         <value>0x82e5</value>
         <object_component_ref idref="oc-194"/>
      </symbol>
      <symbol id="sm-96a">
         <name>_nop</name>
         <value>0x6317</value>
         <object_component_ref idref="oc-263"/>
      </symbol>
      <symbol id="sm-96b">
         <name>_lock</name>
         <value>0x2000475c</value>
         <object_component_ref idref="oc-170"/>
      </symbol>
      <symbol id="sm-96c">
         <name>_unlock</name>
         <value>0x20004760</value>
         <object_component_ref idref="oc-170"/>
      </symbol>
      <symbol id="sm-982">
         <name>atoi</name>
         <value>0x8251</value>
         <object_component_ref idref="oc-1f6"/>
      </symbol>
      <symbol id="sm-98d">
         <name>_ctypes_</name>
         <value>0x88d8</value>
         <object_component_ref idref="oc-2a9"/>
      </symbol>
      <symbol id="sm-9a2">
         <name>__TI_tmpnams</name>
         <value>0x200033c4</value>
      </symbol>
      <symbol id="sm-9a3">
         <name>__aeabi_stdout</name>
         <value>0x2000473c</value>
         <object_component_ref idref="oc-43a"/>
      </symbol>
      <symbol id="sm-9a4">
         <name>__aeabi_stderr</name>
         <value>0x20004740</value>
         <object_component_ref idref="oc-43a"/>
      </symbol>
      <symbol id="sm-9a5">
         <name>__aeabi_stdin</name>
         <value>0x20004738</value>
         <object_component_ref idref="oc-43a"/>
      </symbol>
      <symbol id="sm-9a6">
         <name>_ftable</name>
         <value>0x20004510</value>
         <object_component_ref idref="oc-1df"/>
      </symbol>
      <symbol id="sm-9a7">
         <name>__TI_ft_end</name>
         <value>0x20004734</value>
         <object_component_ref idref="oc-43a"/>
      </symbol>
      <symbol id="sm-9b6">
         <name>ltoa</name>
         <value>0x815f</value>
         <object_component_ref idref="oc-2c9"/>
      </symbol>
      <symbol id="sm-9c6">
         <name>memccpy</name>
         <value>0x87a9</value>
         <object_component_ref idref="oc-21f"/>
      </symbol>
      <symbol id="sm-9d6">
         <name>memchr</name>
         <value>0x876d</value>
         <object_component_ref idref="oc-355"/>
      </symbol>
      <symbol id="sm-a5d">
         <name>_sys_memory</name>
         <value>0x20003d10</value>
         <object_component_ref idref="oc-21"/>
      </symbol>
      <symbol id="sm-a5e">
         <name>free</name>
         <value>0x75b1</value>
         <object_component_ref idref="oc-3eb"/>
      </symbol>
      <symbol id="sm-a5f">
         <name>memalign</name>
         <value>0x73d1</value>
         <object_component_ref idref="oc-42d"/>
      </symbol>
      <symbol id="sm-a60">
         <name>malloc</name>
         <value>0x88c1</value>
         <object_component_ref idref="oc-3f1"/>
      </symbol>
      <symbol id="sm-a61">
         <name>aligned_alloc</name>
         <value>0x73d1</value>
         <object_component_ref idref="oc-42d"/>
      </symbol>
      <symbol id="sm-a86">
         <name>rand</name>
         <value>0x8611</value>
         <object_component_ref idref="oc-ae"/>
      </symbol>
      <symbol id="sm-a87">
         <name>srand</name>
         <value>0x8749</value>
         <object_component_ref idref="oc-a8"/>
      </symbol>
      <symbol id="sm-a97">
         <name>strchr</name>
         <value>0x880f</value>
         <object_component_ref idref="oc-300"/>
      </symbol>
      <symbol id="sm-aa5">
         <name>strlen</name>
         <value>0x8839</value>
         <object_component_ref idref="oc-1f0"/>
      </symbol>
      <symbol id="sm-abb">
         <name>__aeabi_errno_addr</name>
         <value>0x88b9</value>
         <object_component_ref idref="oc-22b"/>
      </symbol>
      <symbol id="sm-abc">
         <name>errno</name>
         <value>0x2000476c</value>
         <object_component_ref idref="oc-310"/>
      </symbol>
      <symbol id="sm-ad6">
         <name>write</name>
         <value>0x8721</value>
         <object_component_ref idref="oc-361"/>
      </symbol>
      <symbol id="sm-ae7">
         <name>_stream</name>
         <value>0x20004678</value>
         <object_component_ref idref="oc-3c9"/>
      </symbol>
      <symbol id="sm-ae8">
         <name>_device</name>
         <value>0x20004600</value>
         <object_component_ref idref="oc-40a"/>
      </symbol>
      <symbol id="sm-b00">
         <name>__time32</name>
         <value>0x886f</value>
         <object_component_ref idref="oc-a2"/>
      </symbol>
      <symbol id="sm-b01">
         <name>time</name>
         <value>0x886f</value>
         <object_component_ref idref="oc-a2"/>
      </symbol>
      <symbol id="sm-b14">
         <name>__stack</name>
         <value>0x20003510</value>
         <object_component_ref idref="oc-24"/>
      </symbol>
      <symbol id="sm-b15">
         <name>_c_int00_noargs</name>
         <value>0x85dd</value>
         <object_component_ref idref="oc-5f"/>
      </symbol>
      <symbol id="sm-b35">
         <name>frexpl</name>
         <value>0x7e71</value>
         <object_component_ref idref="oc-2f4"/>
      </symbol>
      <symbol id="sm-b36">
         <name>frexp</name>
         <value>0x7e71</value>
         <object_component_ref idref="oc-2f4"/>
      </symbol>
      <symbol id="sm-b53">
         <name>scalbn</name>
         <value>0x71c5</value>
         <object_component_ref idref="oc-2fa"/>
      </symbol>
      <symbol id="sm-b54">
         <name>scalbnl</name>
         <value>0x71c5</value>
         <object_component_ref idref="oc-2fa"/>
      </symbol>
      <symbol id="sm-b55">
         <name>ldexpl</name>
         <value>0x71c5</value>
         <object_component_ref idref="oc-2fa"/>
      </symbol>
      <symbol id="sm-b56">
         <name>ldexp</name>
         <value>0x71c5</value>
         <object_component_ref idref="oc-2fa"/>
      </symbol>
      <symbol id="sm-b66">
         <name>__TI_doflush</name>
         <value>0x8205</value>
         <object_component_ref idref="oc-35b"/>
      </symbol>
      <symbol id="sm-b76">
         <name>__TI_cleanup</name>
         <value>0x8575</value>
         <object_component_ref idref="oc-3f7"/>
      </symbol>
      <symbol id="sm-b88">
         <name>fseek</name>
         <value>0x7ed5</value>
         <object_component_ref idref="oc-3b7"/>
      </symbol>
      <symbol id="sm-b92">
         <name>__aeabi_idiv0</name>
         <value>0x6d17</value>
         <object_component_ref idref="oc-372"/>
      </symbol>
      <symbol id="sm-b93">
         <name>__aeabi_ldiv0</name>
         <value>0x6d17</value>
         <object_component_ref idref="oc-372"/>
      </symbol>
      <symbol id="sm-bbb">
         <name>__TI_auto_init_nobinit_nopinit</name>
         <value>0x83fd</value>
         <object_component_ref idref="oc-19a"/>
      </symbol>
      <symbol id="sm-bc5">
         <name>_system_pre_init</name>
         <value>0x88d1</value>
         <object_component_ref idref="oc-dc"/>
      </symbol>
      <symbol id="sm-bd8">
         <name>HOSTclose</name>
         <value>0x8375</value>
         <object_component_ref idref="oc-446"/>
      </symbol>
      <symbol id="sm-be9">
         <name>HOSTlseek</name>
         <value>0x7d39</value>
         <object_component_ref idref="oc-458"/>
      </symbol>
      <symbol id="sm-bfb">
         <name>parmbuf</name>
         <value>0x200034e4</value>
      </symbol>
      <symbol id="sm-bfc">
         <name>HOSTopen</name>
         <value>0x7f9d</value>
         <object_component_ref idref="oc-440"/>
      </symbol>
      <symbol id="sm-c0d">
         <name>HOSTread</name>
         <value>0x8059</value>
         <object_component_ref idref="oc-44c"/>
      </symbol>
      <symbol id="sm-c1e">
         <name>HOSTrename</name>
         <value>0x7ccd</value>
         <object_component_ref idref="oc-464"/>
      </symbol>
      <symbol id="sm-c36">
         <name>HOSTtime</name>
         <value>0x829d</value>
         <object_component_ref idref="oc-163"/>
      </symbol>
      <symbol id="sm-c47">
         <name>HOSTunlink</name>
         <value>0x83b9</value>
         <object_component_ref idref="oc-45e"/>
      </symbol>
      <symbol id="sm-c58">
         <name>HOSTwrite</name>
         <value>0x80b1</value>
         <object_component_ref idref="oc-452"/>
      </symbol>
      <symbol id="sm-c7c">
         <name>__TI_readmsg</name>
         <value>0x85a9</value>
         <object_component_ref idref="oc-24d"/>
      </symbol>
      <symbol id="sm-c7d">
         <name>C$$IO$$</name>
         <value>0x8533</value>
         <object_component_ref idref="oc-247"/>
      </symbol>
      <symbol id="sm-c7e">
         <name>__CIOBUF_</name>
         <value>0x200032a4</value>
         <object_component_ref idref="oc-326"/>
      </symbol>
      <symbol id="sm-c7f">
         <name>__TI_writemsg</name>
         <value>0x8505</value>
         <object_component_ref idref="oc-247"/>
      </symbol>
      <symbol id="sm-c90">
         <name>lseek</name>
         <value>0x86f9</value>
         <object_component_ref idref="oc-3e3"/>
      </symbol>
      <symbol id="sm-c9a">
         <name>copysign</name>
         <value>0x87c5</value>
         <object_component_ref idref="oc-38b"/>
      </symbol>
      <symbol id="sm-c9b">
         <name>copysignl</name>
         <value>0x87c5</value>
         <object_component_ref idref="oc-38b"/>
      </symbol>
      <symbol id="sm-cb0">
         <name>__TI_closefile</name>
         <value>0x7be9</value>
         <object_component_ref idref="oc-434"/>
      </symbol>
      <symbol id="sm-cd3">
         <name>finddevice</name>
         <value>0x8645</value>
         <object_component_ref idref="oc-4c5"/>
      </symbol>
      <symbol id="sm-cd4">
         <name>getdevice</name>
         <value>0x8441</value>
         <object_component_ref idref="oc-4a5"/>
      </symbol>
      <symbol id="sm-ce3">
         <name>strcmp</name>
         <value>0x87f7</value>
         <object_component_ref idref="oc-4d8"/>
      </symbol>
      <symbol id="sm-cf1">
         <name>strcpy</name>
         <value>0x8825</value>
         <object_component_ref idref="oc-498"/>
      </symbol>
      <symbol id="sm-d01">
         <name>strncpy</name>
         <value>0x853d</value>
         <object_component_ref idref="oc-4bf"/>
      </symbol>
      <symbol id="sm-d16">
         <name>close</name>
         <value>0x7ffd</value>
         <object_component_ref idref="oc-47c"/>
      </symbol>
      <symbol id="sm-d26">
         <name>unlink</name>
         <value>0x86a5</value>
         <object_component_ref idref="oc-482"/>
      </symbol>
      <symbol id="sm-d3b">
         <name>IntMasterEnable</name>
         <value>0x885f</value>
         <object_component_ref idref="oc-9c"/>
      </symbol>
      <symbol id="sm-d45">
         <name>CPUcpsie</name>
         <value>0x888b</value>
         <object_component_ref idref="oc-157"/>
      </symbol>
      <symbol id="sm-d46">
         <name>__TI_static_base__</name>
         <value>0x0</value>
      </symbol>
      <symbol id="sm-d49">
         <name>__mpu_init</name>
         <value>0x0</value>
      </symbol>
      <symbol id="sm-d4a">
         <name>_system_post_cinit</name>
         <value>0x0</value>
      </symbol>
      <symbol id="sm-d4b">
         <name>remove</name>
         <value>0x86a5</value>
      </symbol>
   </symbol_table>
   <title>Link successful</title>
</link_info>
