******************************************************************************
                  TI ARM Linker PC v5.2.6                      
******************************************************************************
>> Linked Tue May 01 20:59:46 2018

OUTPUT FILE NAME:   <lightwand_texas_edition.out>
ENTRY POINT SYMBOL: "_c_int00"  address: 00008b19


MEMORY CONFIGURATION

         name            origin    length      used     unused   attr    fill
----------------------  --------  ---------  --------  --------  ----  --------
  FLASH                 00000000   00040000  000091ba  00036e46  R  X
  SRAM                  20000000   00008000  000046f3  0000390d  RW X


SEGMENT ALLOCATION MAP

run origin  load origin   length   init length attrs members
----------  ----------- ---------- ----------- ----- -------
00000000    00000000    000091c0   000091c0    r-x
  00000000    00000000    0000026c   0000026c    r-- .intvecs
  0000026c    0000026c    00008d12   00008d12    r-x .text
  00008f7e    00008f7e    00000144   00000144    r-- .const
  000090c8    000090c8    000000f8   000000f8    r-- .cinit
20000000    20000000    000046f4   00000000    rw-
  20000000    20000000    0000335f   00000000    rw- .bss
  20003360    20003360    00000800   00000000    rw- .stack
  20003b60    20003b60    00000800   00000000    rw- .sysmem
  20004360    20004360    00000394   00000000    rw- .data


SECTION ALLOCATION MAP

 output                                  attributes/
section   page    origin      length       input sections
--------  ----  ----------  ----------   ----------------
.intvecs   0    00000000    0000026c     
                  00000000    0000026c     tm4c123gh6pm_startup_ccs.obj (.intvecs)

.text      0    0000026c    00008d12     
                  0000026c    000023f8     Nokia5110.obj (.text)
                  00002664    00001aa8     sdcard.obj (.text)
                  0000410c    0000172c     main.obj (.text)
                  00005838    000010ba     rtsv7M4_T_le_v4SPD16_eabi.lib : _printfi.obj (.text)
                  000068f2    00000002     --HOLE-- [fill = 0]
                  000068f4    00000410     1wire.obj (.text)
                  00006d04    000003dc     rtsv7M4_T_le_v4SPD16_eabi.lib : memory.obj (.text)
                  000070e0    0000030c                                   : lowlev.obj (.text)
                  000073ec    000002d4                                   : trgdrv.obj (.text)
                  000076c0    000001f4                                   : ull_div_t2.obj (.text)
                  000078b4    000001c4                                   : fopen.obj (.text)
                  00007a78    000001b6                                   : fd_add_t2.obj (.text)
                  00007c2e    00000136                                   : fd_div_t2.obj (.text)
                  00007d64    00000134                                   : fputs.obj (.text)
                  00007e98    00000110                                   : xdscale.obj (.text)
                  00007fa8    000000fc                                   : fd_mul_t2.obj (.text)
                  000080a4    000000ec     uart.obj (.text)
                  00008190    000000dc     rtsv7M4_T_le_v4SPD16_eabi.lib : setvbuf.obj (.text)
                  0000826c    000000c8                                   : fflush.obj (.text)
                  00008334    000000be                                   : xdnorm.obj (.text)
                  000083f2    000000ac                                   : _io_perm.obj (.text)
                  0000849e    0000009c                                   : memcpy_t2.obj (.text)
                  0000853a    00000002     --HOLE-- [fill = 0]
                  0000853c    00000098                                   : fclose.obj (.text)
                  000085d4    00000098                                   : fputc.obj (.text)
                  0000866c    00000086                                   : fd_cmp_t2.obj (.text:__aeabi_cdcmple)
                  000086f2    00000086                                   : fd_cmp_t2.obj (.text:__aeabi_cdrcmple)
                  00008778    0000007a                                   : memset_t2.obj (.text)
                  000087f2    00000002     --HOLE-- [fill = 0]
                  000087f4    00000070                                   : printf.obj (.text)
                  00008864    0000006c                                   : autoinit.obj (.text)
                  000088d0    0000006a                                   : copy_decompress_rle.obj (.text)
                  0000893a    00000002     --HOLE-- [fill = 0]
                  0000893c    00000068                                   : trgmsg.obj (.text)
                  000089a4    00000066                                   : xdunscal.obj (.text)
                  00008a0a    00000002     --HOLE-- [fill = 0]
                  00008a0c    00000064                                   : fseek.obj (.text)
                  00008a70    00000056                                   : ltoa.obj (.text)
                  00008ac6    00000052                                   : ldexp.obj (.text)
                  00008b18    00000050                                   : boot.obj (.text)
                  00008b68    0000004c                                   : atoi.obj (.text)
                  00008bb4    0000004c                                   : cpy_tbl.obj (.text)
                  00008c00    0000004c                                   : rand.obj (.text)
                  00008c4c    00000048                                   : fd_toi_t2.obj (.text)
                  00008c94    00000044                                   : exit.obj (.text)
                  00008cd8    00000040                                   : signal.obj (.text)
                  00008d18    00000034                                   : feraiseexcept.obj (.text)
                  00008d4c    00000030                                   : strncpy.obj (.text)
                  00008d7c    00000030                                   : xdclass.obj (.text)
                  00008dac    00000030                                   : xferaise.obj (.text)
                  00008ddc    0000002e                                   : i_tofd_t2.obj (.text)
                  00008e0a    0000002e                                   : raise.obj (.text)
                  00008e38    0000002a                                   : frexp.obj (.text)
                  00008e62    00000020                                   : memchr.obj (.text)
                  00008e82    0000001e                                   : strcat.obj (.text)
                  00008ea0    0000001c                                   : memccpy.obj (.text)
                  00008ebc    00000018                                   : args_main.obj (.text)
                  00008ed4    00000018                                   : strcmp.obj (.text)
                  00008eec    00000016                                   : strchr.obj (.text)
                  00008f02    00000002     --HOLE-- [fill = 0]
                  00008f04    00000014                                   : _lock.obj (.text)
                  00008f18    00000014                                   : strcpy.obj (.text)
                  00008f2c    00000014                                   : strlen.obj (.text)
                  00008f40    0000000e                                   : copy_decompress_none.obj (.text:decompress:none)
                  00008f4e    0000000e                                   : time.obj (.text)
                  00008f5c    0000000c                                   : copy_zero_init.obj (.text:decompress:ZI)
                  00008f68    0000000c     tm4c123gh6pm_startup_ccs.obj (.text)
                  00008f74    00000006     rtsv7M4_T_le_v4SPD16_eabi.lib : copy_decompress_rle.obj (.text:decompress:rle24)
                  00008f7a    00000004                                   : pre_init.obj (.text)

.const     0    00008f7e    00000144     
                  00008f7e    00000101     rtsv7M4_T_le_v4SPD16_eabi.lib : ctype.obj (.const:.string:_ctypes_)
                  0000907f    00000040     main.obj (.const:.string)
                  000090bf    00000003     1wire.obj (.const)

.cinit     0    000090c8    000000f8     
                  000090c8    000000d2     (.cinit..data.load) [load image, compression = rle]
                  0000919a    00000002     --HOLE-- [fill = 0]
                  0000919c    0000000c     (__TI_handler_table)
                  000091a8    00000008     (.cinit..bss.load) [load image, compression = zero_init]
                  000091b0    00000010     (__TI_cinit_table)

.init_array 
*          0    00000000    00000000     UNINITIALIZED

.bss       0    20000000    0000335f     UNINITIALIZED
                  20000000    00002bc0     sdcard.obj (.bss:file_dir)
                  20002bc0    000001b0     sdcard.obj (.bss:pixel_content)
                  20002d70    0000012c     Nokia5110.obj (.bss:main_menu_items)
                  20002e9c    0000012c     Nokia5110.obj (.bss:menu_items2)
                  20002fc8    0000012c     Nokia5110.obj (.bss:menu_items)
                  200030f4    00000120     rtsv7M4_T_le_v4SPD16_eabi.lib : trgmsg.obj (.bss:__CIOBUF_)
                  20003214    000000a0                                   : defs.obj (.bss:__TI_tmpnams)
                  200032b4    00000080     Nokia5110.obj (.bss:string)
                  20003334    00000008     (.common:parmbuf)
                  2000333c    00000004     (.common:BrightLimit)
                  20003340    00000004     (.common:cluster_begin_lba)
                  20003344    00000004     (.common:fat_begin_lba)
                  20003348    00000004     (.common:lba_addr)
                  2000334c    00000004     (.common:lba_begin_address)
                  20003350    00000004     (.common:lightwand_delay)
                  20003354    00000004     (.common:number_of_sectors)
                  20003358    00000004     (.common:root_dir_first_cluster)
                  2000335c    00000001     (.common:Timer1)
                  2000335d    00000001     (.common:Timer2)
                  2000335e    00000001     (.common:lightwand_brightness)

.TI.noinit 
*          0    20000000    00000000     UNINITIALIZED

.stack     0    20003360    00000800     UNINITIALIZED
                  20003360    00000800     --HOLE--

.sysmem    0    20003b60    00000800     UNINITIALIZED
                  20003b60    00000008     rtsv7M4_T_le_v4SPD16_eabi.lib : memory.obj (.sysmem)
                  20003b68    000007f8     --HOLE--

.data      0    20004360    00000394     UNINITIALIZED
                  20004360    000000f0     rtsv7M4_T_le_v4SPD16_eabi.lib : defs.obj (.data:_ftable)
                  20004450    000000d0                                   : lowlev.obj (.data)
                  20004520    000000b0                                   : signal.obj (.data:sigtable)
                  200045d0    00000080                                   : xvalues.obj (.data)
                  20004650    00000040     sdcard.obj (.data)
                  20004690    00000014     main.obj (.data)
                  200046a4    00000010     rtsv7M4_T_le_v4SPD16_eabi.lib : defs.obj (.data)
                  200046b4    0000000c     Nokia5110.obj (.data)
                  200046c0    0000000c     rtsv7M4_T_le_v4SPD16_eabi.lib : memory.obj (.data)
                  200046cc    00000008                                   : _lock.obj (.data)
                  200046d4    00000008                                   : exit.obj (.data)
                  200046dc    00000008                                   : feraiseexcept.obj (.data)
                  200046e4    00000004                                   : errno.obj (.data)
                  200046e8    00000004                                   : fopen.obj (.data)
                  200046ec    00000004                                   : rand.obj (.data)
                  200046f0    00000004                                   : stkdepth_vars.obj (.data)

.TI.persistent 
*          0    20004360    00000000     UNINITIALIZED


LINKER GENERATED COPY TABLES

__TI_cinit_table @ 000091b0 records: 2, size/record: 8, table size: 16
	.data: load addr=000090c8, load size=000000d2 bytes, run addr=20004360, run size=00000394 bytes, compression=rle
	.bss: load addr=000091a8, load size=00000008 bytes, run addr=20000000, run size=0000335f bytes, compression=zero_init


LINKER GENERATED HANDLER TABLE

__TI_handler_table @ 0000919c records: 3, size/record: 4, table size: 12
	index: 0, handler: __TI_decompress_rle24
	index: 1, handler: __TI_decompress_none
	index: 2, handler: __TI_zero_init


GLOBAL SYMBOLS: SORTED ALPHABETICALLY BY Name 

address   name                      
-------   ----                      
2000333c  BrightLimit               
00008c95  C$$EXIT                   
0000896b  C$$IO$$                   
000047e7  GPIOPortB_Handler         
00007679  HOSTclock                 
00007641  HOSTclose                 
00007603  HOSTgetenv                
000075a7  HOSTlseek                 
00007555  HOSTopen                  
00007509  HOSTread                  
000074ab  HOSTrename                
00007471  HOSTtime                  
00007439  HOSTunlink                
000073ed  HOSTwrite                 
00008f69  ResetISR                  
UNDEFED   SHT$$INIT_ARRAY$$Base     
UNDEFED   SHT$$INIT_ARRAY$$Limit    
000045fb  SysTick_Init              
000045b1  SysTick_Wait              
000045d5  SysTick_Wait50ms          
2000335c  Timer1                    
2000335d  Timer2                    
00003bbb  Timer5A_Handler           
00003b49  Timer5_Init               
000080a5  UART_InChar               
000080b9  UART_OutChar              
00008d7d  _Dclass                   
200045d0  _Denorm                   
00008335  _Dnorm                    
00007e99  _Dscale                   
000089a5  _Dunscale                 
200045e0  _Eps                      
200046e4  _Errno                    
200046dc  _Fenv                     
00008dad  _Feraise                  
200045f0  _Hugeval                  
20004600  _Inf                      
20004610  _Nan                      
20004630  _Rteps                    
20004620  _Snan                     
200046e0  _Tls_setup__Fenv          
20004640  _Xbig                     
20004648  _Zero                     
200030f4  __CIOBUF_                 
20003b60  __STACK_END               
00000800  __STACK_SIZE              
20003560  __STACK_TOP               
00000800  __SYSMEM_SIZE             
000091b0  __TI_CINIT_Base           
000091c0  __TI_CINIT_Limit          
0000919c  __TI_Handler_Table_Base   
000091a8  __TI_Handler_Table_Limit  
00008865  __TI_auto_init            
0000797d  __TI_cleanup              
200046d4  __TI_cleanup_ptr          
0000853d  __TI_closefile            
00008f41  __TI_decompress_none      
00008f75  __TI_decompress_rle24     
0000826d  __TI_doflush              
200046d8  __TI_dtors_ptr            
200046a4  __TI_ft_end               
000065ed  __TI_printfi              
00008455  __TI_rd_ok                
0000896f  __TI_readmsg              
00000000  __TI_static_base__        
20003214  __TI_tmpnams              
0000893d  __TI_writemsg             
000083f3  __TI_wrt_ok               
00008f5d  __TI_zero_init            
0000866d  __aeabi_cdcmpeq           
0000866d  __aeabi_cdcmple           
000086f3  __aeabi_cdrcmple          
00008c4d  __aeabi_d2iz              
00007a83  __aeabi_dadd              
00007c2f  __aeabi_ddiv              
00007fa9  __aeabi_dmul              
00007a79  __aeabi_dsub              
00008ddd  __aeabi_i2d               
00008779  __aeabi_memclr            
00008779  __aeabi_memclr4           
00008779  __aeabi_memclr8           
0000849f  __aeabi_memcpy            
0000849f  __aeabi_memcpy4           
0000849f  __aeabi_memcpy8           
0000877b  __aeabi_memset            
0000877b  __aeabi_memset4           
0000877b  __aeabi_memset8           
200046b0  __aeabi_stderr            
200046a8  __aeabi_stdin             
200046ac  __aeabi_stdout            
000076c1  __aeabi_uldivmod          
ffffffff  __binit__                 
ffffffff  __c_args__                
20003360  __stack                   
00008ebd  _args_main                
00008b19  _c_int00                  
00008f7e  _ctypes_                  
20004360  _ftable                   
200046cc  _lock                     
00008f13  _nop                      
00008f0b  _register_lock            
00008f05  _register_unlock          
20003b60  _sys_memory               
00008f7b  _system_pre_init          
200046d0  _unlock                   
00008c99  abort                     
00007341  add_device                
000023ed  add_menu_element          
0000432f  ask_for_bluetooth         
00008b69  atoi                      
20004691  backlight                 
000022b5  backup_main_menu          
ffffffff  binit                     
20004698  bright                    
20004692  buzzer                    
000070ad  calloc                    
00002abd  change_speed              
000002ed  char_write                
000039fd  clean_name                
000019bb  clear_columns             
00006c69  clear_ledarray            
0000026d  clear_screen              
000072f1  close                     
20003340  cluster_begin_lba         
20004658  cluster_dir               
2000466c  column                    
20004678  columns                   
0000571d  convert_value_to_string   
00008bb5  copy_in                   
0000224d  copy_menu                 
200046b5  cp                        
00002a67  cs_high                   
00002a73  cs_low                    
20004680  current                   
20004662  current_count             
200046a0  current_position          
2000469c  delay                     
000021ef  delete_menu               
000019af  disable_backlight         
00003bcd  disk_timerproc            
00002a09  dummy_clock               
000019a3  enable_backlight          
00008ca1  exit                      
20003344  fat_begin_lba             
000085a3  fclose                    
20004661  fd_count                  
00008d19  feraiseexcept             
000082b9  fflush                    
20000000  file_dir                  
20004695  file_pos                  
000019e9  fill_screen               
00003cad  filter_by_extension       
20004663  finish                    
200046b4  first                     
20004664  first_file                
000079d3  fopen                     
000085d5  fputc                     
00007d65  fputs                     
00006dfb  free                      
000079a9  freopen                   
00008e39  frexp                     
00008a0d  fseek                     
00000000  g_pfnVectors              
000069a3  get_brightness            
00001ea5  get_character_length      
000069b9  get_delay                 
00002a4b  get_first_cluster         
00003add  get_name                  
00003c5f  get_reserved_sectors      
00002a61  get_root_dir_first_cluster
000068f5  init_1wire_pin            
000046e7  init_buzzer               
00002781  initialise_sd             
000080db  initialise_uart           
000044a9  initialize_I2C            
0000450f  initialize_accelerometer  
00004455  initialize_buttons        
00001943  initialize_screen         
00003b23  is_file_or_dir            
000026af  is_ready                  
200046b6  item_num                  
20004684  l                         
20003348  lba_addr                  
2000334c  lba_begin_address         
00000293  lcd_write                 
00008ac7  ldexp                     
2000335e  lightwand_brightness      
20003350  lightwand_delay           
00002d0d  list_dirs_and_files       
000072cd  lseek                     
00008a71  ltoa                      
0000410d  main                      
200046f0  main_func_sp              
20002d70  main_menu_items           
00006d93  malloc                    
00004f45  manage_paint_menu         
00004865  manage_picture_menu       
000047a7  map                       
200046bc  max                       
20004694  max_menu_items            
00006fc9  memalign                  
00008ea1  memccpy                   
00008e63  memchr                    
0000849f  memcpy                    
00008781  memset                    
20004690  menu                      
20002fc8  menu_items                
20002e9c  menu_items2               
200046b8  min                       
00006d05  minit                     
00002145  modify_menu_element       
20004688  num                       
2000468c  num2                      
20004670  number                    
20003354  number_of_sectors         
0000721f  open                      
00003641  open_file                 
20002bc0  pixel_content             
000057e7  play_sound                
20004654  previous_cluster          
000087fd  printf                    
000085d5  putc                      
00008659  putchar                   
00007e71  puts                      
00008e0b  raise                     
00008c17  rand                      
00003bf5  rcvr_datablock            
00003c51  rcvr_spi_m                
000071fb  read                      
0000456d  read_accelerometer_data   
00002ae1  read_csd                  
00002bd5  read_disk_data            
00002b05  read_first_sector         
00006ebd  realloc                   
00007171  remove                    
000071d3  remove_device             
00007195  rename                    
2000465c  reserved_sectors          
00002629  reset_min_max             
0000231d  restore_main_menu         
00002385  restore_previous_menu     
20003358  root_dir_first_cluster    
20004668  row                       
20004674  rows                      
00001a21  screen_write              
00002691  sd_read                   
00002911  sd_startSSI3              
00002665  sd_write                  
20004660  sectors_per_cluster       
20004650  sectors_per_fat           
00006949  send_bit                  
000026d9  send_command              
000042c5  send_files_info           
00001c7b  set_Y_position_bottom     
00001cf7  set_Y_position_centre     
0000698f  set_brightness            
000025e9  set_buttons_up_down       
0000440d  set_color_brightness_menu 
000043e5  set_color_menu            
000069a9  set_delay                 
00004351  set_init_menu             
00004373  set_main_picture_menu     
000043a5  set_paint_menu            
00008191  setvbuf                   
00002449  show_menu                 
00008cd9  signal                    
00008c01  srand                     
00001d73  startSSI0                 
00008e83  strcat                    
00008eed  strchr                    
00008ed5  strcmp                    
00008f19  strcpy                    
200032b4  string                    
00008f2d  strlen                    
00008d4d  strncpy                   
20004693  subdir                    
000069bf  test_colors               
00008f4f  time                      
00004069  to_leds                   
2000467c  total                     
00002aa1  tx_SSI                    
00002a7f  tx_high                   
00007171  unlink                    
000070e1  write                     


GLOBAL SYMBOLS: SORTED BY Symbol Address 

address   name                      
-------   ----                      
00000000  __TI_static_base__        
00000000  g_pfnVectors              
0000026d  clear_screen              
00000293  lcd_write                 
000002ed  char_write                
00000800  __STACK_SIZE              
00000800  __SYSMEM_SIZE             
00001943  initialize_screen         
000019a3  enable_backlight          
000019af  disable_backlight         
000019bb  clear_columns             
000019e9  fill_screen               
00001a21  screen_write              
00001c7b  set_Y_position_bottom     
00001cf7  set_Y_position_centre     
00001d73  startSSI0                 
00001ea5  get_character_length      
00002145  modify_menu_element       
000021ef  delete_menu               
0000224d  copy_menu                 
000022b5  backup_main_menu          
0000231d  restore_main_menu         
00002385  restore_previous_menu     
000023ed  add_menu_element          
00002449  show_menu                 
000025e9  set_buttons_up_down       
00002629  reset_min_max             
00002665  sd_write                  
00002691  sd_read                   
000026af  is_ready                  
000026d9  send_command              
00002781  initialise_sd             
00002911  sd_startSSI3              
00002a09  dummy_clock               
00002a4b  get_first_cluster         
00002a61  get_root_dir_first_cluster
00002a67  cs_high                   
00002a73  cs_low                    
00002a7f  tx_high                   
00002aa1  tx_SSI                    
00002abd  change_speed              
00002ae1  read_csd                  
00002b05  read_first_sector         
00002bd5  read_disk_data            
00002d0d  list_dirs_and_files       
00003641  open_file                 
000039fd  clean_name                
00003add  get_name                  
00003b23  is_file_or_dir            
00003b49  Timer5_Init               
00003bbb  Timer5A_Handler           
00003bcd  disk_timerproc            
00003bf5  rcvr_datablock            
00003c51  rcvr_spi_m                
00003c5f  get_reserved_sectors      
00003cad  filter_by_extension       
00004069  to_leds                   
0000410d  main                      
000042c5  send_files_info           
0000432f  ask_for_bluetooth         
00004351  set_init_menu             
00004373  set_main_picture_menu     
000043a5  set_paint_menu            
000043e5  set_color_menu            
0000440d  set_color_brightness_menu 
00004455  initialize_buttons        
000044a9  initialize_I2C            
0000450f  initialize_accelerometer  
0000456d  read_accelerometer_data   
000045b1  SysTick_Wait              
000045d5  SysTick_Wait50ms          
000045fb  SysTick_Init              
000046e7  init_buzzer               
000047a7  map                       
000047e7  GPIOPortB_Handler         
00004865  manage_picture_menu       
00004f45  manage_paint_menu         
0000571d  convert_value_to_string   
000057e7  play_sound                
000065ed  __TI_printfi              
000068f5  init_1wire_pin            
00006949  send_bit                  
0000698f  set_brightness            
000069a3  get_brightness            
000069a9  set_delay                 
000069b9  get_delay                 
000069bf  test_colors               
00006c69  clear_ledarray            
00006d05  minit                     
00006d93  malloc                    
00006dfb  free                      
00006ebd  realloc                   
00006fc9  memalign                  
000070ad  calloc                    
000070e1  write                     
00007171  remove                    
00007171  unlink                    
00007195  rename                    
000071d3  remove_device             
000071fb  read                      
0000721f  open                      
000072cd  lseek                     
000072f1  close                     
00007341  add_device                
000073ed  HOSTwrite                 
00007439  HOSTunlink                
00007471  HOSTtime                  
000074ab  HOSTrename                
00007509  HOSTread                  
00007555  HOSTopen                  
000075a7  HOSTlseek                 
00007603  HOSTgetenv                
00007641  HOSTclose                 
00007679  HOSTclock                 
000076c1  __aeabi_uldivmod          
0000797d  __TI_cleanup              
000079a9  freopen                   
000079d3  fopen                     
00007a79  __aeabi_dsub              
00007a83  __aeabi_dadd              
00007c2f  __aeabi_ddiv              
00007d65  fputs                     
00007e71  puts                      
00007e99  _Dscale                   
00007fa9  __aeabi_dmul              
000080a5  UART_InChar               
000080b9  UART_OutChar              
000080db  initialise_uart           
00008191  setvbuf                   
0000826d  __TI_doflush              
000082b9  fflush                    
00008335  _Dnorm                    
000083f3  __TI_wrt_ok               
00008455  __TI_rd_ok                
0000849f  __aeabi_memcpy            
0000849f  __aeabi_memcpy4           
0000849f  __aeabi_memcpy8           
0000849f  memcpy                    
0000853d  __TI_closefile            
000085a3  fclose                    
000085d5  fputc                     
000085d5  putc                      
00008659  putchar                   
0000866d  __aeabi_cdcmpeq           
0000866d  __aeabi_cdcmple           
000086f3  __aeabi_cdrcmple          
00008779  __aeabi_memclr            
00008779  __aeabi_memclr4           
00008779  __aeabi_memclr8           
0000877b  __aeabi_memset            
0000877b  __aeabi_memset4           
0000877b  __aeabi_memset8           
00008781  memset                    
000087fd  printf                    
00008865  __TI_auto_init            
0000893d  __TI_writemsg             
0000896b  C$$IO$$                   
0000896f  __TI_readmsg              
000089a5  _Dunscale                 
00008a0d  fseek                     
00008a71  ltoa                      
00008ac7  ldexp                     
00008b19  _c_int00                  
00008b69  atoi                      
00008bb5  copy_in                   
00008c01  srand                     
00008c17  rand                      
00008c4d  __aeabi_d2iz              
00008c95  C$$EXIT                   
00008c99  abort                     
00008ca1  exit                      
00008cd9  signal                    
00008d19  feraiseexcept             
00008d4d  strncpy                   
00008d7d  _Dclass                   
00008dad  _Feraise                  
00008ddd  __aeabi_i2d               
00008e0b  raise                     
00008e39  frexp                     
00008e63  memchr                    
00008e83  strcat                    
00008ea1  memccpy                   
00008ebd  _args_main                
00008ed5  strcmp                    
00008eed  strchr                    
00008f05  _register_unlock          
00008f0b  _register_lock            
00008f13  _nop                      
00008f19  strcpy                    
00008f2d  strlen                    
00008f41  __TI_decompress_none      
00008f4f  time                      
00008f5d  __TI_zero_init            
00008f69  ResetISR                  
00008f75  __TI_decompress_rle24     
00008f7b  _system_pre_init          
00008f7e  _ctypes_                  
0000919c  __TI_Handler_Table_Base   
000091a8  __TI_Handler_Table_Limit  
000091b0  __TI_CINIT_Base           
000091c0  __TI_CINIT_Limit          
20000000  file_dir                  
20002bc0  pixel_content             
20002d70  main_menu_items           
20002e9c  menu_items2               
20002fc8  menu_items                
200030f4  __CIOBUF_                 
20003214  __TI_tmpnams              
200032b4  string                    
2000333c  BrightLimit               
20003340  cluster_begin_lba         
20003344  fat_begin_lba             
20003348  lba_addr                  
2000334c  lba_begin_address         
20003350  lightwand_delay           
20003354  number_of_sectors         
20003358  root_dir_first_cluster    
2000335c  Timer1                    
2000335d  Timer2                    
2000335e  lightwand_brightness      
20003360  __stack                   
20003560  __STACK_TOP               
20003b60  __STACK_END               
20003b60  _sys_memory               
20004360  _ftable                   
200045d0  _Denorm                   
200045e0  _Eps                      
200045f0  _Hugeval                  
20004600  _Inf                      
20004610  _Nan                      
20004620  _Snan                     
20004630  _Rteps                    
20004640  _Xbig                     
20004648  _Zero                     
20004650  sectors_per_fat           
20004654  previous_cluster          
20004658  cluster_dir               
2000465c  reserved_sectors          
20004660  sectors_per_cluster       
20004661  fd_count                  
20004662  current_count             
20004663  finish                    
20004664  first_file                
20004668  row                       
2000466c  column                    
20004670  number                    
20004674  rows                      
20004678  columns                   
2000467c  total                     
20004680  current                   
20004684  l                         
20004688  num                       
2000468c  num2                      
20004690  menu                      
20004691  backlight                 
20004692  buzzer                    
20004693  subdir                    
20004694  max_menu_items            
20004695  file_pos                  
20004698  bright                    
2000469c  delay                     
200046a0  current_position          
200046a4  __TI_ft_end               
200046a8  __aeabi_stdin             
200046ac  __aeabi_stdout            
200046b0  __aeabi_stderr            
200046b4  first                     
200046b5  cp                        
200046b6  item_num                  
200046b8  min                       
200046bc  max                       
200046cc  _lock                     
200046d0  _unlock                   
200046d4  __TI_cleanup_ptr          
200046d8  __TI_dtors_ptr            
200046dc  _Fenv                     
200046e0  _Tls_setup__Fenv          
200046e4  _Errno                    
200046f0  main_func_sp              
ffffffff  __binit__                 
ffffffff  __c_args__                
ffffffff  binit                     
UNDEFED   SHT$$INIT_ARRAY$$Base     
UNDEFED   SHT$$INIT_ARRAY$$Limit    

[284 symbols]
