<?xml version="1.0" encoding="ISO-8859-1" ?>
<link_info>
   <banner>TI ARM Linker Unix v18.12.3.LTS</banner>
   <copyright>Copyright (c) 1996-2018 Texas Instruments Incorporated</copyright>
   <link_time>0x5fa066ba</link_time>
   <link_errors>0x0</link_errors>
   <output_file>lightwand_texas_edition.out</output_file>
   <entry_point>
      <name>_c_int00_noargs</name>
      <address>0x926d</address>
   </entry_point>
   <input_file_list>
      <input_file id="fl-1">
         <path>./</path>
         <kind>object</kind>
         <file>1wire.obj</file>
         <name>1wire.obj</name>
      </input_file>
      <input_file id="fl-2">
         <path>./</path>
         <kind>object</kind>
         <file>Nokia5110.obj</file>
         <name>Nokia5110.obj</name>
      </input_file>
      <input_file id="fl-3">
         <path>./</path>
         <kind>object</kind>
         <file>main.obj</file>
         <name>main.obj</name>
      </input_file>
      <input_file id="fl-4">
         <path>./</path>
         <kind>object</kind>
         <file>sdcard.obj</file>
         <name>sdcard.obj</name>
      </input_file>
      <input_file id="fl-5">
         <path>./</path>
         <kind>object</kind>
         <file>tm4c123gh6pm_startup_ccs.obj</file>
         <name>tm4c123gh6pm_startup_ccs.obj</name>
      </input_file>
      <input_file id="fl-6">
         <path>./</path>
         <kind>object</kind>
         <file>uart.obj</file>
         <name>uart.obj</name>
      </input_file>
      <input_file id="fl-b">
         <kind>object</kind>
         <file>&lt;internal&gt;</file>
         <name>&lt;internal&gt;</name>
      </input_file>
      <input_file id="fl-c1">
         <path>/Applications/ti/ccs920/ccs/tools/compiler/ti-cgt-arm_18.12.3.LTS/lib/</path>
         <kind>archive</kind>
         <file>rtsv7M4_T_le_v4SPD16_eabi.lib</file>
         <name>printf.c.obj</name>
      </input_file>
      <input_file id="fl-c2">
         <path>/Applications/ti/ccs920/ccs/tools/compiler/ti-cgt-arm_18.12.3.LTS/lib/</path>
         <kind>archive</kind>
         <file>rtsv7M4_T_le_v4SPD16_eabi.lib</file>
         <name>_printfi.c.obj</name>
      </input_file>
      <input_file id="fl-c3">
         <path>/Applications/ti/ccs920/ccs/tools/compiler/ti-cgt-arm_18.12.3.LTS/lib/</path>
         <kind>archive</kind>
         <file>rtsv7M4_T_le_v4SPD16_eabi.lib</file>
         <name>sprintf.c.obj</name>
      </input_file>
      <input_file id="fl-c4">
         <path>/Applications/ti/ccs920/ccs/tools/compiler/ti-cgt-arm_18.12.3.LTS/lib/</path>
         <kind>archive</kind>
         <file>rtsv7M4_T_le_v4SPD16_eabi.lib</file>
         <name>fputc.c.obj</name>
      </input_file>
      <input_file id="fl-c5">
         <path>/Applications/ti/ccs920/ccs/tools/compiler/ti-cgt-arm_18.12.3.LTS/lib/</path>
         <kind>archive</kind>
         <file>rtsv7M4_T_le_v4SPD16_eabi.lib</file>
         <name>fputs.c.obj</name>
      </input_file>
      <input_file id="fl-c6">
         <path>/Applications/ti/ccs920/ccs/tools/compiler/ti-cgt-arm_18.12.3.LTS/lib/</path>
         <kind>archive</kind>
         <file>rtsv7M4_T_le_v4SPD16_eabi.lib</file>
         <name>_io_perm.c.obj</name>
      </input_file>
      <input_file id="fl-c7">
         <path>/Applications/ti/ccs920/ccs/tools/compiler/ti-cgt-arm_18.12.3.LTS/lib/</path>
         <kind>archive</kind>
         <file>rtsv7M4_T_le_v4SPD16_eabi.lib</file>
         <name>setvbuf.c.obj</name>
      </input_file>
      <input_file id="fl-c8">
         <path>/Applications/ti/ccs920/ccs/tools/compiler/ti-cgt-arm_18.12.3.LTS/lib/</path>
         <kind>archive</kind>
         <file>rtsv7M4_T_le_v4SPD16_eabi.lib</file>
         <name>wcslen.c.obj</name>
      </input_file>
      <input_file id="fl-c9">
         <path>/Applications/ti/ccs920/ccs/tools/compiler/ti-cgt-arm_18.12.3.LTS/lib/</path>
         <kind>archive</kind>
         <file>rtsv7M4_T_le_v4SPD16_eabi.lib</file>
         <name>ull_div_t2.asm.obj</name>
      </input_file>
      <input_file id="fl-ca">
         <path>/Applications/ti/ccs920/ccs/tools/compiler/ti-cgt-arm_18.12.3.LTS/lib/</path>
         <kind>archive</kind>
         <file>rtsv7M4_T_le_v4SPD16_eabi.lib</file>
         <name>memset_t2.asm.obj</name>
      </input_file>
      <input_file id="fl-cb">
         <path>/Applications/ti/ccs920/ccs/tools/compiler/ti-cgt-arm_18.12.3.LTS/lib/</path>
         <kind>archive</kind>
         <file>rtsv7M4_T_le_v4SPD16_eabi.lib</file>
         <name>fd_add_t2.asm.obj</name>
      </input_file>
      <input_file id="fl-cc">
         <path>/Applications/ti/ccs920/ccs/tools/compiler/ti-cgt-arm_18.12.3.LTS/lib/</path>
         <kind>archive</kind>
         <file>rtsv7M4_T_le_v4SPD16_eabi.lib</file>
         <name>fd_cmp_t2.asm.obj</name>
      </input_file>
      <input_file id="fl-cd">
         <path>/Applications/ti/ccs920/ccs/tools/compiler/ti-cgt-arm_18.12.3.LTS/lib/</path>
         <kind>archive</kind>
         <file>rtsv7M4_T_le_v4SPD16_eabi.lib</file>
         <name>fd_div_t2.asm.obj</name>
      </input_file>
      <input_file id="fl-ce">
         <path>/Applications/ti/ccs920/ccs/tools/compiler/ti-cgt-arm_18.12.3.LTS/lib/</path>
         <kind>archive</kind>
         <file>rtsv7M4_T_le_v4SPD16_eabi.lib</file>
         <name>fd_mul_t2.asm.obj</name>
      </input_file>
      <input_file id="fl-cf">
         <path>/Applications/ti/ccs920/ccs/tools/compiler/ti-cgt-arm_18.12.3.LTS/lib/</path>
         <kind>archive</kind>
         <file>rtsv7M4_T_le_v4SPD16_eabi.lib</file>
         <name>fd_toi_t2.asm.obj</name>
      </input_file>
      <input_file id="fl-d0">
         <path>/Applications/ti/ccs920/ccs/tools/compiler/ti-cgt-arm_18.12.3.LTS/lib/</path>
         <kind>archive</kind>
         <file>rtsv7M4_T_le_v4SPD16_eabi.lib</file>
         <name>i_tofd_t2.asm.obj</name>
      </input_file>
      <input_file id="fl-d1">
         <path>/Applications/ti/ccs920/ccs/tools/compiler/ti-cgt-arm_18.12.3.LTS/lib/</path>
         <kind>archive</kind>
         <file>rtsv7M4_T_le_v4SPD16_eabi.lib</file>
         <name>memcpy_t2.asm.obj</name>
      </input_file>
      <input_file id="fl-d2">
         <path>/Applications/ti/ccs920/ccs/tools/compiler/ti-cgt-arm_18.12.3.LTS/lib/</path>
         <kind>archive</kind>
         <file>rtsv7M4_T_le_v4SPD16_eabi.lib</file>
         <name>copy_zero_init.c.obj</name>
      </input_file>
      <input_file id="fl-d3">
         <path>/Applications/ti/ccs920/ccs/tools/compiler/ti-cgt-arm_18.12.3.LTS/lib/</path>
         <kind>archive</kind>
         <file>rtsv7M4_T_le_v4SPD16_eabi.lib</file>
         <name>copy_decompress_none.c.obj</name>
      </input_file>
      <input_file id="fl-d4">
         <path>/Applications/ti/ccs920/ccs/tools/compiler/ti-cgt-arm_18.12.3.LTS/lib/</path>
         <kind>archive</kind>
         <file>rtsv7M4_T_le_v4SPD16_eabi.lib</file>
         <name>copy_decompress_lzss.c.obj</name>
      </input_file>
      <input_file id="fl-d5">
         <path>/Applications/ti/ccs920/ccs/tools/compiler/ti-cgt-arm_18.12.3.LTS/lib/</path>
         <kind>archive</kind>
         <file>rtsv7M4_T_le_v4SPD16_eabi.lib</file>
         <name>exit.c.obj</name>
      </input_file>
      <input_file id="fl-d6">
         <path>/Applications/ti/ccs920/ccs/tools/compiler/ti-cgt-arm_18.12.3.LTS/lib/</path>
         <kind>archive</kind>
         <file>rtsv7M4_T_le_v4SPD16_eabi.lib</file>
         <name>_lock.c.obj</name>
      </input_file>
      <input_file id="fl-d7">
         <path>/Applications/ti/ccs920/ccs/tools/compiler/ti-cgt-arm_18.12.3.LTS/lib/</path>
         <kind>archive</kind>
         <file>rtsv7M4_T_le_v4SPD16_eabi.lib</file>
         <name>atoi.c.obj</name>
      </input_file>
      <input_file id="fl-d8">
         <path>/Applications/ti/ccs920/ccs/tools/compiler/ti-cgt-arm_18.12.3.LTS/lib/</path>
         <kind>archive</kind>
         <file>rtsv7M4_T_le_v4SPD16_eabi.lib</file>
         <name>ctype.c.obj</name>
      </input_file>
      <input_file id="fl-d9">
         <path>/Applications/ti/ccs920/ccs/tools/compiler/ti-cgt-arm_18.12.3.LTS/lib/</path>
         <kind>archive</kind>
         <file>rtsv7M4_T_le_v4SPD16_eabi.lib</file>
         <name>defs.c.obj</name>
      </input_file>
      <input_file id="fl-da">
         <path>/Applications/ti/ccs920/ccs/tools/compiler/ti-cgt-arm_18.12.3.LTS/lib/</path>
         <kind>archive</kind>
         <file>rtsv7M4_T_le_v4SPD16_eabi.lib</file>
         <name>ltoa.c.obj</name>
      </input_file>
      <input_file id="fl-db">
         <path>/Applications/ti/ccs920/ccs/tools/compiler/ti-cgt-arm_18.12.3.LTS/lib/</path>
         <kind>archive</kind>
         <file>rtsv7M4_T_le_v4SPD16_eabi.lib</file>
         <name>memccpy.c.obj</name>
      </input_file>
      <input_file id="fl-dc">
         <path>/Applications/ti/ccs920/ccs/tools/compiler/ti-cgt-arm_18.12.3.LTS/lib/</path>
         <kind>archive</kind>
         <file>rtsv7M4_T_le_v4SPD16_eabi.lib</file>
         <name>memchr.c.obj</name>
      </input_file>
      <input_file id="fl-dd">
         <path>/Applications/ti/ccs920/ccs/tools/compiler/ti-cgt-arm_18.12.3.LTS/lib/</path>
         <kind>archive</kind>
         <file>rtsv7M4_T_le_v4SPD16_eabi.lib</file>
         <name>memory.c.obj</name>
      </input_file>
      <input_file id="fl-de">
         <path>/Applications/ti/ccs920/ccs/tools/compiler/ti-cgt-arm_18.12.3.LTS/lib/</path>
         <kind>archive</kind>
         <file>rtsv7M4_T_le_v4SPD16_eabi.lib</file>
         <name>rand.c.obj</name>
      </input_file>
      <input_file id="fl-df">
         <path>/Applications/ti/ccs920/ccs/tools/compiler/ti-cgt-arm_18.12.3.LTS/lib/</path>
         <kind>archive</kind>
         <file>rtsv7M4_T_le_v4SPD16_eabi.lib</file>
         <name>strchr.c.obj</name>
      </input_file>
      <input_file id="fl-e0">
         <path>/Applications/ti/ccs920/ccs/tools/compiler/ti-cgt-arm_18.12.3.LTS/lib/</path>
         <kind>archive</kind>
         <file>rtsv7M4_T_le_v4SPD16_eabi.lib</file>
         <name>strlen.c.obj</name>
      </input_file>
      <input_file id="fl-e1">
         <path>/Applications/ti/ccs920/ccs/tools/compiler/ti-cgt-arm_18.12.3.LTS/lib/</path>
         <kind>archive</kind>
         <file>rtsv7M4_T_le_v4SPD16_eabi.lib</file>
         <name>errno.c.obj</name>
      </input_file>
      <input_file id="fl-e2">
         <path>/Applications/ti/ccs920/ccs/tools/compiler/ti-cgt-arm_18.12.3.LTS/lib/</path>
         <kind>archive</kind>
         <file>rtsv7M4_T_le_v4SPD16_eabi.lib</file>
         <name>write.c.obj</name>
      </input_file>
      <input_file id="fl-e3">
         <path>/Applications/ti/ccs920/ccs/tools/compiler/ti-cgt-arm_18.12.3.LTS/lib/</path>
         <kind>archive</kind>
         <file>rtsv7M4_T_le_v4SPD16_eabi.lib</file>
         <name>host_device.c.obj</name>
      </input_file>
      <input_file id="fl-e4">
         <path>/Applications/ti/ccs920/ccs/tools/compiler/ti-cgt-arm_18.12.3.LTS/lib/</path>
         <kind>archive</kind>
         <file>rtsv7M4_T_le_v4SPD16_eabi.lib</file>
         <name>time.c.obj</name>
      </input_file>
      <input_file id="fl-e5">
         <path>/Applications/ti/ccs920/ccs/tools/compiler/ti-cgt-arm_18.12.3.LTS/lib/</path>
         <kind>archive</kind>
         <file>rtsv7M4_T_le_v4SPD16_eabi.lib</file>
         <name>boot_cortex_m.c.obj</name>
      </input_file>
      <input_file id="fl-e6">
         <path>/Applications/ti/ccs920/ccs/tools/compiler/ti-cgt-arm_18.12.3.LTS/lib/</path>
         <kind>archive</kind>
         <file>rtsv7M4_T_le_v4SPD16_eabi.lib</file>
         <name>s_frexp.c.obj</name>
      </input_file>
      <input_file id="fl-e7">
         <path>/Applications/ti/ccs920/ccs/tools/compiler/ti-cgt-arm_18.12.3.LTS/lib/</path>
         <kind>archive</kind>
         <file>rtsv7M4_T_le_v4SPD16_eabi.lib</file>
         <name>s_scalbn.c.obj</name>
      </input_file>
      <input_file id="fl-e8">
         <path>/Applications/ti/ccs920/ccs/tools/compiler/ti-cgt-arm_18.12.3.LTS/lib/</path>
         <kind>archive</kind>
         <file>rtsv7M4_T_le_v4SPD16_eabi.lib</file>
         <name>fflush.c.obj</name>
      </input_file>
      <input_file id="fl-e9">
         <path>/Applications/ti/ccs920/ccs/tools/compiler/ti-cgt-arm_18.12.3.LTS/lib/</path>
         <kind>archive</kind>
         <file>rtsv7M4_T_le_v4SPD16_eabi.lib</file>
         <name>fopen.c.obj</name>
      </input_file>
      <input_file id="fl-ea">
         <path>/Applications/ti/ccs920/ccs/tools/compiler/ti-cgt-arm_18.12.3.LTS/lib/</path>
         <kind>archive</kind>
         <file>rtsv7M4_T_le_v4SPD16_eabi.lib</file>
         <name>fseek.c.obj</name>
      </input_file>
      <input_file id="fl-eb">
         <path>/Applications/ti/ccs920/ccs/tools/compiler/ti-cgt-arm_18.12.3.LTS/lib/</path>
         <kind>archive</kind>
         <file>rtsv7M4_T_le_v4SPD16_eabi.lib</file>
         <name>div0.asm.obj</name>
      </input_file>
      <input_file id="fl-ec">
         <path>/Applications/ti/ccs920/ccs/tools/compiler/ti-cgt-arm_18.12.3.LTS/lib/</path>
         <kind>archive</kind>
         <file>rtsv7M4_T_le_v4SPD16_eabi.lib</file>
         <name>autoinit.c.obj</name>
      </input_file>
      <input_file id="fl-ed">
         <path>/Applications/ti/ccs920/ccs/tools/compiler/ti-cgt-arm_18.12.3.LTS/lib/</path>
         <kind>archive</kind>
         <file>rtsv7M4_T_le_v4SPD16_eabi.lib</file>
         <name>pre_init.c.obj</name>
      </input_file>
      <input_file id="fl-ee">
         <path>/Applications/ti/ccs920/ccs/tools/compiler/ti-cgt-arm_18.12.3.LTS/lib/</path>
         <kind>archive</kind>
         <file>rtsv7M4_T_le_v4SPD16_eabi.lib</file>
         <name>cpy_tbl.c.obj</name>
      </input_file>
      <input_file id="fl-ef">
         <path>/Applications/ti/ccs920/ccs/tools/compiler/ti-cgt-arm_18.12.3.LTS/lib/</path>
         <kind>archive</kind>
         <file>rtsv7M4_T_le_v4SPD16_eabi.lib</file>
         <name>args_main.c.obj</name>
      </input_file>
      <input_file id="fl-f0">
         <path>/Applications/ti/ccs920/ccs/tools/compiler/ti-cgt-arm_18.12.3.LTS/lib/</path>
         <kind>archive</kind>
         <file>rtsv7M4_T_le_v4SPD16_eabi.lib</file>
         <name>hostclose.c.obj</name>
      </input_file>
      <input_file id="fl-f1">
         <path>/Applications/ti/ccs920/ccs/tools/compiler/ti-cgt-arm_18.12.3.LTS/lib/</path>
         <kind>archive</kind>
         <file>rtsv7M4_T_le_v4SPD16_eabi.lib</file>
         <name>hostlseek.c.obj</name>
      </input_file>
      <input_file id="fl-f2">
         <path>/Applications/ti/ccs920/ccs/tools/compiler/ti-cgt-arm_18.12.3.LTS/lib/</path>
         <kind>archive</kind>
         <file>rtsv7M4_T_le_v4SPD16_eabi.lib</file>
         <name>hostopen.c.obj</name>
      </input_file>
      <input_file id="fl-f3">
         <path>/Applications/ti/ccs920/ccs/tools/compiler/ti-cgt-arm_18.12.3.LTS/lib/</path>
         <kind>archive</kind>
         <file>rtsv7M4_T_le_v4SPD16_eabi.lib</file>
         <name>hostread.c.obj</name>
      </input_file>
      <input_file id="fl-f4">
         <path>/Applications/ti/ccs920/ccs/tools/compiler/ti-cgt-arm_18.12.3.LTS/lib/</path>
         <kind>archive</kind>
         <file>rtsv7M4_T_le_v4SPD16_eabi.lib</file>
         <name>hostrename.c.obj</name>
      </input_file>
      <input_file id="fl-f5">
         <path>/Applications/ti/ccs920/ccs/tools/compiler/ti-cgt-arm_18.12.3.LTS/lib/</path>
         <kind>archive</kind>
         <file>rtsv7M4_T_le_v4SPD16_eabi.lib</file>
         <name>hosttime.c.obj</name>
      </input_file>
      <input_file id="fl-f6">
         <path>/Applications/ti/ccs920/ccs/tools/compiler/ti-cgt-arm_18.12.3.LTS/lib/</path>
         <kind>archive</kind>
         <file>rtsv7M4_T_le_v4SPD16_eabi.lib</file>
         <name>hostunlink.c.obj</name>
      </input_file>
      <input_file id="fl-f7">
         <path>/Applications/ti/ccs920/ccs/tools/compiler/ti-cgt-arm_18.12.3.LTS/lib/</path>
         <kind>archive</kind>
         <file>rtsv7M4_T_le_v4SPD16_eabi.lib</file>
         <name>hostwrite.c.obj</name>
      </input_file>
      <input_file id="fl-f8">
         <path>/Applications/ti/ccs920/ccs/tools/compiler/ti-cgt-arm_18.12.3.LTS/lib/</path>
         <kind>archive</kind>
         <file>rtsv7M4_T_le_v4SPD16_eabi.lib</file>
         <name>trgmsg.c.obj</name>
      </input_file>
      <input_file id="fl-f9">
         <path>/Applications/ti/ccs920/ccs/tools/compiler/ti-cgt-arm_18.12.3.LTS/lib/</path>
         <kind>archive</kind>
         <file>rtsv7M4_T_le_v4SPD16_eabi.lib</file>
         <name>open.c.obj</name>
      </input_file>
      <input_file id="fl-fa">
         <path>/Applications/ti/ccs920/ccs/tools/compiler/ti-cgt-arm_18.12.3.LTS/lib/</path>
         <kind>archive</kind>
         <file>rtsv7M4_T_le_v4SPD16_eabi.lib</file>
         <name>lseek.c.obj</name>
      </input_file>
      <input_file id="fl-fb">
         <path>/Applications/ti/ccs920/ccs/tools/compiler/ti-cgt-arm_18.12.3.LTS/lib/</path>
         <kind>archive</kind>
         <file>rtsv7M4_T_le_v4SPD16_eabi.lib</file>
         <name>s_copysign.c.obj</name>
      </input_file>
      <input_file id="fl-fc">
         <path>/Applications/ti/ccs920/ccs/tools/compiler/ti-cgt-arm_18.12.3.LTS/lib/</path>
         <kind>archive</kind>
         <file>rtsv7M4_T_le_v4SPD16_eabi.lib</file>
         <name>fclose.c.obj</name>
      </input_file>
      <input_file id="fl-fd">
         <path>/Applications/ti/ccs920/ccs/tools/compiler/ti-cgt-arm_18.12.3.LTS/lib/</path>
         <kind>archive</kind>
         <file>rtsv7M4_T_le_v4SPD16_eabi.lib</file>
         <name>getdevice.c.obj</name>
      </input_file>
      <input_file id="fl-fe">
         <path>/Applications/ti/ccs920/ccs/tools/compiler/ti-cgt-arm_18.12.3.LTS/lib/</path>
         <kind>archive</kind>
         <file>rtsv7M4_T_le_v4SPD16_eabi.lib</file>
         <name>strcmp.c.obj</name>
      </input_file>
      <input_file id="fl-ff">
         <path>/Applications/ti/ccs920/ccs/tools/compiler/ti-cgt-arm_18.12.3.LTS/lib/</path>
         <kind>archive</kind>
         <file>rtsv7M4_T_le_v4SPD16_eabi.lib</file>
         <name>strcpy.c.obj</name>
      </input_file>
      <input_file id="fl-100">
         <path>/Applications/ti/ccs920/ccs/tools/compiler/ti-cgt-arm_18.12.3.LTS/lib/</path>
         <kind>archive</kind>
         <file>rtsv7M4_T_le_v4SPD16_eabi.lib</file>
         <name>strncpy.c.obj</name>
      </input_file>
      <input_file id="fl-101">
         <path>/Applications/ti/ccs920/ccs/tools/compiler/ti-cgt-arm_18.12.3.LTS/lib/</path>
         <kind>archive</kind>
         <file>rtsv7M4_T_le_v4SPD16_eabi.lib</file>
         <name>remove.c.obj</name>
      </input_file>
      <input_file id="fl-102">
         <path>/Applications/ti/ccs920/ccs/tools/compiler/ti-cgt-arm_18.12.3.LTS/lib/</path>
         <kind>archive</kind>
         <file>rtsv7M4_T_le_v4SPD16_eabi.lib</file>
         <name>close.c.obj</name>
      </input_file>
      <input_file id="fl-103">
         <path>/Applications/ti/ccs920/ccs/tools/compiler/ti-cgt-arm_18.12.3.LTS/lib/</path>
         <kind>archive</kind>
         <file>rtsv7M4_T_le_v4SPD16_eabi.lib</file>
         <name>unlink.c.obj</name>
      </input_file>
      <input_file id="fl-104">
         <path>/Users/javiermartinez/TivaWare/driverlib/ccs/Debug/</path>
         <kind>archive</kind>
         <file>driverlib.lib</file>
         <name>interrupt.obj</name>
      </input_file>
      <input_file id="fl-105">
         <path>/Users/javiermartinez/TivaWare/driverlib/ccs/Debug/</path>
         <kind>archive</kind>
         <file>driverlib.lib</file>
         <name>cpu.obj</name>
      </input_file>
   </input_file_list>
   <object_component_list>
      <object_component id="oc-f">
         <name>.intvecs</name>
         <load_address>0x0</load_address>
         <run_address>0x0</run_address>
         <size>0x26c</size>
         <input_file_ref idref="fl-5"/>
      </object_component>
      <object_component id="oc-84">
         <name>.text</name>
         <load_address>0x26c</load_address>
         <run_address>0x26c</run_address>
         <size>0x273c</size>
         <input_file_ref idref="fl-4"/>
      </object_component>
      <object_component id="oc-7e">
         <name>.text</name>
         <load_address>0x29a8</load_address>
         <run_address>0x29a8</run_address>
         <size>0x2564</size>
         <input_file_ref idref="fl-2"/>
      </object_component>
      <object_component id="oc-2d">
         <name>.text</name>
         <load_address>0x4f0c</load_address>
         <run_address>0x4f0c</run_address>
         <size>0x164c</size>
         <input_file_ref idref="fl-3"/>
      </object_component>
      <object_component id="oc-144">
         <name>.text:__TI_printfi</name>
         <load_address>0x6558</load_address>
         <run_address>0x6558</run_address>
         <size>0xa4e</size>
         <input_file_ref idref="fl-c2"/>
      </object_component>
      <object_component id="oc-26d">
         <name>.text:_nop</name>
         <load_address>0x6fa6</load_address>
         <run_address>0x6fa6</run_address>
         <size>0x2</size>
         <input_file_ref idref="fl-d6"/>
      </object_component>
      <object_component id="oc-78">
         <name>.text</name>
         <load_address>0x6fa8</load_address>
         <run_address>0x6fa8</run_address>
         <size>0x408</size>
         <input_file_ref idref="fl-1"/>
      </object_component>
      <object_component id="oc-223">
         <name>.text:_pconv_a</name>
         <load_address>0x73b0</load_address>
         <run_address>0x73b0</run_address>
         <size>0x270</size>
         <input_file_ref idref="fl-c2"/>
      </object_component>
      <object_component id="oc-211">
         <name>.text:_pconv_g</name>
         <load_address>0x7620</load_address>
         <run_address>0x7620</run_address>
         <size>0x1d0</size>
         <input_file_ref idref="fl-c2"/>
      </object_component>
      <object_component id="oc-2de">
         <name>.text</name>
         <load_address>0x77f0</load_address>
         <run_address>0x77f0</run_address>
         <size>0x1b6</size>
         <input_file_ref idref="fl-cb"/>
      </object_component>
      <object_component id="oc-37c">
         <name>.text</name>
         <load_address>0x79a6</load_address>
         <run_address>0x79a6</run_address>
         <size>0x2</size>
         <input_file_ref idref="fl-eb"/>
      </object_component>
      <object_component id="oc-21d">
         <name>.text:_pconv_e</name>
         <load_address>0x79a8</load_address>
         <run_address>0x79a8</run_address>
         <size>0x13c</size>
         <input_file_ref idref="fl-c2"/>
      </object_component>
      <object_component id="oc-2c4">
         <name>.text</name>
         <load_address>0x7ae4</load_address>
         <run_address>0x7ae4</run_address>
         <size>0x136</size>
         <input_file_ref idref="fl-cd"/>
      </object_component>
      <object_component id="oc-2f0">
         <name>.text:fcvt</name>
         <load_address>0x7c1c</load_address>
         <run_address>0x7c1c</run_address>
         <size>0x124</size>
         <input_file_ref idref="fl-c2"/>
      </object_component>
      <object_component id="oc-29c">
         <name>.text:fputs</name>
         <load_address>0x7d40</load_address>
         <run_address>0x7d40</run_address>
         <size>0x114</size>
         <input_file_ref idref="fl-c5"/>
      </object_component>
      <object_component id="oc-304">
         <name>.text:scalbn</name>
         <load_address>0x7e54</load_address>
         <run_address>0x7e54</run_address>
         <size>0x110</size>
         <input_file_ref idref="fl-e7"/>
      </object_component>
      <object_component id="oc-2bf">
         <name>.text</name>
         <load_address>0x7f64</load_address>
         <run_address>0x7f64</run_address>
         <size>0xfc</size>
         <input_file_ref idref="fl-ce"/>
      </object_component>
      <object_component id="oc-437">
         <name>.text:aligned_alloc</name>
         <load_address>0x8060</load_address>
         <run_address>0x8060</run_address>
         <size>0xf4</size>
         <input_file_ref idref="fl-dd"/>
      </object_component>
      <object_component id="oc-8a">
         <name>.text</name>
         <load_address>0x8154</load_address>
         <run_address>0x8154</run_address>
         <size>0xec</size>
         <input_file_ref idref="fl-6"/>
      </object_component>
      <object_component id="oc-3f5">
         <name>.text:free</name>
         <load_address>0x8240</load_address>
         <run_address>0x8240</run_address>
         <size>0xe8</size>
         <input_file_ref idref="fl-dd"/>
      </object_component>
      <object_component id="oc-3c7">
         <name>.text:setvbuf</name>
         <load_address>0x8328</load_address>
         <run_address>0x8328</run_address>
         <size>0xdc</size>
         <input_file_ref idref="fl-c7"/>
      </object_component>
      <object_component id="oc-206">
         <name>.text:_ltostr</name>
         <load_address>0x8404</load_address>
         <run_address>0x8404</run_address>
         <size>0xb1</size>
         <input_file_ref idref="fl-c2"/>
      </object_component>
      <object_component id="oc-41">
         <name>.text</name>
         <load_address>0x84b6</load_address>
         <run_address>0x84b6</run_address>
         <size>0x9c</size>
         <input_file_ref idref="fl-d1"/>
      </object_component>
      <object_component id="oc-2b8">
         <name>.text</name>
         <load_address>0x8552</load_address>
         <run_address>0x8552</run_address>
         <size>0x96</size>
         <input_file_ref idref="fl-c9"/>
      </object_component>
      <object_component id="oc-2a3">
         <name>.text:fputc</name>
         <load_address>0x85e8</load_address>
         <run_address>0x85e8</run_address>
         <size>0x8c</size>
         <input_file_ref idref="fl-c4"/>
      </object_component>
      <object_component id="oc-20c">
         <name>.text:__aeabi_cdcmple</name>
         <load_address>0x8674</load_address>
         <run_address>0x8674</run_address>
         <size>0x86</size>
         <input_file_ref idref="fl-cc"/>
      </object_component>
      <object_component id="oc-2c9">
         <name>.text:__aeabi_cdrcmple</name>
         <load_address>0x86fa</load_address>
         <run_address>0x86fa</run_address>
         <size>0x86</size>
         <input_file_ref idref="fl-cc"/>
      </object_component>
      <object_component id="oc-47f">
         <name>.text:split</name>
         <load_address>0x8780</load_address>
         <run_address>0x8780</run_address>
         <size>0x7c</size>
         <input_file_ref idref="fl-dd"/>
      </object_component>
      <object_component id="oc-d6">
         <name>.text</name>
         <load_address>0x87fc</load_address>
         <run_address>0x87fc</run_address>
         <size>0x7a</size>
         <input_file_ref idref="fl-ca"/>
      </object_component>
      <object_component id="oc-43e">
         <name>.text:__TI_closefile</name>
         <load_address>0x8878</load_address>
         <run_address>0x8878</run_address>
         <size>0x74</size>
         <input_file_ref idref="fl-fc"/>
      </object_component>
      <object_component id="oc-2e9">
         <name>.text:_mcpy</name>
         <load_address>0x88ec</load_address>
         <run_address>0x88ec</run_address>
         <size>0x6e</size>
         <input_file_ref idref="fl-c2"/>
      </object_component>
      <object_component id="oc-46e">
         <name>.text:HOSTrename</name>
         <load_address>0x895c</load_address>
         <run_address>0x895c</run_address>
         <size>0x6c</size>
         <input_file_ref idref="fl-f4"/>
      </object_component>
      <object_component id="oc-462">
         <name>.text:HOSTlseek</name>
         <load_address>0x89c8</load_address>
         <run_address>0x89c8</run_address>
         <size>0x68</size>
         <input_file_ref idref="fl-f1"/>
      </object_component>
      <object_component id="oc-12">
         <name>.text:decompress:lzss:__TI_decompress_lzss</name>
         <load_address>0x8a30</load_address>
         <run_address>0x8a30</run_address>
         <size>0x68</size>
         <input_file_ref idref="fl-d4"/>
      </object_component>
      <object_component id="oc-121">
         <name>.text:printf</name>
         <load_address>0x8a98</load_address>
         <run_address>0x8a98</run_address>
         <size>0x68</size>
         <input_file_ref idref="fl-c1"/>
      </object_component>
      <object_component id="oc-2fe">
         <name>.text:frexp</name>
         <load_address>0x8b00</load_address>
         <run_address>0x8b00</run_address>
         <size>0x64</size>
         <input_file_ref idref="fl-e6"/>
      </object_component>
      <object_component id="oc-3c1">
         <name>.text:fseek</name>
         <load_address>0x8b64</load_address>
         <run_address>0x8b64</run_address>
         <size>0x64</size>
         <input_file_ref idref="fl-ea"/>
      </object_component>
      <object_component id="oc-359">
         <name>.text:__TI_wrt_ok</name>
         <load_address>0x8bc8</load_address>
         <run_address>0x8bc8</run_address>
         <size>0x62</size>
         <input_file_ref idref="fl-c6"/>
      </object_component>
      <object_component id="oc-44a">
         <name>.text:HOSTopen</name>
         <load_address>0x8c2c</load_address>
         <run_address>0x8c2c</run_address>
         <size>0x60</size>
         <input_file_ref idref="fl-f2"/>
      </object_component>
      <object_component id="oc-486">
         <name>.text:close</name>
         <load_address>0x8c8c</load_address>
         <run_address>0x8c8c</run_address>
         <size>0x5c</size>
         <input_file_ref idref="fl-102"/>
      </object_component>
      <object_component id="oc-456">
         <name>.text:HOSTread</name>
         <load_address>0x8ce8</load_address>
         <run_address>0x8ce8</run_address>
         <size>0x58</size>
         <input_file_ref idref="fl-f3"/>
      </object_component>
      <object_component id="oc-45c">
         <name>.text:HOSTwrite</name>
         <load_address>0x8d40</load_address>
         <run_address>0x8d40</run_address>
         <size>0x58</size>
         <input_file_ref idref="fl-f7"/>
      </object_component>
      <object_component id="oc-217">
         <name>.text:_pconv_f</name>
         <load_address>0x8d98</load_address>
         <run_address>0x8d98</run_address>
         <size>0x56</size>
         <input_file_ref idref="fl-c2"/>
      </object_component>
      <object_component id="oc-2d3">
         <name>.text:ltoa</name>
         <load_address>0x8dee</load_address>
         <run_address>0x8dee</run_address>
         <size>0x54</size>
         <input_file_ref idref="fl-da"/>
      </object_component>
      <object_component id="oc-2e3">
         <name>.text:_ecpy</name>
         <load_address>0x8e42</load_address>
         <run_address>0x8e42</run_address>
         <size>0x52</size>
         <input_file_ref idref="fl-c2"/>
      </object_component>
      <object_component id="oc-365">
         <name>.text:__TI_doflush</name>
         <load_address>0x8e94</load_address>
         <run_address>0x8e94</run_address>
         <size>0x4c</size>
         <input_file_ref idref="fl-e8"/>
      </object_component>
      <object_component id="oc-200">
         <name>.text:atoi</name>
         <load_address>0x8ee0</load_address>
         <run_address>0x8ee0</run_address>
         <size>0x4c</size>
         <input_file_ref idref="fl-d7"/>
      </object_component>
      <object_component id="oc-169">
         <name>.text:HOSTtime</name>
         <load_address>0x8f2c</load_address>
         <run_address>0x8f2c</run_address>
         <size>0x48</size>
         <input_file_ref idref="fl-f5"/>
      </object_component>
      <object_component id="oc-19a">
         <name>.text:exit</name>
         <load_address>0x8f74</load_address>
         <run_address>0x8f74</run_address>
         <size>0x48</size>
         <input_file_ref idref="fl-d5"/>
      </object_component>
      <object_component id="oc-2ce">
         <name>.text</name>
         <load_address>0x8fbc</load_address>
         <run_address>0x8fbc</run_address>
         <size>0x48</size>
         <input_file_ref idref="fl-cf"/>
      </object_component>
      <object_component id="oc-450">
         <name>.text:HOSTclose</name>
         <load_address>0x9004</load_address>
         <run_address>0x9004</run_address>
         <size>0x44</size>
         <input_file_ref idref="fl-f0"/>
      </object_component>
      <object_component id="oc-468">
         <name>.text:HOSTunlink</name>
         <load_address>0x9048</load_address>
         <run_address>0x9048</run_address>
         <size>0x44</size>
         <input_file_ref idref="fl-f6"/>
      </object_component>
      <object_component id="oc-1a0">
         <name>.text:__TI_auto_init_nobinit_nopinit:__TI_auto_init_nobinit_nopinit</name>
         <load_address>0x908c</load_address>
         <run_address>0x908c</run_address>
         <size>0x44</size>
         <input_file_ref idref="fl-ec"/>
      </object_component>
      <object_component id="oc-4af">
         <name>.text:getdevice</name>
         <load_address>0x90d0</load_address>
         <run_address>0x90d0</run_address>
         <size>0x44</size>
         <input_file_ref idref="fl-fd"/>
      </object_component>
      <object_component id="oc-96">
         <name>.text:sprintf</name>
         <load_address>0x9114</load_address>
         <run_address>0x9114</run_address>
         <size>0x40</size>
         <input_file_ref idref="fl-c3"/>
      </object_component>
      <object_component id="oc-2f6">
         <name>.text:_fcpy</name>
         <load_address>0x9154</load_address>
         <run_address>0x9154</run_address>
         <size>0x3e</size>
         <input_file_ref idref="fl-c2"/>
      </object_component>
      <object_component id="oc-251">
         <name>.text:__TI_writemsg</name>
         <load_address>0x9194</load_address>
         <run_address>0x9194</run_address>
         <size>0x38</size>
         <input_file_ref idref="fl-f8"/>
      </object_component>
      <object_component id="oc-4c9">
         <name>.text:strncpy</name>
         <load_address>0x91cc</load_address>
         <run_address>0x91cc</run_address>
         <size>0x36</size>
         <input_file_ref idref="fl-100"/>
      </object_component>
      <object_component id="oc-401">
         <name>.text:__TI_cleanup</name>
         <load_address>0x9204</load_address>
         <run_address>0x9204</run_address>
         <size>0x34</size>
         <input_file_ref idref="fl-e9"/>
      </object_component>
      <object_component id="oc-257">
         <name>.text:__TI_readmsg</name>
         <load_address>0x9238</load_address>
         <run_address>0x9238</run_address>
         <size>0x34</size>
         <input_file_ref idref="fl-f8"/>
      </object_component>
      <object_component id="oc-5f">
         <name>.text:_c_int00_noargs:_c_int00_noargs</name>
         <load_address>0x926c</load_address>
         <run_address>0x926c</run_address>
         <size>0x34</size>
         <input_file_ref idref="fl-e5"/>
      </object_component>
      <object_component id="oc-ae">
         <name>.text:rand</name>
         <load_address>0x92a0</load_address>
         <run_address>0x92a0</run_address>
         <size>0x34</size>
         <input_file_ref idref="fl-de"/>
      </object_component>
      <object_component id="oc-4cf">
         <name>.text:finddevice</name>
         <load_address>0x92d4</load_address>
         <run_address>0x92d4</run_address>
         <size>0x30</size>
         <input_file_ref idref="fl-fd"/>
      </object_component>
      <object_component id="oc-2d9">
         <name>.text</name>
         <load_address>0x9304</load_address>
         <run_address>0x9304</run_address>
         <size>0x2e</size>
         <input_file_ref idref="fl-d0"/>
      </object_component>
      <object_component id="oc-48c">
         <name>.text:unlink</name>
         <load_address>0x9334</load_address>
         <run_address>0x9334</run_address>
         <size>0x2c</size>
         <input_file_ref idref="fl-103"/>
      </object_component>
      <object_component id="oc-430">
         <name>.text:free_list_insert</name>
         <load_address>0x9360</load_address>
         <run_address>0x9360</run_address>
         <size>0x28</size>
         <input_file_ref idref="fl-dd"/>
      </object_component>
      <object_component id="oc-3ed">
         <name>.text:lseek</name>
         <load_address>0x9388</load_address>
         <run_address>0x9388</run_address>
         <size>0x28</size>
         <input_file_ref idref="fl-fa"/>
      </object_component>
      <object_component id="oc-36b">
         <name>.text:write</name>
         <load_address>0x93b0</load_address>
         <run_address>0x93b0</run_address>
         <size>0x28</size>
         <input_file_ref idref="fl-e2"/>
      </object_component>
      <object_component id="oc-a8">
         <name>.text:srand</name>
         <load_address>0x93d8</load_address>
         <run_address>0x93d8</run_address>
         <size>0x24</size>
         <input_file_ref idref="fl-de"/>
      </object_component>
      <object_component id="oc-35f">
         <name>.text:memchr</name>
         <load_address>0x93fc</load_address>
         <run_address>0x93fc</run_address>
         <size>0x20</size>
         <input_file_ref idref="fl-dc"/>
      </object_component>
      <object_component id="oc-42a">
         <name>.text:free_list_remove</name>
         <load_address>0x941c</load_address>
         <run_address>0x941c</run_address>
         <size>0x1c</size>
         <input_file_ref idref="fl-dd"/>
      </object_component>
      <object_component id="oc-229">
         <name>.text:memccpy</name>
         <load_address>0x9438</load_address>
         <run_address>0x9438</run_address>
         <size>0x1c</size>
         <input_file_ref idref="fl-db"/>
      </object_component>
      <object_component id="oc-395">
         <name>.text:copysign</name>
         <load_address>0x9454</load_address>
         <run_address>0x9454</run_address>
         <size>0x1a</size>
         <input_file_ref idref="fl-fb"/>
      </object_component>
      <object_component id="oc-14a">
         <name>.text:_outs</name>
         <load_address>0x946e</load_address>
         <run_address>0x946e</run_address>
         <size>0x18</size>
         <input_file_ref idref="fl-c3"/>
      </object_component>
      <object_component id="oc-4e2">
         <name>.text:strcmp</name>
         <load_address>0x9486</load_address>
         <run_address>0x9486</run_address>
         <size>0x18</size>
         <input_file_ref idref="fl-fe"/>
      </object_component>
      <object_component id="oc-30a">
         <name>.text:strchr</name>
         <load_address>0x949e</load_address>
         <run_address>0x949e</run_address>
         <size>0x16</size>
         <input_file_ref idref="fl-df"/>
      </object_component>
      <object_component id="oc-4a2">
         <name>.text:strcpy</name>
         <load_address>0x94b4</load_address>
         <run_address>0x94b4</run_address>
         <size>0x14</size>
         <input_file_ref idref="fl-ff"/>
      </object_component>
      <object_component id="oc-1fa">
         <name>.text:strlen</name>
         <load_address>0x94c8</load_address>
         <run_address>0x94c8</run_address>
         <size>0x14</size>
         <input_file_ref idref="fl-e0"/>
      </object_component>
      <object_component id="oc-22f">
         <name>.text:wcslen</name>
         <load_address>0x94dc</load_address>
         <run_address>0x94dc</run_address>
         <size>0x12</size>
         <input_file_ref idref="fl-c8"/>
      </object_component>
      <object_component id="oc-9c">
         <name>.text:IntMasterEnable</name>
         <load_address>0x94ee</load_address>
         <run_address>0x94ee</run_address>
         <size>0x10</size>
         <input_file_ref idref="fl-104"/>
      </object_component>
      <object_component id="oc-a2">
         <name>.text:__time32</name>
         <load_address>0x94fe</load_address>
         <run_address>0x94fe</run_address>
         <size>0xe</size>
         <input_file_ref idref="fl-e4"/>
      </object_component>
      <object_component id="oc-18">
         <name>.text:decompress:none:__TI_decompress_none</name>
         <load_address>0x950c</load_address>
         <run_address>0x950c</run_address>
         <size>0xe</size>
         <input_file_ref idref="fl-d3"/>
      </object_component>
      <object_component id="oc-15d">
         <name>.text:CPUcpsie</name>
         <load_address>0x951a</load_address>
         <run_address>0x951a</run_address>
         <size>0xc</size>
         <input_file_ref idref="fl-105"/>
      </object_component>
      <object_component id="oc-53">
         <name>.text:decompress:ZI:__TI_zero_init</name>
         <load_address>0x9526</load_address>
         <run_address>0x9526</run_address>
         <size>0xc</size>
         <input_file_ref idref="fl-d2"/>
      </object_component>
      <object_component id="oc-27">
         <name>.text</name>
         <load_address>0x9532</load_address>
         <run_address>0x9532</run_address>
         <size>0xc</size>
         <input_file_ref idref="fl-5"/>
      </object_component>
      <object_component id="oc-150">
         <name>.text:_outc</name>
         <load_address>0x953e</load_address>
         <run_address>0x953e</run_address>
         <size>0xa</size>
         <input_file_ref idref="fl-c3"/>
      </object_component>
      <object_component id="oc-235">
         <name>.text:__aeabi_errno_addr</name>
         <load_address>0x9548</load_address>
         <run_address>0x9548</run_address>
         <size>0x8</size>
         <input_file_ref idref="fl-e1"/>
      </object_component>
      <object_component id="oc-3fb">
         <name>.text:malloc</name>
         <load_address>0x9550</load_address>
         <run_address>0x9550</run_address>
         <size>0x8</size>
         <input_file_ref idref="fl-dd"/>
      </object_component>
      <object_component id="oc-1ee">
         <name>.text:_outc</name>
         <load_address>0x9558</load_address>
         <run_address>0x9558</run_address>
         <size>0x4</size>
         <input_file_ref idref="fl-c1"/>
      </object_component>
      <object_component id="oc-1e8">
         <name>.text:_outs</name>
         <load_address>0x955c</load_address>
         <run_address>0x955c</run_address>
         <size>0x4</size>
         <input_file_ref idref="fl-c1"/>
      </object_component>
      <object_component id="oc-dc">
         <name>.text:_system_pre_init</name>
         <load_address>0x9560</load_address>
         <run_address>0x9560</run_address>
         <size>0x4</size>
         <input_file_ref idref="fl-ed"/>
      </object_component>
      <object_component id="oc-194">
         <name>.text:abort:abort</name>
         <load_address>0x9564</load_address>
         <run_address>0x9564</run_address>
         <size>0x4</size>
         <input_file_ref idref="fl-d5"/>
      </object_component>
      <object_component id="oc-2b3">
         <name>.const:.string:_ctypes_</name>
         <load_address>0x9568</load_address>
         <run_address>0x9568</run_address>
         <size>0x101</size>
         <input_file_ref idref="fl-d8"/>
      </object_component>
      <object_component id="oc-129">
         <name>.const:.string:$P$T0$1</name>
         <load_address>0x9669</load_address>
         <run_address>0x9669</run_address>
         <size>0x8</size>
         <input_file_ref idref="fl-4"/>
      </object_component>
      <object_component id="oc-12c">
         <name>.const:.string:$P$T1$2</name>
         <load_address>0x9671</load_address>
         <run_address>0x9671</run_address>
         <size>0x8</size>
         <input_file_ref idref="fl-4"/>
      </object_component>
      <object_component id="oc-100">
         <name>.const:$P$T0$1</name>
         <load_address>0x9679</load_address>
         <run_address>0x9679</run_address>
         <size>0x3</size>
         <input_file_ref idref="fl-1"/>
      </object_component>
      <object_component id="oc-51a">
         <name>.cinit..data.load</name>
         <load_address>0x9680</load_address>
         <run_address>0x9680</run_address>
         <size>0x90</size>
      </object_component>
      <object_component id="oc-518">
         <name>__TI_handler_table</name>
         <load_address>0x9710</load_address>
         <run_address>0x9710</run_address>
         <size>0xc</size>
      </object_component>
      <object_component id="oc-51b">
         <name>.cinit..bss.load</name>
         <load_address>0x9720</load_address>
         <run_address>0x9720</run_address>
         <size>0x8</size>
      </object_component>
      <object_component id="oc-519">
         <name>__TI_cinit_table</name>
         <load_address>0x9728</load_address>
         <run_address>0x9728</run_address>
         <size>0x10</size>
      </object_component>
      <object_component id="oc-fa">
         <name>.data</name>
         <load_address>0x20004774</load_address>
         <run_address>0x20004774</run_address>
         <size>0x1</size>
         <input_file_ref idref="fl-1"/>
      </object_component>
      <object_component id="oc-107">
         <name>.data</name>
         <load_address>0x20004750</load_address>
         <run_address>0x20004750</run_address>
         <size>0xc</size>
         <input_file_ref idref="fl-2"/>
      </object_component>
      <object_component id="oc-90">
         <name>.data</name>
         <load_address>0x20004708</load_address>
         <run_address>0x20004708</run_address>
         <size>0x2c</size>
         <input_file_ref idref="fl-3"/>
      </object_component>
      <object_component id="oc-11b">
         <name>.data</name>
         <load_address>0x200046c8</load_address>
         <run_address>0x200046c8</run_address>
         <size>0x40</size>
         <input_file_ref idref="fl-4"/>
      </object_component>
      <object_component id="oc-27c">
         <name>.data:$O1$$</name>
         <load_address>0x20004744</load_address>
         <run_address>0x20004744</run_address>
         <size>0xc</size>
         <input_file_ref idref="fl-d5"/>
      </object_component>
      <object_component id="oc-176">
         <name>.data:$O1$$</name>
         <load_address>0x2000475c</load_address>
         <run_address>0x2000475c</run_address>
         <size>0x8</size>
         <input_file_ref idref="fl-d6"/>
      </object_component>
      <object_component id="oc-1e5">
         <name>.data:_ftable</name>
         <load_address>0x20004510</load_address>
         <run_address>0x20004510</run_address>
         <size>0xf0</size>
         <input_file_ref idref="fl-d9"/>
      </object_component>
      <object_component id="oc-444">
         <name>.data</name>
         <load_address>0x20004734</load_address>
         <run_address>0x20004734</run_address>
         <size>0x10</size>
         <input_file_ref idref="fl-d9"/>
      </object_component>
      <object_component id="oc-47a">
         <name>.data:$O1$$</name>
         <load_address>0x20004764</load_address>
         <run_address>0x20004764</run_address>
         <size>0x8</size>
         <input_file_ref idref="fl-dd"/>
      </object_component>
      <object_component id="oc-179">
         <name>.data</name>
         <load_address>0x20004770</load_address>
         <run_address>0x20004770</run_address>
         <size>0x4</size>
         <input_file_ref idref="fl-de"/>
      </object_component>
      <object_component id="oc-31a">
         <name>.data</name>
         <load_address>0x2000476c</load_address>
         <run_address>0x2000476c</run_address>
         <size>0x4</size>
         <input_file_ref idref="fl-e1"/>
      </object_component>
      <object_component id="oc-414">
         <name>.data:_device</name>
         <load_address>0x20004600</load_address>
         <run_address>0x20004600</run_address>
         <size>0x78</size>
         <input_file_ref idref="fl-e3"/>
      </object_component>
      <object_component id="oc-3d3">
         <name>.data:_stream</name>
         <load_address>0x20004678</load_address>
         <run_address>0x20004678</run_address>
         <size>0x50</size>
         <input_file_ref idref="fl-e3"/>
      </object_component>
      <object_component id="oc-330">
         <name>.bss:_CIOBUF_</name>
         <uninitialized>true</uninitialized>
         <run_address>0x200032a4</run_address>
         <size>0x120</size>
         <input_file_ref idref="fl-f8"/>
      </object_component>
      <object_component id="oc-fd">
         <name>.common:lightwand_delay</name>
         <uninitialized>true</uninitialized>
         <run_address>0x20003500</run_address>
         <size>0x4</size>
      </object_component>
      <object_component id="oc-10c">
         <name>.common:main_menu_items</name>
         <uninitialized>true</uninitialized>
         <run_address>0x20002f20</run_address>
         <size>0x12c</size>
      </object_component>
      <object_component id="oc-104">
         <name>.common:menu_items</name>
         <uninitialized>true</uninitialized>
         <run_address>0x2000304c</run_address>
         <size>0x12c</size>
      </object_component>
      <object_component id="oc-10a">
         <name>.common:menu_items2</name>
         <uninitialized>true</uninitialized>
         <run_address>0x20003178</run_address>
         <size>0x12c</size>
      </object_component>
      <object_component id="oc-10b">
         <name>.common:string</name>
         <uninitialized>true</uninitialized>
         <run_address>0x20003464</run_address>
         <size>0x80</size>
      </object_component>
      <object_component id="oc-93">
         <name>.common:led_colors</name>
         <uninitialized>true</uninitialized>
         <run_address>0x20002bc0</run_address>
         <size>0x1b0</size>
      </object_component>
      <object_component id="oc-116">
         <name>.common:Timer1</name>
         <uninitialized>true</uninitialized>
         <run_address>0x2000350c</run_address>
         <size>0x1</size>
      </object_component>
      <object_component id="oc-113">
         <name>.common:Timer2</name>
         <uninitialized>true</uninitialized>
         <run_address>0x2000350d</run_address>
         <size>0x1</size>
      </object_component>
      <object_component id="oc-119">
         <name>.common:lba_begin_address</name>
         <uninitialized>true</uninitialized>
         <run_address>0x200034fc</run_address>
         <size>0x4</size>
      </object_component>
      <object_component id="oc-11a">
         <name>.common:number_of_sectors</name>
         <uninitialized>true</uninitialized>
         <run_address>0x20003504</run_address>
         <size>0x4</size>
      </object_component>
      <object_component id="oc-11f">
         <name>.common:lba_addr</name>
         <uninitialized>true</uninitialized>
         <run_address>0x200034f8</run_address>
         <size>0x4</size>
      </object_component>
      <object_component id="oc-120">
         <name>.common:cluster_begin_lba</name>
         <uninitialized>true</uninitialized>
         <run_address>0x200034f0</run_address>
         <size>0x4</size>
      </object_component>
      <object_component id="oc-11e">
         <name>.common:fat_begin_lba</name>
         <uninitialized>true</uninitialized>
         <run_address>0x200034f4</run_address>
         <size>0x4</size>
      </object_component>
      <object_component id="oc-118">
         <name>.common:root_dir_first_cluster</name>
         <uninitialized>true</uninitialized>
         <run_address>0x20003508</run_address>
         <size>0x4</size>
      </object_component>
      <object_component id="oc-127">
         <name>.common:BrightLimit</name>
         <uninitialized>true</uninitialized>
         <run_address>0x200034ec</run_address>
         <size>0x4</size>
      </object_component>
      <object_component id="oc-128">
         <name>.common:pixel_content</name>
         <uninitialized>true</uninitialized>
         <run_address>0x20002d70</run_address>
         <size>0x1b0</size>
      </object_component>
      <object_component id="oc-117">
         <name>.common:file_dir</name>
         <uninitialized>true</uninitialized>
         <run_address>0x20000000</run_address>
         <size>0x2bc0</size>
      </object_component>
      <object_component id="oc-492">
         <name>.common:__TI_tmpnams</name>
         <uninitialized>true</uninitialized>
         <run_address>0x200033c4</run_address>
         <size>0xa0</size>
      </object_component>
      <object_component id="oc-25d">
         <name>.common:parmbuf</name>
         <uninitialized>true</uninitialized>
         <run_address>0x200034e4</run_address>
         <size>0x8</size>
      </object_component>
      <object_component id="oc-21">
         <name>.sysmem</name>
         <uninitialized>true</uninitialized>
         <run_address>0x20003d10</run_address>
         <size>0x10</size>
         <input_file_ref idref="fl-dd"/>
      </object_component>
      <object_component id="oc-51d">
         <name>.sysmem</name>
         <uninitialized>true</uninitialized>
         <run_address>0x20003d10</run_address>
         <size>0x0</size>
      </object_component>
      <object_component id="oc-24">
         <name>.stack</name>
         <uninitialized>true</uninitialized>
         <run_address>0x20003510</run_address>
         <size>0x4</size>
         <input_file_ref idref="fl-e5"/>
      </object_component>
      <object_component id="oc-51c">
         <name>.stack</name>
         <uninitialized>true</uninitialized>
         <run_address>0x20003510</run_address>
         <size>0x0</size>
      </object_component>
      <object_component id="oc-fe">
         <name>.debug_info</name>
         <load_address>0x0</load_address>
         <run_address>0x0</run_address>
         <size>0x334</size>
         <input_file_ref idref="fl-1"/>
      </object_component>
      <object_component id="oc-fb">
         <name>.debug_info</name>
         <load_address>0x334</load_address>
         <run_address>0x334</run_address>
         <size>0xfc</size>
         <input_file_ref idref="fl-1"/>
      </object_component>
      <object_component id="oc-101">
         <name>.debug_info</name>
         <load_address>0x430</load_address>
         <run_address>0x430</run_address>
         <size>0xe1</size>
         <input_file_ref idref="fl-1"/>
      </object_component>
      <object_component id="oc-79">
         <name>.debug_info</name>
         <load_address>0x511</load_address>
         <run_address>0x511</run_address>
         <size>0x540</size>
         <input_file_ref idref="fl-1"/>
      </object_component>
      <object_component id="oc-bc">
         <name>.debug_info</name>
         <load_address>0xa51</load_address>
         <run_address>0xa51</run_address>
         <size>0x26b</size>
         <input_file_ref idref="fl-1"/>
      </object_component>
      <object_component id="oc-3c">
         <name>.debug_info</name>
         <load_address>0xcbc</load_address>
         <run_address>0xcbc</run_address>
         <size>0x84</size>
         <input_file_ref idref="fl-1"/>
      </object_component>
      <object_component id="oc-17f">
         <name>.debug_info</name>
         <load_address>0xd40</load_address>
         <run_address>0xd40</run_address>
         <size>0x297</size>
         <input_file_ref idref="fl-1"/>
      </object_component>
      <object_component id="oc-b5">
         <name>.debug_info</name>
         <load_address>0xfd7</load_address>
         <run_address>0xfd7</run_address>
         <size>0xbb</size>
         <input_file_ref idref="fl-1"/>
      </object_component>
      <object_component id="oc-105">
         <name>.debug_info</name>
         <load_address>0x1092</load_address>
         <run_address>0x1092</run_address>
         <size>0x3df</size>
         <input_file_ref idref="fl-2"/>
      </object_component>
      <object_component id="oc-108">
         <name>.debug_info</name>
         <load_address>0x1471</load_address>
         <run_address>0x1471</run_address>
         <size>0x146</size>
         <input_file_ref idref="fl-2"/>
      </object_component>
      <object_component id="oc-7f">
         <name>.debug_info</name>
         <load_address>0x15b7</load_address>
         <run_address>0x15b7</run_address>
         <size>0x36b8</size>
         <input_file_ref idref="fl-2"/>
      </object_component>
      <object_component id="oc-13a">
         <name>.debug_info</name>
         <load_address>0x4c6f</load_address>
         <run_address>0x4c6f</run_address>
         <size>0x189</size>
         <input_file_ref idref="fl-2"/>
      </object_component>
      <object_component id="oc-13f">
         <name>.debug_info</name>
         <load_address>0x4df8</load_address>
         <run_address>0x4df8</run_address>
         <size>0x35</size>
         <input_file_ref idref="fl-2"/>
      </object_component>
      <object_component id="oc-10e">
         <name>.debug_info</name>
         <load_address>0x4e2d</load_address>
         <run_address>0x4e2d</run_address>
         <size>0x3f</size>
         <input_file_ref idref="fl-2"/>
      </object_component>
      <object_component id="oc-94">
         <name>.debug_info</name>
         <load_address>0x4e6c</load_address>
         <run_address>0x4e6c</run_address>
         <size>0xae3</size>
         <input_file_ref idref="fl-3"/>
      </object_component>
      <object_component id="oc-91">
         <name>.debug_info</name>
         <load_address>0x594f</load_address>
         <run_address>0x594f</run_address>
         <size>0x325</size>
         <input_file_ref idref="fl-3"/>
      </object_component>
      <object_component id="oc-2e">
         <name>.debug_info</name>
         <load_address>0x5c74</load_address>
         <run_address>0x5c74</run_address>
         <size>0x229b</size>
         <input_file_ref idref="fl-3"/>
      </object_component>
      <object_component id="oc-130">
         <name>.debug_info</name>
         <load_address>0x7f0f</load_address>
         <run_address>0x7f0f</run_address>
         <size>0x91</size>
         <input_file_ref idref="fl-3"/>
      </object_component>
      <object_component id="oc-114">
         <name>.debug_info</name>
         <load_address>0x7fa0</load_address>
         <run_address>0x7fa0</run_address>
         <size>0x6c6</size>
         <input_file_ref idref="fl-4"/>
      </object_component>
      <object_component id="oc-11c">
         <name>.debug_info</name>
         <load_address>0x8666</load_address>
         <run_address>0x8666</run_address>
         <size>0x347</size>
         <input_file_ref idref="fl-4"/>
      </object_component>
      <object_component id="oc-12a">
         <name>.debug_info</name>
         <load_address>0x89ad</load_address>
         <run_address>0x89ad</run_address>
         <size>0xe3</size>
         <input_file_ref idref="fl-4"/>
      </object_component>
      <object_component id="oc-12d">
         <name>.debug_info</name>
         <load_address>0x8a90</load_address>
         <run_address>0x8a90</run_address>
         <size>0xe3</size>
         <input_file_ref idref="fl-4"/>
      </object_component>
      <object_component id="oc-85">
         <name>.debug_info</name>
         <load_address>0x8b73</load_address>
         <run_address>0x8b73</run_address>
         <size>0x215b</size>
         <input_file_ref idref="fl-4"/>
      </object_component>
      <object_component id="oc-1de">
         <name>.debug_info</name>
         <load_address>0xacce</load_address>
         <run_address>0xacce</run_address>
         <size>0x16c</size>
         <input_file_ref idref="fl-4"/>
      </object_component>
      <object_component id="oc-158">
         <name>.debug_info</name>
         <load_address>0xae3a</load_address>
         <run_address>0xae3a</run_address>
         <size>0x2c</size>
         <input_file_ref idref="fl-4"/>
      </object_component>
      <object_component id="oc-35">
         <name>.debug_info</name>
         <load_address>0xae66</load_address>
         <run_address>0xae66</run_address>
         <size>0x314</size>
         <input_file_ref idref="fl-5"/>
      </object_component>
      <object_component id="oc-10">
         <name>.debug_info</name>
         <load_address>0xb17a</load_address>
         <run_address>0xb17a</run_address>
         <size>0xff</size>
         <input_file_ref idref="fl-5"/>
      </object_component>
      <object_component id="oc-28">
         <name>.debug_info</name>
         <load_address>0xb279</load_address>
         <run_address>0xb279</run_address>
         <size>0x27b</size>
         <input_file_ref idref="fl-5"/>
      </object_component>
      <object_component id="oc-8b">
         <name>.debug_info</name>
         <load_address>0xb4f4</load_address>
         <run_address>0xb4f4</run_address>
         <size>0x1e3</size>
         <input_file_ref idref="fl-6"/>
      </object_component>
      <object_component id="oc-1f5">
         <name>.debug_info</name>
         <load_address>0xb6d7</load_address>
         <run_address>0xb6d7</run_address>
         <size>0x3e6</size>
         <input_file_ref idref="fl-c1"/>
      </object_component>
      <object_component id="oc-1ef">
         <name>.debug_info</name>
         <load_address>0xbabd</load_address>
         <run_address>0xbabd</run_address>
         <size>0x158</size>
         <input_file_ref idref="fl-c1"/>
      </object_component>
      <object_component id="oc-1e9">
         <name>.debug_info</name>
         <load_address>0xbc15</load_address>
         <run_address>0xbc15</run_address>
         <size>0x167</size>
         <input_file_ref idref="fl-c1"/>
      </object_component>
      <object_component id="oc-122">
         <name>.debug_info</name>
         <load_address>0xbd7c</load_address>
         <run_address>0xbd7c</run_address>
         <size>0x1ad</size>
         <input_file_ref idref="fl-c1"/>
      </object_component>
      <object_component id="oc-2ac">
         <name>.debug_info</name>
         <load_address>0xbf29</load_address>
         <run_address>0xbf29</run_address>
         <size>0xb2</size>
         <input_file_ref idref="fl-c1"/>
      </object_component>
      <object_component id="oc-23c">
         <name>.debug_info</name>
         <load_address>0xbfdb</load_address>
         <run_address>0xbfdb</run_address>
         <size>0x57c</size>
         <input_file_ref idref="fl-c2"/>
      </object_component>
      <object_component id="oc-207">
         <name>.debug_info</name>
         <load_address>0xc557</load_address>
         <run_address>0xc557</run_address>
         <size>0x21f</size>
         <input_file_ref idref="fl-c2"/>
      </object_component>
      <object_component id="oc-2e4">
         <name>.debug_info</name>
         <load_address>0xc776</load_address>
         <run_address>0xc776</run_address>
         <size>0x1b4</size>
         <input_file_ref idref="fl-c2"/>
      </object_component>
      <object_component id="oc-2ea">
         <name>.debug_info</name>
         <load_address>0xc92a</load_address>
         <run_address>0xc92a</run_address>
         <size>0x21c</size>
         <input_file_ref idref="fl-c2"/>
      </object_component>
      <object_component id="oc-212">
         <name>.debug_info</name>
         <load_address>0xcb46</load_address>
         <run_address>0xcb46</run_address>
         <size>0x3bc</size>
         <input_file_ref idref="fl-c2"/>
      </object_component>
      <object_component id="oc-2f1">
         <name>.debug_info</name>
         <load_address>0xcf02</load_address>
         <run_address>0xcf02</run_address>
         <size>0x306</size>
         <input_file_ref idref="fl-c2"/>
      </object_component>
      <object_component id="oc-2f7">
         <name>.debug_info</name>
         <load_address>0xd208</load_address>
         <run_address>0xd208</run_address>
         <size>0x216</size>
         <input_file_ref idref="fl-c2"/>
      </object_component>
      <object_component id="oc-218">
         <name>.debug_info</name>
         <load_address>0xd41e</load_address>
         <run_address>0xd41e</run_address>
         <size>0x216</size>
         <input_file_ref idref="fl-c2"/>
      </object_component>
      <object_component id="oc-21e">
         <name>.debug_info</name>
         <load_address>0xd634</load_address>
         <run_address>0xd634</run_address>
         <size>0x305</size>
         <input_file_ref idref="fl-c2"/>
      </object_component>
      <object_component id="oc-224">
         <name>.debug_info</name>
         <load_address>0xd939</load_address>
         <run_address>0xd939</run_address>
         <size>0x4b1</size>
         <input_file_ref idref="fl-c2"/>
      </object_component>
      <object_component id="oc-145">
         <name>.debug_info</name>
         <load_address>0xddea</load_address>
         <run_address>0xddea</run_address>
         <size>0x5f5</size>
         <input_file_ref idref="fl-c2"/>
      </object_component>
      <object_component id="oc-23d">
         <name>.debug_info</name>
         <load_address>0xe3df</load_address>
         <run_address>0xe3df</run_address>
         <size>0x86</size>
         <input_file_ref idref="fl-c2"/>
      </object_component>
      <object_component id="oc-326">
         <name>.debug_info</name>
         <load_address>0xe465</load_address>
         <run_address>0xe465</run_address>
         <size>0x39</size>
         <input_file_ref idref="fl-c2"/>
      </object_component>
      <object_component id="oc-3ac">
         <name>.debug_info</name>
         <load_address>0xe49e</load_address>
         <run_address>0xe49e</run_address>
         <size>0xb6</size>
         <input_file_ref idref="fl-c2"/>
      </object_component>
      <object_component id="oc-32b">
         <name>.debug_info</name>
         <load_address>0xe554</load_address>
         <run_address>0xe554</run_address>
         <size>0x46</size>
         <input_file_ref idref="fl-c2"/>
      </object_component>
      <object_component id="oc-242">
         <name>.debug_info</name>
         <load_address>0xe59a</load_address>
         <run_address>0xe59a</run_address>
         <size>0x46</size>
         <input_file_ref idref="fl-c2"/>
      </object_component>
      <object_component id="oc-321">
         <name>.debug_info</name>
         <load_address>0xe5e0</load_address>
         <run_address>0xe5e0</run_address>
         <size>0x2c</size>
         <input_file_ref idref="fl-c2"/>
      </object_component>
      <object_component id="oc-157">
         <name>.debug_info</name>
         <load_address>0xe60c</load_address>
         <run_address>0xe60c</run_address>
         <size>0x334</size>
         <input_file_ref idref="fl-c3"/>
      </object_component>
      <object_component id="oc-97">
         <name>.debug_info</name>
         <load_address>0xe940</load_address>
         <run_address>0xe940</run_address>
         <size>0x1d2</size>
         <input_file_ref idref="fl-c3"/>
      </object_component>
      <object_component id="oc-14b">
         <name>.debug_info</name>
         <load_address>0xeb12</load_address>
         <run_address>0xeb12</run_address>
         <size>0x18e</size>
         <input_file_ref idref="fl-c3"/>
      </object_component>
      <object_component id="oc-151">
         <name>.debug_info</name>
         <load_address>0xeca0</load_address>
         <run_address>0xeca0</run_address>
         <size>0x16e</size>
         <input_file_ref idref="fl-c3"/>
      </object_component>
      <object_component id="oc-374">
         <name>.debug_info</name>
         <load_address>0xee0e</load_address>
         <run_address>0xee0e</run_address>
         <size>0x384</size>
         <input_file_ref idref="fl-c4"/>
      </object_component>
      <object_component id="oc-2a4">
         <name>.debug_info</name>
         <load_address>0xf192</load_address>
         <run_address>0xf192</run_address>
         <size>0x1eb</size>
         <input_file_ref idref="fl-c4"/>
      </object_component>
      <object_component id="oc-372">
         <name>.debug_info</name>
         <load_address>0xf37d</load_address>
         <run_address>0xf37d</run_address>
         <size>0x3fd</size>
         <input_file_ref idref="fl-c5"/>
      </object_component>
      <object_component id="oc-29d">
         <name>.debug_info</name>
         <load_address>0xf77a</load_address>
         <run_address>0xf77a</run_address>
         <size>0x2e3</size>
         <input_file_ref idref="fl-c5"/>
      </object_component>
      <object_component id="oc-18b">
         <name>.debug_info</name>
         <load_address>0xfa5d</load_address>
         <run_address>0xfa5d</run_address>
         <size>0x2c</size>
         <input_file_ref idref="fl-c5"/>
      </object_component>
      <object_component id="oc-3ce">
         <name>.debug_info</name>
         <load_address>0xfa89</load_address>
         <run_address>0xfa89</run_address>
         <size>0x301</size>
         <input_file_ref idref="fl-c6"/>
      </object_component>
      <object_component id="oc-35a">
         <name>.debug_info</name>
         <load_address>0xfd8a</load_address>
         <run_address>0xfd8a</run_address>
         <size>0x19d</size>
         <input_file_ref idref="fl-c6"/>
      </object_component>
      <object_component id="oc-409">
         <name>.debug_info</name>
         <load_address>0xff27</load_address>
         <run_address>0xff27</run_address>
         <size>0xbf</size>
         <input_file_ref idref="fl-c6"/>
      </object_component>
      <object_component id="oc-408">
         <name>.debug_info</name>
         <load_address>0xffe6</load_address>
         <run_address>0xffe6</run_address>
         <size>0x375</size>
         <input_file_ref idref="fl-c7"/>
      </object_component>
      <object_component id="oc-3c8">
         <name>.debug_info</name>
         <load_address>0x1035b</load_address>
         <run_address>0x1035b</run_address>
         <size>0x20c</size>
         <input_file_ref idref="fl-c7"/>
      </object_component>
      <object_component id="oc-319">
         <name>.debug_info</name>
         <load_address>0x10567</load_address>
         <run_address>0x10567</run_address>
         <size>0x290</size>
         <input_file_ref idref="fl-c8"/>
      </object_component>
      <object_component id="oc-230">
         <name>.debug_info</name>
         <load_address>0x107f7</load_address>
         <run_address>0x107f7</run_address>
         <size>0x15b</size>
         <input_file_ref idref="fl-c8"/>
      </object_component>
      <object_component id="oc-3a1">
         <name>.debug_info</name>
         <load_address>0x10952</load_address>
         <run_address>0x10952</run_address>
         <size>0x46</size>
         <input_file_ref idref="fl-c8"/>
      </object_component>
      <object_component id="oc-314">
         <name>.debug_info</name>
         <load_address>0x10998</load_address>
         <run_address>0x10998</run_address>
         <size>0x39</size>
         <input_file_ref idref="fl-c8"/>
      </object_component>
      <object_component id="oc-2b9">
         <name>.debug_info</name>
         <load_address>0x109d1</load_address>
         <run_address>0x109d1</run_address>
         <size>0x135</size>
         <input_file_ref idref="fl-c9"/>
      </object_component>
      <object_component id="oc-d7">
         <name>.debug_info</name>
         <load_address>0x10b06</load_address>
         <run_address>0x10b06</run_address>
         <size>0x148</size>
         <input_file_ref idref="fl-ca"/>
      </object_component>
      <object_component id="oc-2df">
         <name>.debug_info</name>
         <load_address>0x10c4e</load_address>
         <run_address>0x10c4e</run_address>
         <size>0x14d</size>
         <input_file_ref idref="fl-cb"/>
      </object_component>
      <object_component id="oc-20d">
         <name>.debug_info</name>
         <load_address>0x10d9b</load_address>
         <run_address>0x10d9b</run_address>
         <size>0x129</size>
         <input_file_ref idref="fl-cc"/>
      </object_component>
      <object_component id="oc-2ca">
         <name>.debug_info</name>
         <load_address>0x10ec4</load_address>
         <run_address>0x10ec4</run_address>
         <size>0x12b</size>
         <input_file_ref idref="fl-cc"/>
      </object_component>
      <object_component id="oc-2c5">
         <name>.debug_info</name>
         <load_address>0x10fef</load_address>
         <run_address>0x10fef</run_address>
         <size>0x13b</size>
         <input_file_ref idref="fl-cd"/>
      </object_component>
      <object_component id="oc-2c0">
         <name>.debug_info</name>
         <load_address>0x1112a</load_address>
         <run_address>0x1112a</run_address>
         <size>0x13b</size>
         <input_file_ref idref="fl-ce"/>
      </object_component>
      <object_component id="oc-2cf">
         <name>.debug_info</name>
         <load_address>0x11265</load_address>
         <run_address>0x11265</run_address>
         <size>0x12f</size>
         <input_file_ref idref="fl-cf"/>
      </object_component>
      <object_component id="oc-2da">
         <name>.debug_info</name>
         <load_address>0x11394</load_address>
         <run_address>0x11394</run_address>
         <size>0x12d</size>
         <input_file_ref idref="fl-d0"/>
      </object_component>
      <object_component id="oc-42">
         <name>.debug_info</name>
         <load_address>0x114c1</load_address>
         <run_address>0x114c1</run_address>
         <size>0x11a</size>
         <input_file_ref idref="fl-d1"/>
      </object_component>
      <object_component id="oc-d5">
         <name>.debug_info</name>
         <load_address>0x115db</load_address>
         <run_address>0x115db</run_address>
         <size>0x2d5</size>
         <input_file_ref idref="fl-d2"/>
      </object_component>
      <object_component id="oc-54">
         <name>.debug_info</name>
         <load_address>0x118b0</load_address>
         <run_address>0x118b0</run_address>
         <size>0x1b6</size>
         <input_file_ref idref="fl-d2"/>
      </object_component>
      <object_component id="oc-d0">
         <name>.debug_info</name>
         <load_address>0x11a66</load_address>
         <run_address>0x11a66</run_address>
         <size>0x46</size>
         <input_file_ref idref="fl-d2"/>
      </object_component>
      <object_component id="oc-4c">
         <name>.debug_info</name>
         <load_address>0x11aac</load_address>
         <run_address>0x11aac</run_address>
         <size>0x2a9</size>
         <input_file_ref idref="fl-d3"/>
      </object_component>
      <object_component id="oc-19">
         <name>.debug_info</name>
         <load_address>0x11d55</load_address>
         <run_address>0x11d55</run_address>
         <size>0x1eb</size>
         <input_file_ref idref="fl-d3"/>
      </object_component>
      <object_component id="oc-47">
         <name>.debug_info</name>
         <load_address>0x11f40</load_address>
         <run_address>0x11f40</run_address>
         <size>0x46</size>
         <input_file_ref idref="fl-d3"/>
      </object_component>
      <object_component id="oc-c8">
         <name>.debug_info</name>
         <load_address>0x11f86</load_address>
         <run_address>0x11f86</run_address>
         <size>0x2c</size>
         <input_file_ref idref="fl-d3"/>
      </object_component>
      <object_component id="oc-c6">
         <name>.debug_info</name>
         <load_address>0x11fb2</load_address>
         <run_address>0x11fb2</run_address>
         <size>0x29f</size>
         <input_file_ref idref="fl-d4"/>
      </object_component>
      <object_component id="oc-13">
         <name>.debug_info</name>
         <load_address>0x12251</load_address>
         <run_address>0x12251</run_address>
         <size>0x251</size>
         <input_file_ref idref="fl-d4"/>
      </object_component>
      <object_component id="oc-37">
         <name>.debug_info</name>
         <load_address>0x124a2</load_address>
         <run_address>0x124a2</run_address>
         <size>0x60</size>
         <input_file_ref idref="fl-d4"/>
      </object_component>
      <object_component id="oc-184">
         <name>.debug_info</name>
         <load_address>0x12502</load_address>
         <run_address>0x12502</run_address>
         <size>0x46</size>
         <input_file_ref idref="fl-d4"/>
      </object_component>
      <object_component id="oc-c1">
         <name>.debug_info</name>
         <load_address>0x12548</load_address>
         <run_address>0x12548</run_address>
         <size>0x39</size>
         <input_file_ref idref="fl-d4"/>
      </object_component>
      <object_component id="oc-280">
         <name>.debug_info</name>
         <load_address>0x12581</load_address>
         <run_address>0x12581</run_address>
         <size>0x3ae</size>
         <input_file_ref idref="fl-d5"/>
      </object_component>
      <object_component id="oc-27d">
         <name>.debug_info</name>
         <load_address>0x1292f</load_address>
         <run_address>0x1292f</run_address>
         <size>0x191</size>
         <input_file_ref idref="fl-d5"/>
      </object_component>
      <object_component id="oc-195">
         <name>.debug_info</name>
         <load_address>0x12ac0</load_address>
         <run_address>0x12ac0</run_address>
         <size>0x123</size>
         <input_file_ref idref="fl-d5"/>
      </object_component>
      <object_component id="oc-19b">
         <name>.debug_info</name>
         <load_address>0x12be3</load_address>
         <run_address>0x12be3</run_address>
         <size>0x185</size>
         <input_file_ref idref="fl-d5"/>
      </object_component>
      <object_component id="oc-275">
         <name>.debug_info</name>
         <load_address>0x12d68</load_address>
         <run_address>0x12d68</run_address>
         <size>0x2ca</size>
         <input_file_ref idref="fl-d6"/>
      </object_component>
      <object_component id="oc-177">
         <name>.debug_info</name>
         <load_address>0x13032</load_address>
         <run_address>0x13032</run_address>
         <size>0x11f</size>
         <input_file_ref idref="fl-d6"/>
      </object_component>
      <object_component id="oc-26e">
         <name>.debug_info</name>
         <load_address>0x13151</load_address>
         <run_address>0x13151</run_address>
         <size>0x12f</size>
         <input_file_ref idref="fl-d6"/>
      </object_component>
      <object_component id="oc-2b7">
         <name>.debug_info</name>
         <load_address>0x13280</load_address>
         <run_address>0x13280</run_address>
         <size>0x2ba</size>
         <input_file_ref idref="fl-d7"/>
      </object_component>
      <object_component id="oc-201">
         <name>.debug_info</name>
         <load_address>0x1353a</load_address>
         <run_address>0x1353a</run_address>
         <size>0x17d</size>
         <input_file_ref idref="fl-d7"/>
      </object_component>
      <object_component id="oc-379">
         <name>.debug_info</name>
         <load_address>0x136b7</load_address>
         <run_address>0x136b7</run_address>
         <size>0xfa</size>
         <input_file_ref idref="fl-d8"/>
      </object_component>
      <object_component id="oc-2b4">
         <name>.debug_info</name>
         <load_address>0x137b1</load_address>
         <run_address>0x137b1</run_address>
         <size>0x106</size>
         <input_file_ref idref="fl-d8"/>
      </object_component>
      <object_component id="oc-29a">
         <name>.debug_info</name>
         <load_address>0x138b7</load_address>
         <run_address>0x138b7</run_address>
         <size>0x145</size>
[...]
      </symbol>
      <symbol id="sm-650">
         <name>read_disk_data</name>
         <value>0x7d9</value>
         <object_component_ref idref="oc-84"/>
      </symbol>
      <symbol id="sm-651">
         <name>is_file_or_dir</name>
         <value>0x23c5</value>
         <object_component_ref idref="oc-84"/>
      </symbol>
      <symbol id="sm-652">
         <name>num2</name>
         <value>0x20004704</value>
         <object_component_ref idref="oc-11b"/>
      </symbol>
      <symbol id="sm-653">
         <name>finish</name>
         <value>0x200046db</value>
         <object_component_ref idref="oc-11b"/>
      </symbol>
      <symbol id="sm-654">
         <name>clean_name</name>
         <value>0x21fd</value>
         <object_component_ref idref="oc-84"/>
      </symbol>
      <symbol id="sm-655">
         <name>cluster_dir</name>
         <value>0x200046d0</value>
         <object_component_ref idref="oc-11b"/>
      </symbol>
      <symbol id="sm-656">
         <name>filter_by_extension</name>
         <value>0x254d</value>
         <object_component_ref idref="oc-84"/>
      </symbol>
      <symbol id="sm-657">
         <name>read_first_sector</name>
         <value>0x70b</value>
         <object_component_ref idref="oc-84"/>
      </symbol>
      <symbol id="sm-658">
         <name>number</name>
         <value>0x200046e8</value>
         <object_component_ref idref="oc-11b"/>
      </symbol>
      <symbol id="sm-659">
         <name>change_speed</name>
         <value>0x6c5</value>
         <object_component_ref idref="oc-84"/>
      </symbol>
      <symbol id="sm-65a">
         <name>to_leds</name>
         <value>0x2905</value>
         <object_component_ref idref="oc-84"/>
      </symbol>
      <symbol id="sm-676">
         <name>ResetISR</name>
         <value>0x9533</value>
         <object_component_ref idref="oc-27"/>
      </symbol>
      <symbol id="sm-677">
         <name>g_pfnVectors</name>
         <value>0x0</value>
         <object_component_ref idref="oc-f"/>
      </symbol>
      <symbol id="sm-695">
         <name>initialise_uart</name>
         <value>0x818b</value>
         <object_component_ref idref="oc-8a"/>
      </symbol>
      <symbol id="sm-696">
         <name>UART_InChar</name>
         <value>0x8155</value>
         <object_component_ref idref="oc-8a"/>
      </symbol>
      <symbol id="sm-697">
         <name>UART_OutChar</name>
         <value>0x8169</value>
         <object_component_ref idref="oc-8a"/>
      </symbol>
      <symbol id="sm-6c3">
         <name>printf</name>
         <value>0x8a99</value>
         <object_component_ref idref="oc-121"/>
      </symbol>
      <symbol id="sm-82d">
         <name>__TI_printfi</name>
         <value>0x6559</value>
         <object_component_ref idref="oc-144"/>
      </symbol>
      <symbol id="sm-84f">
         <name>sprintf</name>
         <value>0x9115</value>
         <object_component_ref idref="oc-96"/>
      </symbol>
      <symbol id="sm-864">
         <name>putc</name>
         <value>0x85e9</value>
         <object_component_ref idref="oc-2a3"/>
      </symbol>
      <symbol id="sm-865">
         <name>fputc</name>
         <value>0x85e9</value>
         <object_component_ref idref="oc-2a3"/>
      </symbol>
      <symbol id="sm-888">
         <name>fputs</name>
         <value>0x7d41</value>
         <object_component_ref idref="oc-29c"/>
      </symbol>
      <symbol id="sm-8a0">
         <name>__TI_wrt_ok</name>
         <value>0x8bc9</value>
         <object_component_ref idref="oc-359"/>
      </symbol>
      <symbol id="sm-8bc">
         <name>setvbuf</name>
         <value>0x8329</value>
         <object_component_ref idref="oc-3c7"/>
      </symbol>
      <symbol id="sm-8d5">
         <name>wcslen</name>
         <value>0x94dd</value>
         <object_component_ref idref="oc-22f"/>
      </symbol>
      <symbol id="sm-8e2">
         <name>__aeabi_uldivmod</name>
         <value>0x8553</value>
         <object_component_ref idref="oc-2b8"/>
      </symbol>
      <symbol id="sm-8f1">
         <name>__aeabi_memset</name>
         <value>0x87ff</value>
         <object_component_ref idref="oc-d6"/>
      </symbol>
      <symbol id="sm-8f2">
         <name>memset</name>
         <value>0x8805</value>
         <object_component_ref idref="oc-d6"/>
      </symbol>
      <symbol id="sm-8f3">
         <name>__aeabi_memset8</name>
         <value>0x87ff</value>
         <object_component_ref idref="oc-d6"/>
      </symbol>
      <symbol id="sm-8f4">
         <name>__aeabi_memset4</name>
         <value>0x87ff</value>
         <object_component_ref idref="oc-d6"/>
      </symbol>
      <symbol id="sm-8f5">
         <name>__aeabi_memclr8</name>
         <value>0x87fd</value>
         <object_component_ref idref="oc-d6"/>
      </symbol>
      <symbol id="sm-8f6">
         <name>__aeabi_memclr4</name>
         <value>0x87fd</value>
         <object_component_ref idref="oc-d6"/>
      </symbol>
      <symbol id="sm-8f7">
         <name>__aeabi_memclr</name>
         <value>0x87fd</value>
         <object_component_ref idref="oc-d6"/>
      </symbol>
      <symbol id="sm-90e">
         <name>__aeabi_dsub</name>
         <value>0x77f1</value>
         <object_component_ref idref="oc-2de"/>
      </symbol>
      <symbol id="sm-90f">
         <name>__aeabi_dadd</name>
         <value>0x77fb</value>
         <object_component_ref idref="oc-2de"/>
      </symbol>
      <symbol id="sm-931">
         <name>__aeabi_cdcmpeq</name>
         <value>0x8675</value>
         <object_component_ref idref="oc-20c"/>
      </symbol>
      <symbol id="sm-932">
         <name>__aeabi_cdcmple</name>
         <value>0x8675</value>
         <object_component_ref idref="oc-20c"/>
      </symbol>
      <symbol id="sm-933">
         <name>__aeabi_cdrcmple</name>
         <value>0x86fb</value>
         <object_component_ref idref="oc-2c9"/>
      </symbol>
      <symbol id="sm-947">
         <name>__aeabi_ddiv</name>
         <value>0x7ae5</value>
         <object_component_ref idref="oc-2c4"/>
      </symbol>
      <symbol id="sm-952">
         <name>__aeabi_dmul</name>
         <value>0x7f65</value>
         <object_component_ref idref="oc-2bf"/>
      </symbol>
      <symbol id="sm-95c">
         <name>__aeabi_d2iz</name>
         <value>0x8fbd</value>
         <object_component_ref idref="oc-2ce"/>
      </symbol>
      <symbol id="sm-966">
         <name>__aeabi_i2d</name>
         <value>0x9305</value>
         <object_component_ref idref="oc-2d9"/>
      </symbol>
      <symbol id="sm-981">
         <name>memcpy</name>
         <value>0x84b7</value>
         <object_component_ref idref="oc-41"/>
      </symbol>
      <symbol id="sm-982">
         <name>__aeabi_memcpy</name>
         <value>0x84b7</value>
         <object_component_ref idref="oc-41"/>
      </symbol>
      <symbol id="sm-983">
         <name>__aeabi_memcpy8</name>
         <value>0x84b7</value>
         <object_component_ref idref="oc-41"/>
      </symbol>
      <symbol id="sm-984">
         <name>__aeabi_memcpy4</name>
         <value>0x84b7</value>
         <object_component_ref idref="oc-41"/>
      </symbol>
      <symbol id="sm-996">
         <name>__TI_zero_init</name>
         <value>0x9527</value>
         <object_component_ref idref="oc-53"/>
      </symbol>
      <symbol id="sm-9ad">
         <name>__TI_decompress_none</name>
         <value>0x950d</value>
         <object_component_ref idref="oc-18"/>
      </symbol>
      <symbol id="sm-9d0">
         <name>__TI_decompress_lzss</name>
         <value>0x8a31</value>
         <object_component_ref idref="oc-12"/>
      </symbol>
      <symbol id="sm-9f6">
         <name>C$$EXIT</name>
         <value>0x9565</value>
         <object_component_ref idref="oc-194"/>
      </symbol>
      <symbol id="sm-9f7">
         <name>abort</name>
         <value>0x9565</value>
         <object_component_ref idref="oc-194"/>
      </symbol>
      <symbol id="sm-9f8">
         <name>__TI_dtors_ptr</name>
         <value>0x20004748</value>
         <object_component_ref idref="oc-27c"/>
      </symbol>
      <symbol id="sm-9f9">
         <name>__TI_cleanup_ptr</name>
         <value>0x20004744</value>
         <object_component_ref idref="oc-27c"/>
      </symbol>
      <symbol id="sm-9fa">
         <name>__TI_enable_exit_profile_output</name>
         <value>0x2000474c</value>
         <object_component_ref idref="oc-27c"/>
      </symbol>
      <symbol id="sm-9fb">
         <name>exit</name>
         <value>0x8f75</value>
         <object_component_ref idref="oc-19a"/>
      </symbol>
      <symbol id="sm-a10">
         <name>_nop</name>
         <value>0x6fa7</value>
         <object_component_ref idref="oc-26d"/>
      </symbol>
      <symbol id="sm-a11">
         <name>_lock</name>
         <value>0x2000475c</value>
         <object_component_ref idref="oc-176"/>
      </symbol>
      <symbol id="sm-a12">
         <name>_unlock</name>
         <value>0x20004760</value>
         <object_component_ref idref="oc-176"/>
      </symbol>
      <symbol id="sm-a28">
         <name>atoi</name>
         <value>0x8ee1</value>
         <object_component_ref idref="oc-200"/>
      </symbol>
      <symbol id="sm-a33">
         <name>_ctypes_</name>
         <value>0x9568</value>
         <object_component_ref idref="oc-2b3"/>
      </symbol>
      <symbol id="sm-a48">
         <name>__TI_tmpnams</name>
         <value>0x200033c4</value>
      </symbol>
      <symbol id="sm-a49">
         <name>__aeabi_stdout</name>
         <value>0x2000473c</value>
         <object_component_ref idref="oc-444"/>
      </symbol>
      <symbol id="sm-a4a">
         <name>__aeabi_stderr</name>
         <value>0x20004740</value>
         <object_component_ref idref="oc-444"/>
      </symbol>
      <symbol id="sm-a4b">
         <name>__aeabi_stdin</name>
         <value>0x20004738</value>
         <object_component_ref idref="oc-444"/>
      </symbol>
      <symbol id="sm-a4c">
         <name>_ftable</name>
         <value>0x20004510</value>
         <object_component_ref idref="oc-1e5"/>
      </symbol>
      <symbol id="sm-a4d">
         <name>__TI_ft_end</name>
         <value>0x20004734</value>
         <object_component_ref idref="oc-444"/>
      </symbol>
      <symbol id="sm-a5c">
         <name>ltoa</name>
         <value>0x8def</value>
         <object_component_ref idref="oc-2d3"/>
      </symbol>
      <symbol id="sm-a6c">
         <name>memccpy</name>
         <value>0x9439</value>
         <object_component_ref idref="oc-229"/>
      </symbol>
      <symbol id="sm-a7c">
         <name>memchr</name>
         <value>0x93fd</value>
         <object_component_ref idref="oc-35f"/>
      </symbol>
      <symbol id="sm-b03">
         <name>_sys_memory</name>
         <value>0x20003d10</value>
         <object_component_ref idref="oc-21"/>
      </symbol>
      <symbol id="sm-b04">
         <name>free</name>
         <value>0x8241</value>
         <object_component_ref idref="oc-3f5"/>
      </symbol>
      <symbol id="sm-b05">
         <name>memalign</name>
         <value>0x8061</value>
         <object_component_ref idref="oc-437"/>
      </symbol>
      <symbol id="sm-b06">
         <name>malloc</name>
         <value>0x9551</value>
         <object_component_ref idref="oc-3fb"/>
      </symbol>
      <symbol id="sm-b07">
         <name>aligned_alloc</name>
         <value>0x8061</value>
         <object_component_ref idref="oc-437"/>
      </symbol>
      <symbol id="sm-b2c">
         <name>rand</name>
         <value>0x92a1</value>
         <object_component_ref idref="oc-ae"/>
      </symbol>
      <symbol id="sm-b2d">
         <name>srand</name>
         <value>0x93d9</value>
         <object_component_ref idref="oc-a8"/>
      </symbol>
      <symbol id="sm-b3d">
         <name>strchr</name>
         <value>0x949f</value>
         <object_component_ref idref="oc-30a"/>
      </symbol>
      <symbol id="sm-b4b">
         <name>strlen</name>
         <value>0x94c9</value>
         <object_component_ref idref="oc-1fa"/>
      </symbol>
      <symbol id="sm-b61">
         <name>__aeabi_errno_addr</name>
         <value>0x9549</value>
         <object_component_ref idref="oc-235"/>
      </symbol>
      <symbol id="sm-b62">
         <name>errno</name>
         <value>0x2000476c</value>
         <object_component_ref idref="oc-31a"/>
      </symbol>
      <symbol id="sm-b7c">
         <name>write</name>
         <value>0x93b1</value>
         <object_component_ref idref="oc-36b"/>
      </symbol>
      <symbol id="sm-b8d">
         <name>_stream</name>
         <value>0x20004678</value>
         <object_component_ref idref="oc-3d3"/>
      </symbol>
      <symbol id="sm-b8e">
         <name>_device</name>
         <value>0x20004600</value>
         <object_component_ref idref="oc-414"/>
      </symbol>
      <symbol id="sm-ba6">
         <name>__time32</name>
         <value>0x94ff</value>
         <object_component_ref idref="oc-a2"/>
      </symbol>
      <symbol id="sm-ba7">
         <name>time</name>
         <value>0x94ff</value>
         <object_component_ref idref="oc-a2"/>
      </symbol>
      <symbol id="sm-bba">
         <name>__stack</name>
         <value>0x20003510</value>
         <object_component_ref idref="oc-24"/>
      </symbol>
      <symbol id="sm-bbb">
         <name>_c_int00_noargs</name>
         <value>0x926d</value>
         <object_component_ref idref="oc-5f"/>
      </symbol>
      <symbol id="sm-bdb">
         <name>frexpl</name>
         <value>0x8b01</value>
         <object_component_ref idref="oc-2fe"/>
      </symbol>
      <symbol id="sm-bdc">
         <name>frexp</name>
         <value>0x8b01</value>
         <object_component_ref idref="oc-2fe"/>
      </symbol>
      <symbol id="sm-bf9">
         <name>scalbn</name>
         <value>0x7e55</value>
         <object_component_ref idref="oc-304"/>
      </symbol>
      <symbol id="sm-bfa">
         <name>scalbnl</name>
         <value>0x7e55</value>
         <object_component_ref idref="oc-304"/>
      </symbol>
      <symbol id="sm-bfb">
         <name>ldexpl</name>
         <value>0x7e55</value>
         <object_component_ref idref="oc-304"/>
      </symbol>
      <symbol id="sm-bfc">
         <name>ldexp</name>
         <value>0x7e55</value>
         <object_component_ref idref="oc-304"/>
      </symbol>
      <symbol id="sm-c0c">
         <name>__TI_doflush</name>
         <value>0x8e95</value>
         <object_component_ref idref="oc-365"/>
      </symbol>
      <symbol id="sm-c1c">
         <name>__TI_cleanup</name>
         <value>0x9205</value>
         <object_component_ref idref="oc-401"/>
      </symbol>
      <symbol id="sm-c2e">
         <name>fseek</name>
         <value>0x8b65</value>
         <object_component_ref idref="oc-3c1"/>
      </symbol>
      <symbol id="sm-c38">
         <name>__aeabi_idiv0</name>
         <value>0x79a7</value>
         <object_component_ref idref="oc-37c"/>
      </symbol>
      <symbol id="sm-c39">
         <name>__aeabi_ldiv0</name>
         <value>0x79a7</value>
         <object_component_ref idref="oc-37c"/>
      </symbol>
      <symbol id="sm-c61">
         <name>__TI_auto_init_nobinit_nopinit</name>
         <value>0x908d</value>
         <object_component_ref idref="oc-1a0"/>
      </symbol>
      <symbol id="sm-c6b">
         <name>_system_pre_init</name>
         <value>0x9561</value>
         <object_component_ref idref="oc-dc"/>
      </symbol>
      <symbol id="sm-c7e">
         <name>HOSTclose</name>
         <value>0x9005</value>
         <object_component_ref idref="oc-450"/>
      </symbol>
      <symbol id="sm-c8f">
         <name>HOSTlseek</name>
         <value>0x89c9</value>
         <object_component_ref idref="oc-462"/>
      </symbol>
      <symbol id="sm-ca1">
         <name>parmbuf</name>
         <value>0x200034e4</value>
      </symbol>
      <symbol id="sm-ca2">
         <name>HOSTopen</name>
         <value>0x8c2d</value>
         <object_component_ref idref="oc-44a"/>
      </symbol>
      <symbol id="sm-cb3">
         <name>HOSTread</name>
         <value>0x8ce9</value>
         <object_component_ref idref="oc-456"/>
      </symbol>
      <symbol id="sm-cc4">
         <name>HOSTrename</name>
         <value>0x895d</value>
         <object_component_ref idref="oc-46e"/>
      </symbol>
      <symbol id="sm-cdc">
         <name>HOSTtime</name>
         <value>0x8f2d</value>
         <object_component_ref idref="oc-169"/>
      </symbol>
      <symbol id="sm-ced">
         <name>HOSTunlink</name>
         <value>0x9049</value>
         <object_component_ref idref="oc-468"/>
      </symbol>
      <symbol id="sm-cfe">
         <name>HOSTwrite</name>
         <value>0x8d41</value>
         <object_component_ref idref="oc-45c"/>
      </symbol>
      <symbol id="sm-d22">
         <name>__TI_readmsg</name>
         <value>0x9239</value>
         <object_component_ref idref="oc-257"/>
      </symbol>
      <symbol id="sm-d23">
         <name>C$$IO$$</name>
         <value>0x91c3</value>
         <object_component_ref idref="oc-251"/>
      </symbol>
      <symbol id="sm-d24">
         <name>__CIOBUF_</name>
         <value>0x200032a4</value>
         <object_component_ref idref="oc-330"/>
      </symbol>
      <symbol id="sm-d25">
         <name>__TI_writemsg</name>
         <value>0x9195</value>
         <object_component_ref idref="oc-251"/>
      </symbol>
      <symbol id="sm-d36">
         <name>lseek</name>
         <value>0x9389</value>
         <object_component_ref idref="oc-3ed"/>
      </symbol>
      <symbol id="sm-d40">
         <name>copysign</name>
         <value>0x9455</value>
         <object_component_ref idref="oc-395"/>
      </symbol>
      <symbol id="sm-d41">
         <name>copysignl</name>
         <value>0x9455</value>
         <object_component_ref idref="oc-395"/>
      </symbol>
      <symbol id="sm-d56">
         <name>__TI_closefile</name>
         <value>0x8879</value>
         <object_component_ref idref="oc-43e"/>
      </symbol>
      <symbol id="sm-d79">
         <name>finddevice</name>
         <value>0x92d5</value>
         <object_component_ref idref="oc-4cf"/>
      </symbol>
      <symbol id="sm-d7a">
         <name>getdevice</name>
         <value>0x90d1</value>
         <object_component_ref idref="oc-4af"/>
      </symbol>
      <symbol id="sm-d89">
         <name>strcmp</name>
         <value>0x9487</value>
         <object_component_ref idref="oc-4e2"/>
      </symbol>
      <symbol id="sm-d97">
         <name>strcpy</name>
         <value>0x94b5</value>
         <object_component_ref idref="oc-4a2"/>
      </symbol>
      <symbol id="sm-da7">
         <name>strncpy</name>
         <value>0x91cd</value>
         <object_component_ref idref="oc-4c9"/>
      </symbol>
      <symbol id="sm-dbc">
         <name>close</name>
         <value>0x8c8d</value>
         <object_component_ref idref="oc-486"/>
      </symbol>
      <symbol id="sm-dcc">
         <name>unlink</name>
         <value>0x9335</value>
         <object_component_ref idref="oc-48c"/>
      </symbol>
      <symbol id="sm-de1">
         <name>IntMasterEnable</name>
         <value>0x94ef</value>
         <object_component_ref idref="oc-9c"/>
      </symbol>
      <symbol id="sm-deb">
         <name>CPUcpsie</name>
         <value>0x951b</value>
         <object_component_ref idref="oc-15d"/>
      </symbol>
      <symbol id="sm-dec">
         <name>__TI_static_base__</name>
         <value>0x0</value>
      </symbol>
      <symbol id="sm-def">
         <name>__mpu_init</name>
         <value>0x0</value>
      </symbol>
      <symbol id="sm-df0">
         <name>_system_post_cinit</name>
         <value>0x0</value>
      </symbol>
      <symbol id="sm-df1">
         <name>remove</name>
         <value>0x9335</value>
      </symbol>
   </symbol_table>
   <title>Link successful</title>
</link_info>
