******************************************************************************
                  TI ARM Linker PC v5.2.6                      
******************************************************************************
>> Linked Tue Oct 31 14:14:22 2017

OUTPUT FILE NAME:   <lightwand_texas_edition.out>
ENTRY POINT SYMBOL: "_c_int00"  address: 0000a8f9


MEMORY CONFIGURATION

         name            origin    length      used     unused   attr    fill
----------------------  --------  ---------  --------  --------  ----  --------
  FLASH                 00000000   00040000  0000afa9  00035057  R  X
  SRAM                  20000000   00008000  000046f3  0000390d  RW X


SEGMENT ALLOCATION MAP

run origin  load origin   length   init length attrs members
----------  ----------- ---------- ----------- ----- -------
00000000    00000000    0000afb0   0000afb0    r-x
  00000000    00000000    0000026c   0000026c    r-- .intvecs
  00000270    00000270    0000aaf8   0000aaf8    r-x .text
  0000ad68    0000ad68    0000014d   0000014d    r-- .const
  0000aeb8    0000aeb8    000000f8   000000f8    r-- .cinit
20000000    20000000    000046f4   00000000    rw-
  20000000    20000000    0000335f   00000000    rw- .bss
  20003360    20003360    00000800   00000000    rw- .stack
  20003b60    20003b60    00000800   00000000    rw- .sysmem
  20004360    20004360    00000394   00000000    rw- .data


SECTION ALLOCATION MAP

 output                                  attributes/
section   page    origin      length       input sections
--------  ----  ----------  ----------   ----------------
.intvecs   0    00000000    0000026c     
                  00000000    0000026c     tm4c123gh6pm_startup_ccs.obj (.intvecs)

.text      0    00000270    0000aaf8     
                  00000270    00002eaa     Nokia5110.obj (.text)
                  0000311a    00000006     rtsv7M4_T_le_v4SPD16_eabi.lib : copy_decompress_rle.obj (.text:decompress:rle24)
                  00003120    000027ac     sdcard.obj (.text)
                  000058cc    00000004     rtsv7M4_T_le_v4SPD16_eabi.lib : pre_init.obj (.text)
                  000058d0    00001c48     main.obj (.text)
                  00007518    000010ba     rtsv7M4_T_le_v4SPD16_eabi.lib : _printfi.obj (.text)
                  000085d2    00000006     --HOLE-- [fill = 0]
                  000085d8    000004ae     1wire.obj (.text)
                  00008a86    00000002     --HOLE-- [fill = 0]
                  00008a88    000003dc     rtsv7M4_T_le_v4SPD16_eabi.lib : memory.obj (.text)
                  00008e64    0000030c                                   : lowlev.obj (.text)
                  00009170    000002d4                                   : trgdrv.obj (.text)
                  00009444    000001f4                                   : ull_div_t2.obj (.text)
                  00009638    000001c4                                   : fopen.obj (.text)
                  000097fc    000001b6                                   : fd_add_t2.obj (.text)
                  000099b2    00000006     --HOLE-- [fill = 0]
                  000099b8    00000140     uart.obj (.text)
                  00009af8    00000136     rtsv7M4_T_le_v4SPD16_eabi.lib : fd_div_t2.obj (.text)
                  00009c2e    00000002     --HOLE-- [fill = 0]
                  00009c30    00000134                                   : fputs.obj (.text)
                  00009d64    00000110                                   : xdscale.obj (.text)
                  00009e74    000000fc                                   : fd_mul_t2.obj (.text)
                  00009f70    000000dc                                   : setvbuf.obj (.text)
                  0000a04c    000000c8                                   : fflush.obj (.text)
                  0000a114    000000be                                   : xdnorm.obj (.text)
                  0000a1d2    000000ac                                   : _io_perm.obj (.text)
                  0000a27e    0000009c                                   : memcpy_t2.obj (.text)
                  0000a31a    00000002     --HOLE-- [fill = 0]
                  0000a31c    00000098                                   : fclose.obj (.text)
                  0000a3b4    00000098                                   : fputc.obj (.text)
                  0000a44c    00000086                                   : fd_cmp_t2.obj (.text:__aeabi_cdcmple)
                  0000a4d2    00000086                                   : fd_cmp_t2.obj (.text:__aeabi_cdrcmple)
                  0000a558    0000007a                                   : memset_t2.obj (.text)
                  0000a5d2    00000002     --HOLE-- [fill = 0]
                  0000a5d4    00000070                                   : printf.obj (.text)
                  0000a644    0000006c                                   : autoinit.obj (.text)
                  0000a6b0    0000006a                                   : copy_decompress_rle.obj (.text)
                  0000a71a    00000002     --HOLE-- [fill = 0]
                  0000a71c    00000068                                   : trgmsg.obj (.text)
                  0000a784    00000066                                   : xdunscal.obj (.text)
                  0000a7ea    00000002     --HOLE-- [fill = 0]
                  0000a7ec    00000064                                   : fseek.obj (.text)
                  0000a850    00000056                                   : ltoa.obj (.text)
                  0000a8a6    00000052                                   : ldexp.obj (.text)
                  0000a8f8    00000050                                   : boot.obj (.text)
                  0000a948    0000004c                                   : atoi.obj (.text)
                  0000a994    0000004c                                   : cpy_tbl.obj (.text)
                  0000a9e0    0000004c                                   : rand.obj (.text)
                  0000aa2c    00000048                                   : fd_toi_t2.obj (.text)
                  0000aa74    00000044                                   : exit.obj (.text)
                  0000aab8    00000040                                   : signal.obj (.text)
                  0000aaf8    00000034                                   : feraiseexcept.obj (.text)
                  0000ab2c    00000030                                   : strncpy.obj (.text)
                  0000ab5c    00000030                                   : xdclass.obj (.text)
                  0000ab8c    00000030                                   : xferaise.obj (.text)
                  0000abbc    0000002e                                   : i_tofd_t2.obj (.text)
                  0000abea    0000002e                                   : raise.obj (.text)
                  0000ac18    0000002a                                   : frexp.obj (.text)
                  0000ac42    00000020                                   : memchr.obj (.text)
                  0000ac62    0000001e                                   : strcat.obj (.text)
                  0000ac80    0000001c                                   : memccpy.obj (.text)
                  0000ac9c    00000004     --HOLE-- [fill = 0]
                  0000aca0    0000001a     tm4c123gh6pm_startup_ccs.obj (.text)
                  0000acba    00000002     --HOLE-- [fill = 0]
                  0000acbc    00000018     rtsv7M4_T_le_v4SPD16_eabi.lib : args_main.obj (.text)
                  0000acd4    00000018                                   : strcmp.obj (.text)
                  0000acec    00000016                                   : strchr.obj (.text)
                  0000ad02    00000002     --HOLE-- [fill = 0]
                  0000ad04    00000014                                   : _lock.obj (.text)
                  0000ad18    00000014                                   : strcpy.obj (.text)
                  0000ad2c    00000014                                   : strlen.obj (.text)
                  0000ad40    0000000e                                   : copy_decompress_none.obj (.text:decompress:none)
                  0000ad4e    0000000e                                   : time.obj (.text)
                  0000ad5c    0000000c                                   : copy_zero_init.obj (.text:decompress:ZI)

.const     0    0000ad68    0000014d     
                  0000ad68    00000101     rtsv7M4_T_le_v4SPD16_eabi.lib : ctype.obj (.const:.string:_ctypes_)
                  0000ae69    00000049     main.obj (.const:.string)
                  0000aeb2    00000003     1wire.obj (.const)

.cinit     0    0000aeb8    000000f8     
                  0000aeb8    000000d2     (.cinit..data.load) [load image, compression = rle]
                  0000af8a    00000002     --HOLE-- [fill = 0]
                  0000af8c    0000000c     (__TI_handler_table)
                  0000af98    00000008     (.cinit..bss.load) [load image, compression = zero_init]
                  0000afa0    00000010     (__TI_cinit_table)

.init_array 
*          0    00000000    00000000     UNINITIALIZED

.bss       0    20000000    0000335f     UNINITIALIZED
                  20000000    00002bc0     sdcard.obj (.bss:file_dir)
                  20002bc0    000001b0     sdcard.obj (.bss:pixel_content)
                  20002d70    0000012c     Nokia5110.obj (.bss:main_menu_items)
                  20002e9c    0000012c     Nokia5110.obj (.bss:menu_items2)
                  20002fc8    0000012c     Nokia5110.obj (.bss:menu_items)
                  200030f4    00000120     rtsv7M4_T_le_v4SPD16_eabi.lib : trgmsg.obj (.bss:__CIOBUF_)
                  20003214    000000a0                                   : defs.obj (.bss:__TI_tmpnams)
                  200032b4    00000080     Nokia5110.obj (.bss:string)
                  20003334    00000008     (.common:parmbuf)
                  2000333c    00000004     (.common:BrightLimit)
                  20003340    00000004     (.common:cluster_begin_lba)
                  20003344    00000004     (.common:fat_begin_lba)
                  20003348    00000004     (.common:lba_addr)
                  2000334c    00000004     (.common:lba_begin_address)
                  20003350    00000004     (.common:lightwand_delay)
                  20003354    00000004     (.common:number_of_sectors)
                  20003358    00000004     (.common:root_dir_first_cluster)
                  2000335c    00000001     (.common:Timer1)
                  2000335d    00000001     (.common:Timer2)
                  2000335e    00000001     (.common:lightwand_brightness)

.TI.noinit 
*          0    20000000    00000000     UNINITIALIZED

.stack     0    20003360    00000800     UNINITIALIZED
                  20003360    00000800     --HOLE--

.sysmem    0    20003b60    00000800     UNINITIALIZED
                  20003b60    00000008     rtsv7M4_T_le_v4SPD16_eabi.lib : memory.obj (.sysmem)
                  20003b68    000007f8     --HOLE--

.data      0    20004360    00000394     UNINITIALIZED
                  20004360    000000f0     rtsv7M4_T_le_v4SPD16_eabi.lib : defs.obj (.data:_ftable)
                  20004450    000000d0                                   : lowlev.obj (.data)
                  20004520    000000b0                                   : signal.obj (.data:sigtable)
                  200045d0    00000080                                   : xvalues.obj (.data)
                  20004650    00000040     sdcard.obj (.data)
                  20004690    00000014     main.obj (.data)
                  200046a4    00000010     rtsv7M4_T_le_v4SPD16_eabi.lib : defs.obj (.data)
                  200046b4    0000000c     Nokia5110.obj (.data)
                  200046c0    0000000c     rtsv7M4_T_le_v4SPD16_eabi.lib : memory.obj (.data)
                  200046cc    00000008                                   : _lock.obj (.data)
                  200046d4    00000008                                   : exit.obj (.data)
                  200046dc    00000008                                   : feraiseexcept.obj (.data)
                  200046e4    00000004                                   : errno.obj (.data)
                  200046e8    00000004                                   : fopen.obj (.data)
                  200046ec    00000004                                   : rand.obj (.data)
                  200046f0    00000004                                   : stkdepth_vars.obj (.data)

.TI.persistent 
*          0    20004360    00000000     UNINITIALIZED


LINKER GENERATED COPY TABLES

__TI_cinit_table @ 0000afa0 records: 2, size/record: 8, table size: 16
	.data: load addr=0000aeb8, load size=000000d2 bytes, run addr=20004360, run size=00000394 bytes, compression=rle
	.bss: load addr=0000af98, load size=00000008 bytes, run addr=20000000, run size=0000335f bytes, compression=zero_init


LINKER GENERATED HANDLER TABLE

__TI_handler_table @ 0000af8c records: 3, size/record: 4, table size: 12
	index: 0, handler: __TI_decompress_rle24
	index: 1, handler: __TI_decompress_none
	index: 2, handler: __TI_zero_init


GLOBAL SYMBOLS: SORTED ALPHABETICALLY BY Name 

address   name                      
-------   ----                      
2000333c  BrightLimit               
0000aa75  C$$EXIT                   
0000a74b  C$$IO$$                   
00006129  GPIOPortB_Handler         
000093fd  HOSTclock                 
000093c5  HOSTclose                 
00009387  HOSTgetenv                
0000932b  HOSTlseek                 
000092d9  HOSTopen                  
0000928d  HOSTread                  
0000922f  HOSTrename                
000091f5  HOSTtime                  
000091bd  HOSTunlink                
00009171  HOSTwrite                 
0000aca1  ResetISR                  
UNDEFED   SHT$$INIT_ARRAY$$Base     
UNDEFED   SHT$$INIT_ARRAY$$Limit    
00006051  SysTick_Init              
00005fd1  SysTick_Wait              
00006019  SysTick_Wait50ms          
2000335c  Timer1                    
2000335d  Timer2                    
00005289  Timer5A_Handler           
000051b9  Timer5_Init               
000099b9  UART_InChar               
000099e9  UART_OutChar              
0000ab5d  _Dclass                   
200045d0  _Denorm                   
0000a115  _Dnorm                    
00009d65  _Dscale                   
0000a785  _Dunscale                 
200045e0  _Eps                      
200046e4  _Errno                    
200046dc  _Fenv                     
0000ab8d  _Feraise                  
200045f0  _Hugeval                  
20004600  _Inf                      
20004610  _Nan                      
20004630  _Rteps                    
20004620  _Snan                     
200046e0  _Tls_setup__Fenv          
20004640  _Xbig                     
20004648  _Zero                     
200030f4  __CIOBUF_                 
20003b60  __STACK_END               
00000800  __STACK_SIZE              
20003560  __STACK_TOP               
00000800  __SYSMEM_SIZE             
0000afa0  __TI_CINIT_Base           
0000afb0  __TI_CINIT_Limit          
0000af8c  __TI_Handler_Table_Base   
0000af98  __TI_Handler_Table_Limit  
0000a645  __TI_auto_init            
00009701  __TI_cleanup              
200046d4  __TI_cleanup_ptr          
0000a31d  __TI_closefile            
0000ad41  __TI_decompress_none      
0000311b  __TI_decompress_rle24     
0000a04d  __TI_doflush              
200046d8  __TI_dtors_ptr            
200046a4  __TI_ft_end               
000082cd  __TI_printfi              
0000a235  __TI_rd_ok                
0000a74f  __TI_readmsg              
00000000  __TI_static_base__        
20003214  __TI_tmpnams              
0000a71d  __TI_writemsg             
0000a1d3  __TI_wrt_ok               
0000ad5d  __TI_zero_init            
0000a44d  __aeabi_cdcmpeq           
0000a44d  __aeabi_cdcmple           
0000a4d3  __aeabi_cdrcmple          
0000aa2d  __aeabi_d2iz              
00009807  __aeabi_dadd              
00009af9  __aeabi_ddiv              
00009e75  __aeabi_dmul              
000097fd  __aeabi_dsub              
0000abbd  __aeabi_i2d               
0000a559  __aeabi_memclr            
0000a559  __aeabi_memclr4           
0000a559  __aeabi_memclr8           
0000a27f  __aeabi_memcpy            
0000a27f  __aeabi_memcpy4           
0000a27f  __aeabi_memcpy8           
0000a55b  __aeabi_memset            
0000a55b  __aeabi_memset4           
0000a55b  __aeabi_memset8           
200046b0  __aeabi_stderr            
200046a8  __aeabi_stdin             
200046ac  __aeabi_stdout            
00009445  __aeabi_uldivmod          
ffffffff  __binit__                 
ffffffff  __c_args__                
20003360  __stack                   
0000acbd  _args_main                
0000a8f9  _c_int00                  
0000ad68  _ctypes_                  
20004360  _ftable                   
200046cc  _lock                     
0000ad13  _nop                      
0000ad0b  _register_lock            
0000ad05  _register_unlock          
20003b60  _sys_memory               
000058cd  _system_pre_init          
200046d0  _unlock                   
0000aa79  abort                     
000090c5  add_device                
00002de9  add_menu_element          
00005b01  ask_for_bluetooth         
0000a949  atoi                      
20004691  backlight                 
00002c69  backup_main_menu          
ffffffff  binit                     
20004698  bright                    
20004692  buzzer                    
00008e31  calloc                    
00003cb1  change_speed              
00000341  char_write                
00004ff9  clean_name                
00001c49  clear_columns             
000089f1  clear_ledarray            
00000271  clear_screen              
00009075  close                     
20003340  cluster_begin_lba         
20004658  cluster_dir               
2000466c  column                    
20004678  columns                   
00007449  convert_value_to_string   
0000a995  copy_in                   
00002be9  copy_menu                 
200046b5  cp                        
00003991  cs_high                   
00003a19  cs_low                    
20004680  current                   
20004662  current_count             
200046a0  current_position          
2000469c  delay                     
00002b71  delete_menu               
00001c31  disable_backlight         
000052a1  disk_timerproc            
000038f9  dummy_clock               
00001c19  enable_backlight          
0000aa81  exit                      
20003344  fat_begin_lba             
0000a383  fclose                    
20004661  fd_count                  
0000aaf9  feraiseexcept             
0000a099  fflush                    
20000000  file_dir                  
20004695  file_pos                  
00001c81  fill_screen               
00005399  filter_by_extension       
20004663  finish                    
200046b4  first                     
20004664  first_file                
00009757  fopen                     
0000a3b5  fputc                     
00009c31  fputs                     
00008b7f  free                      
0000972d  freopen                   
0000ac19  frexp                     
0000a7ed  fseek                     
00000000  g_pfnVectors              
000086e9  get_brightness            
00002809  get_character_length      
00008711  get_delay                 
00003961  get_first_cluster         
00005139  get_name                  
00005389  get_reserved_sectors      
00003981  get_root_dir_first_cluster
000085d9  init_1wire_pin            
00006071  init_buzzer               
00003579  initialise_sd             
00009a29  initialise_uart           
00005d01  initialize_I2C            
00005db1  initialize_accelerometer  
00005c79  initialize_buttons        
00001ba1  initialize_screen         
00005191  is_file_or_dir            
00003461  is_ready                  
200046b6  item_num                  
20004684  l                         
20003348  lba_addr                  
2000334c  lba_begin_address         
00000299  lcd_write                 
0000a8a7  ldexp                     
2000335e  lightwand_brightness      
20003350  lightwand_delay           
00003ff9  list_dirs_and_files       
00009051  lseek                     
0000a851  ltoa                      
000058d1  main                      
200046f0  main_func_sp              
20002d70  main_menu_items           
00008b17  malloc                    
00006a81  manage_paint_menu         
00006141  manage_picture_menu       
000060e9  map                       
200046bc  max                       
20004694  max_menu_items            
00008d4d  memalign                  
0000ac81  memccpy                   
0000ac43  memchr                    
0000a27f  memcpy                    
0000a561  memset                    
20004690  menu                      
20002fc8  menu_items                
20002e9c  menu_items2               
200046b8  min                       
00008a89  minit                     
00002aa9  modify_menu_element       
20004688  num                       
2000468c  num2                      
20004670  number                    
20003354  number_of_sectors         
00008fa3  open                      
00004ae1  open_file                 
20002bc0  pixel_content             
20004654  previous_cluster          
0000a5dd  printf                    
0000a3b5  putc                      
0000a439  putchar                   
00009d3d  puts                      
0000abeb  raise                     
0000a9f7  rand                      
000052d9  rcvr_datablock            
00005369  rcvr_spi_m                
00008f7f  read                      
00005ee9  read_accelerometer_data   
00003dc1  read_csd                  
00003ea9  read_disk_data            
00003de9  read_first_sector         
00008c41  realloc                   
00008ef5  remove                    
00008f57  remove_device             
00008f19  rename                    
2000465c  reserved_sectors          
00003101  reset_min_max             
00002ce9  restore_main_menu         
00002d69  restore_previous_menu     
20003358  root_dir_first_cluster    
20004668  row                       
20004674  rows                      
00001cb9  screen_write              
000032d1  sd_read                   
00003751  sd_startSSI3              
00003121  sd_write                  
20004660  sectors_per_cluster       
20004650  sectors_per_fat           
00008661  send_bit                  
000034a1  send_command              
00001f61  set_Y_position_bottom     
00001ff1  set_Y_position_centre     
000086c9  set_brightness            
00003099  set_buttons_up_down       
00005c41  set_color_brightness_menu 
00005c01  set_color_menu            
000086f9  set_delay                 
00005b31  set_init_menu             
00005b59  set_main_picture_menu     
00005bc1  set_paint_menu            
00009f71  setvbuf                   
00002e59  show_menu                 
0000aab9  signal                    
0000a9e1  srand                     
00002081  startSSI0                 
00002241  startSSI1                 
00002459  startSSI2                 
00002629  startSSI3                 
0000ac63  strcat                    
0000aced  strchr                    
0000acd5  strcmp                    
0000ad19  strcpy                    
200032b4  string                    
0000ad2d  strlen                    
0000ab2d  strncpy                   
20004693  subdir                    
00008721  test_colors               
0000ad4f  time                      
00005839  to_leds                   
2000467c  total                     
00003bc9  tx_SSI                    
00003aa1  tx_high                   
00008ef5  unlink                    
00008e65  write                     


GLOBAL SYMBOLS: SORTED BY Symbol Address 

address   name                      
-------   ----                      
00000000  __TI_static_base__        
00000000  g_pfnVectors              
00000271  clear_screen              
00000299  lcd_write                 
00000341  char_write                
00000800  __STACK_SIZE              
00000800  __SYSMEM_SIZE             
00001ba1  initialize_screen         
00001c19  enable_backlight          
00001c31  disable_backlight         
00001c49  clear_columns             
00001c81  fill_screen               
00001cb9  screen_write              
00001f61  set_Y_position_bottom     
00001ff1  set_Y_position_centre     
00002081  startSSI0                 
00002241  startSSI1                 
00002459  startSSI2                 
00002629  startSSI3                 
00002809  get_character_length      
00002aa9  modify_menu_element       
00002b71  delete_menu               
00002be9  copy_menu                 
00002c69  backup_main_menu          
00002ce9  restore_main_menu         
00002d69  restore_previous_menu     
00002de9  add_menu_element          
00002e59  show_menu                 
00003099  set_buttons_up_down       
00003101  reset_min_max             
0000311b  __TI_decompress_rle24     
00003121  sd_write                  
000032d1  sd_read                   
00003461  is_ready                  
000034a1  send_command              
00003579  initialise_sd             
00003751  sd_startSSI3              
000038f9  dummy_clock               
00003961  get_first_cluster         
00003981  get_root_dir_first_cluster
00003991  cs_high                   
00003a19  cs_low                    
00003aa1  tx_high                   
00003bc9  tx_SSI                    
00003cb1  change_speed              
00003dc1  read_csd                  
00003de9  read_first_sector         
00003ea9  read_disk_data            
00003ff9  list_dirs_and_files       
00004ae1  open_file                 
00004ff9  clean_name                
00005139  get_name                  
00005191  is_file_or_dir            
000051b9  Timer5_Init               
00005289  Timer5A_Handler           
000052a1  disk_timerproc            
000052d9  rcvr_datablock            
00005369  rcvr_spi_m                
00005389  get_reserved_sectors      
00005399  filter_by_extension       
00005839  to_leds                   
000058cd  _system_pre_init          
000058d1  main                      
00005b01  ask_for_bluetooth         
00005b31  set_init_menu             
00005b59  set_main_picture_menu     
00005bc1  set_paint_menu            
00005c01  set_color_menu            
00005c41  set_color_brightness_menu 
00005c79  initialize_buttons        
00005d01  initialize_I2C            
00005db1  initialize_accelerometer  
00005ee9  read_accelerometer_data   
00005fd1  SysTick_Wait              
00006019  SysTick_Wait50ms          
00006051  SysTick_Init              
00006071  init_buzzer               
000060e9  map                       
00006129  GPIOPortB_Handler         
00006141  manage_picture_menu       
00006a81  manage_paint_menu         
00007449  convert_value_to_string   
000082cd  __TI_printfi              
000085d9  init_1wire_pin            
00008661  send_bit                  
000086c9  set_brightness            
000086e9  get_brightness            
000086f9  set_delay                 
00008711  get_delay                 
00008721  test_colors               
000089f1  clear_ledarray            
00008a89  minit                     
00008b17  malloc                    
00008b7f  free                      
00008c41  realloc                   
00008d4d  memalign                  
00008e31  calloc                    
00008e65  write                     
00008ef5  remove                    
00008ef5  unlink                    
00008f19  rename                    
00008f57  remove_device             
00008f7f  read                      
00008fa3  open                      
00009051  lseek                     
00009075  close                     
000090c5  add_device                
00009171  HOSTwrite                 
000091bd  HOSTunlink                
000091f5  HOSTtime                  
0000922f  HOSTrename                
0000928d  HOSTread                  
000092d9  HOSTopen                  
0000932b  HOSTlseek                 
00009387  HOSTgetenv                
000093c5  HOSTclose                 
000093fd  HOSTclock                 
00009445  __aeabi_uldivmod          
00009701  __TI_cleanup              
0000972d  freopen                   
00009757  fopen                     
000097fd  __aeabi_dsub              
00009807  __aeabi_dadd              
000099b9  UART_InChar               
000099e9  UART_OutChar              
00009a29  initialise_uart           
00009af9  __aeabi_ddiv              
00009c31  fputs                     
00009d3d  puts                      
00009d65  _Dscale                   
00009e75  __aeabi_dmul              
00009f71  setvbuf                   
0000a04d  __TI_doflush              
0000a099  fflush                    
0000a115  _Dnorm                    
0000a1d3  __TI_wrt_ok               
0000a235  __TI_rd_ok                
0000a27f  __aeabi_memcpy            
0000a27f  __aeabi_memcpy4           
0000a27f  __aeabi_memcpy8           
0000a27f  memcpy                    
0000a31d  __TI_closefile            
0000a383  fclose                    
0000a3b5  fputc                     
0000a3b5  putc                      
0000a439  putchar                   
0000a44d  __aeabi_cdcmpeq           
0000a44d  __aeabi_cdcmple           
0000a4d3  __aeabi_cdrcmple          
0000a559  __aeabi_memclr            
0000a559  __aeabi_memclr4           
0000a559  __aeabi_memclr8           
0000a55b  __aeabi_memset            
0000a55b  __aeabi_memset4           
0000a55b  __aeabi_memset8           
0000a561  memset                    
0000a5dd  printf                    
0000a645  __TI_auto_init            
0000a71d  __TI_writemsg             
0000a74b  C$$IO$$                   
0000a74f  __TI_readmsg              
0000a785  _Dunscale                 
0000a7ed  fseek                     
0000a851  ltoa                      
0000a8a7  ldexp                     
0000a8f9  _c_int00                  
0000a949  atoi                      
0000a995  copy_in                   
0000a9e1  srand                     
0000a9f7  rand                      
0000aa2d  __aeabi_d2iz              
0000aa75  C$$EXIT                   
0000aa79  abort                     
0000aa81  exit                      
0000aab9  signal                    
0000aaf9  feraiseexcept             
0000ab2d  strncpy                   
0000ab5d  _Dclass                   
0000ab8d  _Feraise                  
0000abbd  __aeabi_i2d               
0000abeb  raise                     
0000ac19  frexp                     
0000ac43  memchr                    
0000ac63  strcat                    
0000ac81  memccpy                   
0000aca1  ResetISR                  
0000acbd  _args_main                
0000acd5  strcmp                    
0000aced  strchr                    
0000ad05  _register_unlock          
0000ad0b  _register_lock            
0000ad13  _nop                      
0000ad19  strcpy                    
0000ad2d  strlen                    
0000ad41  __TI_decompress_none      
0000ad4f  time                      
0000ad5d  __TI_zero_init            
0000ad68  _ctypes_                  
0000af8c  __TI_Handler_Table_Base   
0000af98  __TI_Handler_Table_Limit  
0000afa0  __TI_CINIT_Base           
0000afb0  __TI_CINIT_Limit          
20000000  file_dir                  
20002bc0  pixel_content             
20002d70  main_menu_items           
20002e9c  menu_items2               
20002fc8  menu_items                
200030f4  __CIOBUF_                 
20003214  __TI_tmpnams              
200032b4  string                    
2000333c  BrightLimit               
20003340  cluster_begin_lba         
20003344  fat_begin_lba             
20003348  lba_addr                  
2000334c  lba_begin_address         
20003350  lightwand_delay           
20003354  number_of_sectors         
20003358  root_dir_first_cluster    
2000335c  Timer1                    
2000335d  Timer2                    
2000335e  lightwand_brightness      
20003360  __stack                   
20003560  __STACK_TOP               
20003b60  __STACK_END               
20003b60  _sys_memory               
20004360  _ftable                   
200045d0  _Denorm                   
200045e0  _Eps                      
200045f0  _Hugeval                  
20004600  _Inf                      
20004610  _Nan                      
20004620  _Snan                     
20004630  _Rteps                    
20004640  _Xbig                     
20004648  _Zero                     
20004650  sectors_per_fat           
20004654  previous_cluster          
20004658  cluster_dir               
2000465c  reserved_sectors          
20004660  sectors_per_cluster       
20004661  fd_count                  
20004662  current_count             
20004663  finish                    
20004664  first_file                
20004668  row                       
2000466c  column                    
20004670  number                    
20004674  rows                      
20004678  columns                   
2000467c  total                     
20004680  current                   
20004684  l                         
20004688  num                       
2000468c  num2                      
20004690  menu                      
20004691  backlight                 
20004692  buzzer                    
20004693  subdir                    
20004694  max_menu_items            
20004695  file_pos                  
20004698  bright                    
2000469c  delay                     
200046a0  current_position          
200046a4  __TI_ft_end               
200046a8  __aeabi_stdin             
200046ac  __aeabi_stdout            
200046b0  __aeabi_stderr            
200046b4  first                     
200046b5  cp                        
200046b6  item_num                  
200046b8  min                       
200046bc  max                       
200046cc  _lock                     
200046d0  _unlock                   
200046d4  __TI_cleanup_ptr          
200046d8  __TI_dtors_ptr            
200046dc  _Fenv                     
200046e0  _Tls_setup__Fenv          
200046e4  _Errno                    
200046f0  main_func_sp              
ffffffff  __binit__                 
ffffffff  __c_args__                
ffffffff  binit                     
UNDEFED   SHT$$INIT_ARRAY$$Base     
UNDEFED   SHT$$INIT_ARRAY$$Limit    

[285 symbols]
