<?xml version="1.0"?>
<link_info>
   <banner>TI ARM Linker PC v5.2.6</banner>
   <copyright>Copyright (c) 1996-2015 Texas Instruments Incorporated</copyright>
   <link_time>0x59f8773b</link_time>
   <link_errors>0x0</link_errors>
   <output_file>lightwand_texas_edition.out</output_file>
   <entry_point>
      <name>_c_int00</name>
      <address>0xa8f9</address>
   </entry_point>
   <input_file_list>
      <input_file id="fl-2">
         <path>.\</path>
         <kind>object</kind>
         <file>1wire.obj</file>
         <name>1wire.obj</name>
      </input_file>
      <input_file id="fl-3">
         <path>.\</path>
         <kind>object</kind>
         <file>Nokia5110.obj</file>
         <name>Nokia5110.obj</name>
      </input_file>
      <input_file id="fl-4">
         <path>.\</path>
         <kind>object</kind>
         <file>main.obj</file>
         <name>main.obj</name>
      </input_file>
      <input_file id="fl-5">
         <path>.\</path>
         <kind>object</kind>
         <file>sdcard.obj</file>
         <name>sdcard.obj</name>
      </input_file>
      <input_file id="fl-6">
         <path>.\</path>
         <kind>object</kind>
         <file>tm4c123gh6pm_startup_ccs.obj</file>
         <name>tm4c123gh6pm_startup_ccs.obj</name>
      </input_file>
      <input_file id="fl-7">
         <path>.\</path>
         <kind>object</kind>
         <file>uart.obj</file>
         <name>uart.obj</name>
      </input_file>
      <input_file id="fl-12e">
         <path>C:\ti\ccsv6\tools\compiler\ti-cgt-arm_5.2.6\lib\</path>
         <kind>archive</kind>
         <file>rtsv7M4_T_le_v4SPD16_eabi.lib</file>
         <name>boot.obj</name>
      </input_file>
      <input_file id="fl-12f">
         <path>C:\ti\ccsv6\tools\compiler\ti-cgt-arm_5.2.6\lib\</path>
         <kind>archive</kind>
         <file>rtsv7M4_T_le_v4SPD16_eabi.lib</file>
         <name>copy_decompress_none.obj</name>
      </input_file>
      <input_file id="fl-130">
         <path>C:\ti\ccsv6\tools\compiler\ti-cgt-arm_5.2.6\lib\</path>
         <kind>archive</kind>
         <file>rtsv7M4_T_le_v4SPD16_eabi.lib</file>
         <name>copy_decompress_rle.obj</name>
      </input_file>
      <input_file id="fl-131">
         <path>C:\ti\ccsv6\tools\compiler\ti-cgt-arm_5.2.6\lib\</path>
         <kind>archive</kind>
         <file>rtsv7M4_T_le_v4SPD16_eabi.lib</file>
         <name>copy_zero_init.obj</name>
      </input_file>
      <input_file id="fl-132">
         <path>C:\ti\ccsv6\tools\compiler\ti-cgt-arm_5.2.6\lib\</path>
         <kind>archive</kind>
         <file>rtsv7M4_T_le_v4SPD16_eabi.lib</file>
         <name>exit.obj</name>
      </input_file>
      <input_file id="fl-133">
         <path>C:\ti\ccsv6\tools\compiler\ti-cgt-arm_5.2.6\lib\</path>
         <kind>archive</kind>
         <file>rtsv7M4_T_le_v4SPD16_eabi.lib</file>
         <name>memcpy_t2.obj</name>
      </input_file>
      <input_file id="fl-134">
         <path>C:\ti\ccsv6\tools\compiler\ti-cgt-arm_5.2.6\lib\</path>
         <kind>archive</kind>
         <file>rtsv7M4_T_le_v4SPD16_eabi.lib</file>
         <name>memset_t2.obj</name>
      </input_file>
      <input_file id="fl-135">
         <path>C:\ti\ccsv6\tools\compiler\ti-cgt-arm_5.2.6\lib\</path>
         <kind>archive</kind>
         <file>rtsv7M4_T_le_v4SPD16_eabi.lib</file>
         <name>pre_init.obj</name>
      </input_file>
      <input_file id="fl-136">
         <path>C:\ti\ccsv6\tools\compiler\ti-cgt-arm_5.2.6\lib\</path>
         <kind>archive</kind>
         <file>rtsv7M4_T_le_v4SPD16_eabi.lib</file>
         <name>printf.obj</name>
      </input_file>
      <input_file id="fl-137">
         <path>C:\ti\ccsv6\tools\compiler\ti-cgt-arm_5.2.6\lib\</path>
         <kind>archive</kind>
         <file>rtsv7M4_T_le_v4SPD16_eabi.lib</file>
         <name>rand.obj</name>
      </input_file>
      <input_file id="fl-138">
         <path>C:\ti\ccsv6\tools\compiler\ti-cgt-arm_5.2.6\lib\</path>
         <kind>archive</kind>
         <file>rtsv7M4_T_le_v4SPD16_eabi.lib</file>
         <name>stkdepth_vars.obj</name>
      </input_file>
      <input_file id="fl-139">
         <path>C:\ti\ccsv6\tools\compiler\ti-cgt-arm_5.2.6\lib\</path>
         <kind>archive</kind>
         <file>rtsv7M4_T_le_v4SPD16_eabi.lib</file>
         <name>strcat.obj</name>
      </input_file>
      <input_file id="fl-13a">
         <path>C:\ti\ccsv6\tools\compiler\ti-cgt-arm_5.2.6\lib\</path>
         <kind>archive</kind>
         <file>rtsv7M4_T_le_v4SPD16_eabi.lib</file>
         <name>time.obj</name>
      </input_file>
      <input_file id="fl-13b">
         <path>C:\ti\ccsv6\tools\compiler\ti-cgt-arm_5.2.6\lib\</path>
         <kind>archive</kind>
         <file>rtsv7M4_T_le_v4SPD16_eabi.lib</file>
         <name>trgdrv.obj</name>
      </input_file>
      <input_file id="fl-13c">
         <path>C:\ti\ccsv6\tools\compiler\ti-cgt-arm_5.2.6\lib\</path>
         <kind>archive</kind>
         <file>rtsv7M4_T_le_v4SPD16_eabi.lib</file>
         <name>trgmsg.obj</name>
      </input_file>
      <input_file id="fl-13d">
         <path>C:\ti\ccsv6\tools\compiler\ti-cgt-arm_5.2.6\lib\</path>
         <kind>archive</kind>
         <file>rtsv7M4_T_le_v4SPD16_eabi.lib</file>
         <name>_lock.obj</name>
      </input_file>
      <input_file id="fl-13e">
         <path>C:\ti\ccsv6\tools\compiler\ti-cgt-arm_5.2.6\lib\</path>
         <kind>archive</kind>
         <file>rtsv7M4_T_le_v4SPD16_eabi.lib</file>
         <name>_printfi.obj</name>
      </input_file>
      <input_file id="fl-13f">
         <path>C:\ti\ccsv6\tools\compiler\ti-cgt-arm_5.2.6\lib\</path>
         <kind>archive</kind>
         <file>rtsv7M4_T_le_v4SPD16_eabi.lib</file>
         <name>args_main.obj</name>
      </input_file>
      <input_file id="fl-140">
         <path>C:\ti\ccsv6\tools\compiler\ti-cgt-arm_5.2.6\lib\</path>
         <kind>archive</kind>
         <file>rtsv7M4_T_le_v4SPD16_eabi.lib</file>
         <name>atoi.obj</name>
      </input_file>
      <input_file id="fl-141">
         <path>C:\ti\ccsv6\tools\compiler\ti-cgt-arm_5.2.6\lib\</path>
         <kind>archive</kind>
         <file>rtsv7M4_T_le_v4SPD16_eabi.lib</file>
         <name>autoinit.obj</name>
      </input_file>
      <input_file id="fl-142">
         <path>C:\ti\ccsv6\tools\compiler\ti-cgt-arm_5.2.6\lib\</path>
         <kind>archive</kind>
         <file>rtsv7M4_T_le_v4SPD16_eabi.lib</file>
         <name>cpy_tbl.obj</name>
      </input_file>
      <input_file id="fl-143">
         <path>C:\ti\ccsv6\tools\compiler\ti-cgt-arm_5.2.6\lib\</path>
         <kind>archive</kind>
         <file>rtsv7M4_T_le_v4SPD16_eabi.lib</file>
         <name>ctype.obj</name>
      </input_file>
      <input_file id="fl-144">
         <path>C:\ti\ccsv6\tools\compiler\ti-cgt-arm_5.2.6\lib\</path>
         <kind>archive</kind>
         <file>rtsv7M4_T_le_v4SPD16_eabi.lib</file>
         <name>defs.obj</name>
      </input_file>
      <input_file id="fl-145">
         <path>C:\ti\ccsv6\tools\compiler\ti-cgt-arm_5.2.6\lib\</path>
         <kind>archive</kind>
         <file>rtsv7M4_T_le_v4SPD16_eabi.lib</file>
         <name>fd_add_t2.obj</name>
      </input_file>
      <input_file id="fl-146">
         <path>C:\ti\ccsv6\tools\compiler\ti-cgt-arm_5.2.6\lib\</path>
         <kind>archive</kind>
         <file>rtsv7M4_T_le_v4SPD16_eabi.lib</file>
         <name>fd_cmp_t2.obj</name>
      </input_file>
      <input_file id="fl-147">
         <path>C:\ti\ccsv6\tools\compiler\ti-cgt-arm_5.2.6\lib\</path>
         <kind>archive</kind>
         <file>rtsv7M4_T_le_v4SPD16_eabi.lib</file>
         <name>fd_div_t2.obj</name>
      </input_file>
      <input_file id="fl-148">
         <path>C:\ti\ccsv6\tools\compiler\ti-cgt-arm_5.2.6\lib\</path>
         <kind>archive</kind>
         <file>rtsv7M4_T_le_v4SPD16_eabi.lib</file>
         <name>fd_mul_t2.obj</name>
      </input_file>
      <input_file id="fl-149">
         <path>C:\ti\ccsv6\tools\compiler\ti-cgt-arm_5.2.6\lib\</path>
         <kind>archive</kind>
         <file>rtsv7M4_T_le_v4SPD16_eabi.lib</file>
         <name>fd_toi_t2.obj</name>
      </input_file>
      <input_file id="fl-14a">
         <path>C:\ti\ccsv6\tools\compiler\ti-cgt-arm_5.2.6\lib\</path>
         <kind>archive</kind>
         <file>rtsv7M4_T_le_v4SPD16_eabi.lib</file>
         <name>fputc.obj</name>
      </input_file>
      <input_file id="fl-14b">
         <path>C:\ti\ccsv6\tools\compiler\ti-cgt-arm_5.2.6\lib\</path>
         <kind>archive</kind>
         <file>rtsv7M4_T_le_v4SPD16_eabi.lib</file>
         <name>fputs.obj</name>
      </input_file>
      <input_file id="fl-14c">
         <path>C:\ti\ccsv6\tools\compiler\ti-cgt-arm_5.2.6\lib\</path>
         <kind>archive</kind>
         <file>rtsv7M4_T_le_v4SPD16_eabi.lib</file>
         <name>frexp.obj</name>
      </input_file>
      <input_file id="fl-14d">
         <path>C:\ti\ccsv6\tools\compiler\ti-cgt-arm_5.2.6\lib\</path>
         <kind>archive</kind>
         <file>rtsv7M4_T_le_v4SPD16_eabi.lib</file>
         <name>i_tofd_t2.obj</name>
      </input_file>
      <input_file id="fl-14e">
         <path>C:\ti\ccsv6\tools\compiler\ti-cgt-arm_5.2.6\lib\</path>
         <kind>archive</kind>
         <file>rtsv7M4_T_le_v4SPD16_eabi.lib</file>
         <name>ldexp.obj</name>
      </input_file>
      <input_file id="fl-14f">
         <path>C:\ti\ccsv6\tools\compiler\ti-cgt-arm_5.2.6\lib\</path>
         <kind>archive</kind>
         <file>rtsv7M4_T_le_v4SPD16_eabi.lib</file>
         <name>lowlev.obj</name>
      </input_file>
      <input_file id="fl-150">
         <path>C:\ti\ccsv6\tools\compiler\ti-cgt-arm_5.2.6\lib\</path>
         <kind>archive</kind>
         <file>rtsv7M4_T_le_v4SPD16_eabi.lib</file>
         <name>ltoa.obj</name>
      </input_file>
      <input_file id="fl-151">
         <path>C:\ti\ccsv6\tools\compiler\ti-cgt-arm_5.2.6\lib\</path>
         <kind>archive</kind>
         <file>rtsv7M4_T_le_v4SPD16_eabi.lib</file>
         <name>memccpy.obj</name>
      </input_file>
      <input_file id="fl-152">
         <path>C:\ti\ccsv6\tools\compiler\ti-cgt-arm_5.2.6\lib\</path>
         <kind>archive</kind>
         <file>rtsv7M4_T_le_v4SPD16_eabi.lib</file>
         <name>memchr.obj</name>
      </input_file>
      <input_file id="fl-153">
         <path>C:\ti\ccsv6\tools\compiler\ti-cgt-arm_5.2.6\lib\</path>
         <kind>archive</kind>
         <file>rtsv7M4_T_le_v4SPD16_eabi.lib</file>
         <name>strchr.obj</name>
      </input_file>
      <input_file id="fl-154">
         <path>C:\ti\ccsv6\tools\compiler\ti-cgt-arm_5.2.6\lib\</path>
         <kind>archive</kind>
         <file>rtsv7M4_T_le_v4SPD16_eabi.lib</file>
         <name>strcmp.obj</name>
      </input_file>
      <input_file id="fl-155">
         <path>C:\ti\ccsv6\tools\compiler\ti-cgt-arm_5.2.6\lib\</path>
         <kind>archive</kind>
         <file>rtsv7M4_T_le_v4SPD16_eabi.lib</file>
         <name>strcpy.obj</name>
      </input_file>
      <input_file id="fl-156">
         <path>C:\ti\ccsv6\tools\compiler\ti-cgt-arm_5.2.6\lib\</path>
         <kind>archive</kind>
         <file>rtsv7M4_T_le_v4SPD16_eabi.lib</file>
         <name>strlen.obj</name>
      </input_file>
      <input_file id="fl-157">
         <path>C:\ti\ccsv6\tools\compiler\ti-cgt-arm_5.2.6\lib\</path>
         <kind>archive</kind>
         <file>rtsv7M4_T_le_v4SPD16_eabi.lib</file>
         <name>strncpy.obj</name>
      </input_file>
      <input_file id="fl-158">
         <path>C:\ti\ccsv6\tools\compiler\ti-cgt-arm_5.2.6\lib\</path>
         <kind>archive</kind>
         <file>rtsv7M4_T_le_v4SPD16_eabi.lib</file>
         <name>ull_div_t2.obj</name>
      </input_file>
      <input_file id="fl-159">
         <path>C:\ti\ccsv6\tools\compiler\ti-cgt-arm_5.2.6\lib\</path>
         <kind>archive</kind>
         <file>rtsv7M4_T_le_v4SPD16_eabi.lib</file>
         <name>xdclass.obj</name>
      </input_file>
      <input_file id="fl-15a">
         <path>C:\ti\ccsv6\tools\compiler\ti-cgt-arm_5.2.6\lib\</path>
         <kind>archive</kind>
         <file>rtsv7M4_T_le_v4SPD16_eabi.lib</file>
         <name>xdscale.obj</name>
      </input_file>
      <input_file id="fl-15b">
         <path>C:\ti\ccsv6\tools\compiler\ti-cgt-arm_5.2.6\lib\</path>
         <kind>archive</kind>
         <file>rtsv7M4_T_le_v4SPD16_eabi.lib</file>
         <name>xdunscal.obj</name>
      </input_file>
      <input_file id="fl-15c">
         <path>C:\ti\ccsv6\tools\compiler\ti-cgt-arm_5.2.6\lib\</path>
         <kind>archive</kind>
         <file>rtsv7M4_T_le_v4SPD16_eabi.lib</file>
         <name>xferaise.obj</name>
      </input_file>
      <input_file id="fl-15d">
         <path>C:\ti\ccsv6\tools\compiler\ti-cgt-arm_5.2.6\lib\</path>
         <kind>archive</kind>
         <file>rtsv7M4_T_le_v4SPD16_eabi.lib</file>
         <name>xvalues.obj</name>
      </input_file>
      <input_file id="fl-15e">
         <path>C:\ti\ccsv6\tools\compiler\ti-cgt-arm_5.2.6\lib\</path>
         <kind>archive</kind>
         <file>rtsv7M4_T_le_v4SPD16_eabi.lib</file>
         <name>_io_perm.obj</name>
      </input_file>
      <input_file id="fl-15f">
         <path>C:\ti\ccsv6\tools\compiler\ti-cgt-arm_5.2.6\lib\</path>
         <kind>archive</kind>
         <file>rtsv7M4_T_le_v4SPD16_eabi.lib</file>
         <name>errno.obj</name>
      </input_file>
      <input_file id="fl-160">
         <path>C:\ti\ccsv6\tools\compiler\ti-cgt-arm_5.2.6\lib\</path>
         <kind>archive</kind>
         <file>rtsv7M4_T_le_v4SPD16_eabi.lib</file>
         <name>feraiseexcept.obj</name>
      </input_file>
      <input_file id="fl-161">
         <path>C:\ti\ccsv6\tools\compiler\ti-cgt-arm_5.2.6\lib\</path>
         <kind>archive</kind>
         <file>rtsv7M4_T_le_v4SPD16_eabi.lib</file>
         <name>fflush.obj</name>
      </input_file>
      <input_file id="fl-162">
         <path>C:\ti\ccsv6\tools\compiler\ti-cgt-arm_5.2.6\lib\</path>
         <kind>archive</kind>
         <file>rtsv7M4_T_le_v4SPD16_eabi.lib</file>
         <name>fseek.obj</name>
      </input_file>
      <input_file id="fl-163">
         <path>C:\ti\ccsv6\tools\compiler\ti-cgt-arm_5.2.6\lib\</path>
         <kind>archive</kind>
         <file>rtsv7M4_T_le_v4SPD16_eabi.lib</file>
         <name>raise.obj</name>
      </input_file>
      <input_file id="fl-164">
         <path>C:\ti\ccsv6\tools\compiler\ti-cgt-arm_5.2.6\lib\</path>
         <kind>archive</kind>
         <file>rtsv7M4_T_le_v4SPD16_eabi.lib</file>
         <name>setvbuf.obj</name>
      </input_file>
      <input_file id="fl-165">
         <path>C:\ti\ccsv6\tools\compiler\ti-cgt-arm_5.2.6\lib\</path>
         <kind>archive</kind>
         <file>rtsv7M4_T_le_v4SPD16_eabi.lib</file>
         <name>signal.obj</name>
      </input_file>
      <input_file id="fl-166">
         <path>C:\ti\ccsv6\tools\compiler\ti-cgt-arm_5.2.6\lib\</path>
         <kind>archive</kind>
         <file>rtsv7M4_T_le_v4SPD16_eabi.lib</file>
         <name>xdnorm.obj</name>
      </input_file>
      <input_file id="fl-167">
         <path>C:\ti\ccsv6\tools\compiler\ti-cgt-arm_5.2.6\lib\</path>
         <kind>archive</kind>
         <file>rtsv7M4_T_le_v4SPD16_eabi.lib</file>
         <name>fopen.obj</name>
      </input_file>
      <input_file id="fl-168">
         <path>C:\ti\ccsv6\tools\compiler\ti-cgt-arm_5.2.6\lib\</path>
         <kind>archive</kind>
         <file>rtsv7M4_T_le_v4SPD16_eabi.lib</file>
         <name>memory.obj</name>
      </input_file>
      <input_file id="fl-169">
         <path>C:\ti\ccsv6\tools\compiler\ti-cgt-arm_5.2.6\lib\</path>
         <kind>archive</kind>
         <file>rtsv7M4_T_le_v4SPD16_eabi.lib</file>
         <name>fclose.obj</name>
      </input_file>
      <input_file id="fl-16a">
         <path>C:\ti\ccsv6\tools\compiler\ti-cgt-arm_5.2.6\lib\</path>
         <kind>archive</kind>
         <file>rtsv7M4_T_le_v4SPD16_eabi.lib</file>
         <name>remove.obj</name>
      </input_file>
   </input_file_list>
   <object_component_list>
      <object_component id="oc-f">
         <name>.intvecs</name>
         <load_address>0x0</load_address>
         <run_address>0x0</run_address>
         <size>0x26c</size>
         <input_file_ref idref="fl-6"/>
      </object_component>
      <object_component id="oc-d7">
         <name>.text</name>
         <load_address>0x270</load_address>
         <run_address>0x270</run_address>
         <size>0x2eaa</size>
         <input_file_ref idref="fl-3"/>
      </object_component>
      <object_component id="oc-18">
         <name>.text:decompress:rle24</name>
         <load_address>0x311a</load_address>
         <run_address>0x311a</run_address>
         <size>0x6</size>
         <input_file_ref idref="fl-130"/>
      </object_component>
      <object_component id="oc-dd">
         <name>.text</name>
         <load_address>0x3120</load_address>
         <run_address>0x3120</run_address>
         <size>0x27ac</size>
         <input_file_ref idref="fl-5"/>
      </object_component>
      <object_component id="oc-5b">
         <name>.text</name>
         <load_address>0x58cc</load_address>
         <run_address>0x58cc</run_address>
         <size>0x4</size>
         <input_file_ref idref="fl-135"/>
      </object_component>
      <object_component id="oc-a4">
         <name>.text</name>
         <load_address>0x58d0</load_address>
         <run_address>0x58d0</run_address>
         <size>0x1c48</size>
         <input_file_ref idref="fl-4"/>
      </object_component>
      <object_component id="oc-1a9">
         <name>.text</name>
         <load_address>0x7518</load_address>
         <run_address>0x7518</run_address>
         <size>0x10ba</size>
         <input_file_ref idref="fl-13e"/>
      </object_component>
      <object_component id="oc-d1">
         <name>.text</name>
         <load_address>0x85d8</load_address>
         <run_address>0x85d8</run_address>
         <size>0x4ae</size>
         <input_file_ref idref="fl-2"/>
      </object_component>
      <object_component id="oc-2de">
         <name>.text</name>
         <load_address>0x8a88</load_address>
         <run_address>0x8a88</run_address>
         <size>0x3dc</size>
         <input_file_ref idref="fl-168"/>
      </object_component>
      <object_component id="oc-1ed">
         <name>.text</name>
         <load_address>0x8e64</load_address>
         <run_address>0x8e64</run_address>
         <size>0x30c</size>
         <input_file_ref idref="fl-14f"/>
      </object_component>
      <object_component id="oc-164">
         <name>.text</name>
         <load_address>0x9170</load_address>
         <run_address>0x9170</run_address>
         <size>0x2d4</size>
         <input_file_ref idref="fl-13b"/>
      </object_component>
      <object_component id="oc-1fd">
         <name>.text</name>
         <load_address>0x9444</load_address>
         <run_address>0x9444</run_address>
         <size>0x1f4</size>
         <input_file_ref idref="fl-158"/>
      </object_component>
      <object_component id="oc-2e4">
         <name>.text</name>
         <load_address>0x9638</load_address>
         <run_address>0x9638</run_address>
         <size>0x1c4</size>
         <input_file_ref idref="fl-167"/>
      </object_component>
      <object_component id="oc-226">
         <name>.text</name>
         <load_address>0x97fc</load_address>
         <run_address>0x97fc</run_address>
         <size>0x1b6</size>
         <input_file_ref idref="fl-145"/>
      </object_component>
      <object_component id="oc-e6">
         <name>.text</name>
         <load_address>0x99b8</load_address>
         <run_address>0x99b8</run_address>
         <size>0x140</size>
         <input_file_ref idref="fl-7"/>
      </object_component>
      <object_component id="oc-20c">
         <name>.text</name>
         <load_address>0x9af8</load_address>
         <run_address>0x9af8</run_address>
         <size>0x136</size>
         <input_file_ref idref="fl-147"/>
      </object_component>
      <object_component id="oc-1a3">
         <name>.text</name>
         <load_address>0x9c30</load_address>
         <run_address>0x9c30</run_address>
         <size>0x134</size>
         <input_file_ref idref="fl-14b"/>
      </object_component>
      <object_component id="oc-2b2">
         <name>.text</name>
         <load_address>0x9d64</load_address>
         <run_address>0x9d64</run_address>
         <size>0x110</size>
         <input_file_ref idref="fl-15a"/>
      </object_component>
      <object_component id="oc-207">
         <name>.text</name>
         <load_address>0x9e74</load_address>
         <run_address>0x9e74</run_address>
         <size>0xfc</size>
         <input_file_ref idref="fl-148"/>
      </object_component>
      <object_component id="oc-27b">
         <name>.text</name>
         <load_address>0x9f70</load_address>
         <run_address>0x9f70</run_address>
         <size>0xdc</size>
         <input_file_ref idref="fl-164"/>
      </object_component>
      <object_component id="oc-1e7">
         <name>.text</name>
         <load_address>0xa04c</load_address>
         <run_address>0xa04c</run_address>
         <size>0xc8</size>
         <input_file_ref idref="fl-161"/>
      </object_component>
      <object_component id="oc-308">
         <name>.text</name>
         <load_address>0xa114</load_address>
         <run_address>0xa114</run_address>
         <size>0xbe</size>
         <input_file_ref idref="fl-166"/>
      </object_component>
      <object_component id="oc-1e1">
         <name>.text</name>
         <load_address>0xa1d2</load_address>
         <run_address>0xa1d2</run_address>
         <size>0xac</size>
         <input_file_ref idref="fl-15e"/>
      </object_component>
      <object_component id="oc-36">
         <name>.text</name>
         <load_address>0xa27e</load_address>
         <run_address>0xa27e</run_address>
         <size>0x9c</size>
         <input_file_ref idref="fl-133"/>
      </object_component>
      <object_component id="oc-334">
         <name>.text</name>
         <load_address>0xa31c</load_address>
         <run_address>0xa31c</run_address>
         <size>0x98</size>
         <input_file_ref idref="fl-169"/>
      </object_component>
      <object_component id="oc-19d">
         <name>.text</name>
         <load_address>0xa3b4</load_address>
         <run_address>0xa3b4</run_address>
         <size>0x98</size>
         <input_file_ref idref="fl-14a"/>
      </object_component>
      <object_component id="oc-202">
         <name>.text:__aeabi_cdcmple</name>
         <load_address>0xa44c</load_address>
         <run_address>0xa44c</run_address>
         <size>0x86</size>
         <input_file_ref idref="fl-146"/>
      </object_component>
      <object_component id="oc-211">
         <name>.text:__aeabi_cdrcmple</name>
         <load_address>0xa4d2</load_address>
         <run_address>0xa4d2</run_address>
         <size>0x86</size>
         <input_file_ref idref="fl-146"/>
      </object_component>
      <object_component id="oc-4f">
         <name>.text</name>
         <load_address>0xa558</load_address>
         <run_address>0xa558</run_address>
         <size>0x7a</size>
         <input_file_ref idref="fl-134"/>
      </object_component>
      <object_component id="oc-159">
         <name>.text</name>
         <load_address>0xa5d4</load_address>
         <run_address>0xa5d4</run_address>
         <size>0x70</size>
         <input_file_ref idref="fl-136"/>
      </object_component>
      <object_component id="oc-61">
         <name>.text</name>
         <load_address>0xa644</load_address>
         <run_address>0xa644</run_address>
         <size>0x6c</size>
         <input_file_ref idref="fl-141"/>
      </object_component>
      <object_component id="oc-42">
         <name>.text</name>
         <load_address>0xa6b0</load_address>
         <run_address>0xa6b0</run_address>
         <size>0x6a</size>
         <input_file_ref idref="fl-130"/>
      </object_component>
      <object_component id="oc-1bb">
         <name>.text</name>
         <load_address>0xa71c</load_address>
         <run_address>0xa71c</run_address>
         <size>0x68</size>
         <input_file_ref idref="fl-13c"/>
      </object_component>
      <object_component id="oc-2aa">
         <name>.text</name>
         <load_address>0xa784</load_address>
         <run_address>0xa784</run_address>
         <size>0x66</size>
         <input_file_ref idref="fl-15b"/>
      </object_component>
      <object_component id="oc-275">
         <name>.text</name>
         <load_address>0xa7ec</load_address>
         <run_address>0xa7ec</run_address>
         <size>0x64</size>
         <input_file_ref idref="fl-162"/>
      </object_component>
      <object_component id="oc-21b">
         <name>.text</name>
         <load_address>0xa850</load_address>
         <run_address>0xa850</run_address>
         <size>0x56</size>
         <input_file_ref idref="fl-150"/>
      </object_component>
      <object_component id="oc-231">
         <name>.text</name>
         <load_address>0xa8a6</load_address>
         <run_address>0xa8a6</run_address>
         <size>0x52</size>
         <input_file_ref idref="fl-14e"/>
      </object_component>
      <object_component id="oc-24">
         <name>.text</name>
         <load_address>0xa8f8</load_address>
         <run_address>0xa8f8</run_address>
         <size>0x50</size>
         <input_file_ref idref="fl-12e"/>
      </object_component>
      <object_component id="oc-249">
         <name>.text</name>
         <load_address>0xa948</load_address>
         <run_address>0xa948</run_address>
         <size>0x4c</size>
         <input_file_ref idref="fl-140"/>
      </object_component>
      <object_component id="oc-9c">
         <name>.text</name>
         <load_address>0xa994</load_address>
         <run_address>0xa994</run_address>
         <size>0x4c</size>
         <input_file_ref idref="fl-142"/>
      </object_component>
      <object_component id="oc-fb">
         <name>.text</name>
         <load_address>0xa9e0</load_address>
         <run_address>0xa9e0</run_address>
         <size>0x4c</size>
         <input_file_ref idref="fl-137"/>
      </object_component>
      <object_component id="oc-216">
         <name>.text</name>
         <load_address>0xaa2c</load_address>
         <run_address>0xaa2c</run_address>
         <size>0x48</size>
         <input_file_ref idref="fl-149"/>
      </object_component>
      <object_component id="oc-6d">
         <name>.text</name>
         <load_address>0xaa74</load_address>
         <run_address>0xaa74</run_address>
         <size>0x44</size>
         <input_file_ref idref="fl-132"/>
      </object_component>
      <object_component id="oc-369">
         <name>.text</name>
         <load_address>0xaab8</load_address>
         <run_address>0xaab8</run_address>
         <size>0x40</size>
         <input_file_ref idref="fl-165"/>
      </object_component>
      <object_component id="oc-317">
         <name>.text</name>
         <load_address>0xaaf8</load_address>
         <run_address>0xaaf8</run_address>
         <size>0x34</size>
         <input_file_ref idref="fl-160"/>
      </object_component>
      <object_component id="oc-28e">
         <name>.text</name>
         <load_address>0xab2c</load_address>
         <run_address>0xab2c</run_address>
         <size>0x30</size>
         <input_file_ref idref="fl-157"/>
      </object_component>
      <object_component id="oc-23d">
         <name>.text</name>
         <load_address>0xab5c</load_address>
         <run_address>0xab5c</run_address>
         <size>0x30</size>
         <input_file_ref idref="fl-159"/>
      </object_component>
      <object_component id="oc-2b8">
         <name>.text</name>
         <load_address>0xab8c</load_address>
         <run_address>0xab8c</run_address>
         <size>0x30</size>
         <input_file_ref idref="fl-15c"/>
      </object_component>
      <object_component id="oc-221">
         <name>.text</name>
         <load_address>0xabbc</load_address>
         <run_address>0xabbc</run_address>
         <size>0x2e</size>
         <input_file_ref idref="fl-14d"/>
      </object_component>
      <object_component id="oc-350">
         <name>.text</name>
         <load_address>0xabea</load_address>
         <run_address>0xabea</run_address>
         <size>0x2e</size>
         <input_file_ref idref="fl-163"/>
      </object_component>
      <object_component id="oc-22b">
         <name>.text</name>
         <load_address>0xac18</load_address>
         <run_address>0xac18</run_address>
         <size>0x2a</size>
         <input_file_ref idref="fl-14c"/>
      </object_component>
      <object_component id="oc-1f5">
         <name>.text</name>
         <load_address>0xac42</load_address>
         <run_address>0xac42</run_address>
         <size>0x20</size>
         <input_file_ref idref="fl-152"/>
      </object_component>
      <object_component id="oc-ef">
         <name>.text</name>
         <load_address>0xac62</load_address>
         <run_address>0xac62</run_address>
         <size>0x1e</size>
         <input_file_ref idref="fl-139"/>
      </object_component>
      <object_component id="oc-243">
         <name>.text</name>
         <load_address>0xac80</load_address>
         <run_address>0xac80</run_address>
         <size>0x1c</size>
         <input_file_ref idref="fl-151"/>
      </object_component>
      <object_component id="oc-2d">
         <name>.text</name>
         <load_address>0xaca0</load_address>
         <run_address>0xaca0</run_address>
         <size>0x1a</size>
         <input_file_ref idref="fl-6"/>
      </object_component>
      <object_component id="oc-67">
         <name>.text</name>
         <load_address>0xacbc</load_address>
         <run_address>0xacbc</run_address>
         <size>0x18</size>
         <input_file_ref idref="fl-13f"/>
      </object_component>
      <object_component id="oc-288">
         <name>.text</name>
         <load_address>0xacd4</load_address>
         <run_address>0xacd4</run_address>
         <size>0x18</size>
         <input_file_ref idref="fl-154"/>
      </object_component>
      <object_component id="oc-237">
         <name>.text</name>
         <load_address>0xacec</load_address>
         <run_address>0xacec</run_address>
         <size>0x16</size>
         <input_file_ref idref="fl-153"/>
      </object_component>
      <object_component id="oc-10a">
         <name>.text</name>
         <load_address>0xad04</load_address>
         <run_address>0xad04</run_address>
         <size>0x14</size>
         <input_file_ref idref="fl-13d"/>
      </object_component>
      <object_component id="oc-1c7">
         <name>.text</name>
         <load_address>0xad18</load_address>
         <run_address>0xad18</run_address>
         <size>0x14</size>
         <input_file_ref idref="fl-155"/>
      </object_component>
      <object_component id="oc-1c1">
         <name>.text</name>
         <load_address>0xad2c</load_address>
         <run_address>0xad2c</run_address>
         <size>0x14</size>
         <input_file_ref idref="fl-156"/>
      </object_component>
      <object_component id="oc-12">
         <name>.text:decompress:none</name>
         <load_address>0xad40</load_address>
         <run_address>0xad40</run_address>
         <size>0xe</size>
         <input_file_ref idref="fl-12f"/>
      </object_component>
      <object_component id="oc-f5">
         <name>.text</name>
         <load_address>0xad4e</load_address>
         <run_address>0xad4e</run_address>
         <size>0xe</size>
         <input_file_ref idref="fl-13a"/>
      </object_component>
      <object_component id="oc-1e">
         <name>.text:decompress:ZI</name>
         <load_address>0xad5c</load_address>
         <run_address>0xad5c</run_address>
         <size>0xc</size>
         <input_file_ref idref="fl-131"/>
      </object_component>
      <object_component id="oc-2c6">
         <name>.const:.string:_ctypes_</name>
         <load_address>0xad68</load_address>
         <run_address>0xad68</run_address>
         <size>0x101</size>
         <input_file_ref idref="fl-143"/>
      </object_component>
      <object_component id="oc-ec">
         <name>.const:.string</name>
         <load_address>0xae69</load_address>
         <run_address>0xae69</run_address>
         <size>0x49</size>
         <input_file_ref idref="fl-4"/>
      </object_component>
      <object_component id="oc-123">
         <name>.const</name>
         <load_address>0xaeb2</load_address>
         <run_address>0xaeb2</run_address>
         <size>0x3</size>
         <input_file_ref idref="fl-2"/>
      </object_component>
      <object_component id="oc-3b3">
         <name>.cinit..data.load</name>
         <load_address>0xaeb8</load_address>
         <run_address>0xaeb8</run_address>
         <size>0xd2</size>
      </object_component>
      <object_component id="oc-3b1">
         <name>__TI_handler_table</name>
         <load_address>0xaf8c</load_address>
         <run_address>0xaf8c</run_address>
         <size>0xc</size>
      </object_component>
      <object_component id="oc-3b4">
         <name>.cinit..bss.load</name>
         <load_address>0xaf98</load_address>
         <run_address>0xaf98</run_address>
         <size>0x8</size>
      </object_component>
      <object_component id="oc-3b2">
         <name>__TI_cinit_table</name>
         <load_address>0xafa0</load_address>
         <run_address>0xafa0</run_address>
         <size>0x10</size>
      </object_component>
      <object_component id="oc-2a">
         <name>.sysmem</name>
         <uninitialized>true</uninitialized>
         <run_address>0x20003b60</run_address>
         <size>0x8</size>
         <input_file_ref idref="fl-168"/>
      </object_component>
      <object_component id="oc-3b6">
         <name>.sysmem</name>
         <uninitialized>true</uninitialized>
         <run_address>0x20003b60</run_address>
         <size>0x0</size>
      </object_component>
      <object_component id="oc-29">
         <name>.stack</name>
         <uninitialized>true</uninitialized>
         <run_address>0x20003360</run_address>
         <size>0x0</size>
         <input_file_ref idref="fl-12e"/>
      </object_component>
      <object_component id="oc-3b5">
         <name>.stack</name>
         <uninitialized>true</uninitialized>
         <run_address>0x20003360</run_address>
         <size>0x0</size>
      </object_component>
      <object_component id="oc-133">
         <name>.bss:main_menu_items</name>
         <uninitialized>true</uninitialized>
         <run_address>0x20002d70</run_address>
         <size>0x12c</size>
         <input_file_ref idref="fl-3"/>
      </object_component>
      <object_component id="oc-127">
         <name>.bss:menu_items</name>
         <uninitialized>true</uninitialized>
         <run_address>0x20002fc8</run_address>
         <size>0x12c</size>
         <input_file_ref idref="fl-3"/>
      </object_component>
      <object_component id="oc-130">
         <name>.bss:menu_items2</name>
         <uninitialized>true</uninitialized>
         <run_address>0x20002e9c</run_address>
         <size>0x12c</size>
         <input_file_ref idref="fl-3"/>
      </object_component>
      <object_component id="oc-12a">
         <name>.bss:string</name>
         <uninitialized>true</uninitialized>
         <run_address>0x200032b4</run_address>
         <size>0x80</size>
         <input_file_ref idref="fl-3"/>
      </object_component>
      <object_component id="oc-14e">
         <name>.bss:pixel_content</name>
         <uninitialized>true</uninitialized>
         <run_address>0x20002bc0</run_address>
         <size>0x1b0</size>
         <input_file_ref idref="fl-5"/>
      </object_component>
      <object_component id="oc-141">
         <name>.bss:file_dir</name>
         <uninitialized>true</uninitialized>
         <run_address>0x20000000</run_address>
         <size>0x2bc0</size>
         <input_file_ref idref="fl-5"/>
      </object_component>
      <object_component id="oc-26a">
         <name>.bss:__CIOBUF_</name>
         <uninitialized>true</uninitialized>
         <run_address>0x200030f4</run_address>
         <size>0x120</size>
         <input_file_ref idref="fl-13c"/>
      </object_component>
      <object_component id="oc-360">
         <name>.bss:__TI_tmpnams</name>
         <uninitialized>true</uninitialized>
         <run_address>0x20003214</run_address>
         <size>0xa0</size>
         <input_file_ref idref="fl-144"/>
      </object_component>
      <object_component id="oc-11f">
         <name>.common:lightwand_brightness</name>
         <uninitialized>true</uninitialized>
         <run_address>0x2000335e</run_address>
         <size>0x1</size>
      </object_component>
      <object_component id="oc-122">
         <name>.common:lightwand_delay</name>
         <uninitialized>true</uninitialized>
         <run_address>0x20003350</run_address>
         <size>0x4</size>
      </object_component>
      <object_component id="oc-140">
         <name>.common:Timer1</name>
         <uninitialized>true</uninitialized>
         <run_address>0x2000335c</run_address>
         <size>0x1</size>
      </object_component>
      <object_component id="oc-13d">
         <name>.common:Timer2</name>
         <uninitialized>true</uninitialized>
         <run_address>0x2000335d</run_address>
         <size>0x1</size>
      </object_component>
      <object_component id="oc-145">
         <name>.common:lba_begin_address</name>
         <uninitialized>true</uninitialized>
         <run_address>0x2000334c</run_address>
         <size>0x4</size>
      </object_component>
      <object_component id="oc-146">
         <name>.common:number_of_sectors</name>
         <uninitialized>true</uninitialized>
         <run_address>0x20003354</run_address>
         <size>0x4</size>
      </object_component>
      <object_component id="oc-14c">
         <name>.common:lba_addr</name>
         <uninitialized>true</uninitialized>
         <run_address>0x20003348</run_address>
         <size>0x4</size>
      </object_component>
      <object_component id="oc-14b">
         <name>.common:cluster_begin_lba</name>
         <uninitialized>true</uninitialized>
         <run_address>0x20003340</run_address>
         <size>0x4</size>
      </object_component>
      <object_component id="oc-14a">
         <name>.common:fat_begin_lba</name>
         <uninitialized>true</uninitialized>
         <run_address>0x20003344</run_address>
         <size>0x4</size>
      </object_component>
      <object_component id="oc-144">
         <name>.common:root_dir_first_cluster</name>
         <uninitialized>true</uninitialized>
         <run_address>0x20003358</run_address>
         <size>0x4</size>
      </object_component>
      <object_component id="oc-14d">
         <name>.common:BrightLimit</name>
         <uninitialized>true</uninitialized>
         <run_address>0x2000333c</run_address>
         <size>0x4</size>
      </object_component>
      <object_component id="oc-1cd">
         <name>.common:parmbuf</name>
         <uninitialized>true</uninitialized>
         <run_address>0x20003334</run_address>
         <size>0x8</size>
      </object_component>
      <object_component id="oc-12d">
         <name>.data</name>
         <load_address>0x200046b4</load_address>
         <run_address>0x200046b4</run_address>
         <size>0xc</size>
         <input_file_ref idref="fl-3"/>
      </object_component>
      <object_component id="oc-e3">
         <name>.data</name>
         <load_address>0x20004690</load_address>
         <run_address>0x20004690</run_address>
         <size>0x14</size>
         <input_file_ref idref="fl-4"/>
      </object_component>
      <object_component id="oc-147">
         <name>.data</name>
         <load_address>0x20004650</load_address>
         <run_address>0x20004650</run_address>
         <size>0x40</size>
         <input_file_ref idref="fl-5"/>
      </object_component>
      <object_component id="oc-af">
         <name>.data</name>
         <load_address>0x200046d4</load_address>
         <run_address>0x200046d4</run_address>
         <size>0x8</size>
         <input_file_ref idref="fl-132"/>
      </object_component>
      <object_component id="oc-171">
         <name>.data</name>
         <load_address>0x200046ec</load_address>
         <run_address>0x200046ec</run_address>
         <size>0x4</size>
         <input_file_ref idref="fl-137"/>
      </object_component>
      <object_component id="oc-73">
         <name>.data</name>
         <load_address>0x200046f0</load_address>
         <run_address>0x200046f0</run_address>
         <size>0x4</size>
         <input_file_ref idref="fl-138"/>
      </object_component>
      <object_component id="oc-ac">
         <name>.data</name>
         <load_address>0x200046cc</load_address>
         <run_address>0x200046cc</run_address>
         <size>0x8</size>
         <input_file_ref idref="fl-13d"/>
      </object_component>
      <object_component id="oc-1af">
         <name>.data:_ftable</name>
         <load_address>0x20004360</load_address>
         <run_address>0x20004360</run_address>
         <size>0xf0</size>
         <input_file_ref idref="fl-144"/>
      </object_component>
      <object_component id="oc-283">
         <name>.data</name>
         <load_address>0x200046a4</load_address>
         <run_address>0x200046a4</run_address>
         <size>0x10</size>
         <input_file_ref idref="fl-144"/>
      </object_component>
      <object_component id="oc-294">
         <name>.data</name>
         <load_address>0x20004450</load_address>
         <run_address>0x20004450</run_address>
         <size>0xd0</size>
         <input_file_ref idref="fl-14f"/>
      </object_component>
      <object_component id="oc-312">
         <name>.data</name>
         <load_address>0x200045d0</load_address>
         <run_address>0x200045d0</run_address>
         <size>0x80</size>
         <input_file_ref idref="fl-15d"/>
      </object_component>
      <object_component id="oc-31d">
         <name>.data</name>
         <load_address>0x200046e4</load_address>
         <run_address>0x200046e4</run_address>
         <size>0x4</size>
         <input_file_ref idref="fl-15f"/>
      </object_component>
      <object_component id="oc-356">
         <name>.data</name>
         <load_address>0x200046dc</load_address>
         <run_address>0x200046dc</run_address>
         <size>0x8</size>
         <input_file_ref idref="fl-160"/>
      </object_component>
      <object_component id="oc-37e">
         <name>.data:sigtable</name>
         <load_address>0x20004520</load_address>
         <run_address>0x20004520</run_address>
         <size>0xb0</size>
         <input_file_ref idref="fl-165"/>
      </object_component>
      <object_component id="oc-33a">
         <name>.data</name>
         <load_address>0x200046e8</load_address>
         <run_address>0x200046e8</run_address>
         <size>0x4</size>
         <input_file_ref idref="fl-167"/>
      </object_component>
      <object_component id="oc-330">
         <name>.data</name>
         <load_address>0x200046c0</load_address>
         <run_address>0x200046c0</run_address>
         <size>0xc</size>
         <input_file_ref idref="fl-168"/>
      </object_component>
      <object_component id="oc-120">
         <name>.debug_info</name>
         <load_address>0x0</load_address>
         <run_address>0x0</run_address>
         <size>0x1ca</size>
         <input_file_ref idref="fl-2"/>
      </object_component>
      <object_component id="oc-124">
         <name>.debug_info</name>
         <load_address>0x1ca</load_address>
         <run_address>0x1ca</run_address>
         <size>0xe4</size>
         <input_file_ref idref="fl-2"/>
      </object_component>
      <object_component id="oc-d2">
         <name>.debug_info</name>
         <load_address>0x2ae</load_address>
         <run_address>0x2ae</run_address>
         <size>0x543</size>
         <input_file_ref idref="fl-2"/>
      </object_component>
      <object_component id="oc-7e">
         <name>.debug_info</name>
         <load_address>0x7f1</load_address>
         <run_address>0x7f1</run_address>
         <size>0x84</size>
         <input_file_ref idref="fl-2"/>
      </object_component>
      <object_component id="oc-83">
         <name>.debug_info</name>
         <load_address>0x875</load_address>
         <run_address>0x875</run_address>
         <size>0x18b</size>
         <input_file_ref idref="fl-2"/>
      </object_component>
      <object_component id="oc-13c">
         <name>.debug_info</name>
         <load_address>0xa00</load_address>
         <run_address>0xa00</run_address>
         <size>0x198</size>
         <input_file_ref idref="fl-3"/>
      </object_component>
      <object_component id="oc-134">
         <name>.debug_info</name>
         <load_address>0xb98</load_address>
         <run_address>0xb98</run_address>
         <size>0xf9</size>
         <input_file_ref idref="fl-3"/>
      </object_component>
      <object_component id="oc-128">
         <name>.debug_info</name>
         <load_address>0xc91</load_address>
         <run_address>0xc91</run_address>
         <size>0xef</size>
         <input_file_ref idref="fl-3"/>
      </object_component>
      <object_component id="oc-131">
         <name>.debug_info</name>
         <load_address>0xd80</load_address>
         <run_address>0xd80</run_address>
         <size>0xf1</size>
         <input_file_ref idref="fl-3"/>
      </object_component>
      <object_component id="oc-12b">
         <name>.debug_info</name>
         <load_address>0xe71</load_address>
         <run_address>0xe71</run_address>
         <size>0xe7</size>
         <input_file_ref idref="fl-3"/>
      </object_component>
      <object_component id="oc-12e">
         <name>.debug_info</name>
         <load_address>0xf58</load_address>
         <run_address>0xf58</run_address>
         <size>0x149</size>
         <input_file_ref idref="fl-3"/>
      </object_component>
      <object_component id="oc-d8">
         <name>.debug_info</name>
         <load_address>0x10a1</load_address>
         <run_address>0x10a1</run_address>
         <size>0x37a2</size>
         <input_file_ref idref="fl-3"/>
      </object_component>
      <object_component id="oc-178">
         <name>.debug_info</name>
         <load_address>0x4843</load_address>
         <run_address>0x4843</run_address>
         <size>0x162</size>
         <input_file_ref idref="fl-3"/>
      </object_component>
      <object_component id="oc-137">
         <name>.debug_info</name>
         <load_address>0x49a5</load_address>
         <run_address>0x49a5</run_address>
         <size>0x3f</size>
         <input_file_ref idref="fl-3"/>
      </object_component>
      <object_component id="oc-102">
         <name>.debug_info</name>
         <load_address>0x49e4</load_address>
         <run_address>0x49e4</run_address>
         <size>0x915</size>
         <input_file_ref idref="fl-4"/>
      </object_component>
      <object_component id="oc-e4">
         <name>.debug_info</name>
         <load_address>0x52f9</load_address>
         <run_address>0x52f9</run_address>
         <size>0x1f2</size>
         <input_file_ref idref="fl-4"/>
      </object_component>
      <object_component id="oc-ed">
         <name>.debug_info</name>
         <load_address>0x54eb</load_address>
         <run_address>0x54eb</run_address>
         <size>0x1db</size>
         <input_file_ref idref="fl-4"/>
      </object_component>
      <object_component id="oc-a5">
         <name>.debug_info</name>
         <load_address>0x56c6</load_address>
         <run_address>0x56c6</run_address>
         <size>0x20b8</size>
         <input_file_ref idref="fl-4"/>
      </object_component>
      <object_component id="oc-152">
         <name>.debug_info</name>
         <load_address>0x777e</load_address>
         <run_address>0x777e</run_address>
         <size>0x91</size>
         <input_file_ref idref="fl-4"/>
      </object_component>
      <object_component id="oc-13e">
         <name>.debug_info</name>
         <load_address>0x780f</load_address>
         <run_address>0x780f</run_address>
         <size>0x48f</size>
         <input_file_ref idref="fl-5"/>
      </object_component>
      <object_component id="oc-148">
         <name>.debug_info</name>
         <load_address>0x7c9e</load_address>
         <run_address>0x7c9e</run_address>
         <size>0x34a</size>
         <input_file_ref idref="fl-5"/>
      </object_component>
      <object_component id="oc-14f">
         <name>.debug_info</name>
         <load_address>0x7fe8</load_address>
         <run_address>0x7fe8</run_address>
         <size>0xf2</size>
         <input_file_ref idref="fl-5"/>
      </object_component>
      <object_component id="oc-142">
         <name>.debug_info</name>
         <load_address>0x80da</load_address>
         <run_address>0x80da</run_address>
         <size>0xe8</size>
         <input_file_ref idref="fl-5"/>
      </object_component>
      <object_component id="oc-de">
         <name>.debug_info</name>
         <load_address>0x81c2</load_address>
         <run_address>0x81c2</run_address>
         <size>0x1be6</size>
         <input_file_ref idref="fl-5"/>
      </object_component>
      <object_component id="oc-192">
         <name>.debug_info</name>
         <load_address>0x9da8</load_address>
         <run_address>0x9da8</run_address>
         <size>0x17a</size>
         <input_file_ref idref="fl-5"/>
      </object_component>
      <object_component id="oc-1b4">
         <name>.debug_info</name>
         <load_address>0x9f22</load_address>
         <run_address>0x9f22</run_address>
         <size>0x4e</size>
         <input_file_ref idref="fl-5"/>
      </object_component>
      <object_component id="oc-35">
         <name>.debug_info</name>
         <load_address>0x9f70</load_address>
         <run_address>0x9f70</run_address>
         <size>0x11d</size>
         <input_file_ref idref="fl-6"/>
      </object_component>
      <object_component id="oc-10">
         <name>.debug_info</name>
         <load_address>0xa08d</load_address>
         <run_address>0xa08d</run_address>
         <size>0x102</size>
         <input_file_ref idref="fl-6"/>
      </object_component>
      <object_component id="oc-2e">
         <name>.debug_info</name>
         <load_address>0xa18f</load_address>
         <run_address>0xa18f</run_address>
         <size>0x27e</size>
         <input_file_ref idref="fl-6"/>
      </object_component>
      <object_component id="oc-e9">
         <name>.debug_info</name>
         <load_address>0xa40d</load_address>
         <run_address>0xa40d</run_address>
         <size>0x1e6</size>
         <input_file_ref idref="fl-7"/>
      </object_component>
      <object_component id="oc-25">
         <name>.debug_info</name>
         <load_address>0xa5f3</load_address>
         <run_address>0xa5f3</run_address>
         <size>0x134</size>
         <input_file_ref idref="fl-12e"/>
      </object_component>
      <object_component id="oc-41">
         <name>.debug_info</name>
         <load_address>0xa727</load_address>
         <run_address>0xa727</run_address>
         <size>0x121</size>
         <input_file_ref idref="fl-12f"/>
      </object_component>
      <object_component id="oc-16">
         <name>.debug_info</name>
         <load_address>0xa848</load_address>
         <run_address>0xa848</run_address>
         <size>0x1c0</size>
         <input_file_ref idref="fl-12f"/>
      </object_component>
      <object_component id="oc-3c">
         <name>.debug_info</name>
         <load_address>0xaa08</load_address>
         <run_address>0xaa08</run_address>
         <size>0x46</size>
         <input_file_ref idref="fl-12f"/>
      </object_component>
      <object_component id="oc-89">
         <name>.debug_info</name>
         <load_address>0xaa4e</load_address>
         <run_address>0xaa4e</run_address>
         <size>0x2c</size>
         <input_file_ref idref="fl-12f"/>
      </object_component>
      <object_component id="oc-49">
         <name>.debug_info</name>
         <load_address>0xaa7a</load_address>
         <run_address>0xaa7a</run_address>
         <size>0x115</size>
         <input_file_ref idref="fl-130"/>
      </object_component>
      <object_component id="oc-45">
         <name>.debug_info</name>
         <load_address>0xab8f</load_address>
         <run_address>0xab8f</run_address>
         <size>0x228</size>
         <input_file_ref idref="fl-130"/>
      </object_component>
      <object_component id="oc-1b">
         <name>.debug_info</name>
         <load_address>0xadb7</load_address>
         <run_address>0xadb7</run_address>
         <size>0x192</size>
         <input_file_ref idref="fl-130"/>
      </object_component>
      <object_component id="oc-4a">
         <name>.debug_info</name>
         <load_address>0xaf49</load_address>
         <run_address>0xaf49</run_address>
         <size>0x39</size>
         <input_file_ref idref="fl-130"/>
      </object_component>
      <object_component id="oc-93">
         <name>.debug_info</name>
         <load_address>0xaf82</load_address>
         <run_address>0xaf82</run_address>
         <size>0x2c</size>
         <input_file_ref idref="fl-130"/>
      </object_component>
      <object_component id="oc-5a">
         <name>.debug_info</name>
         <load_address>0xafae</load_address>
         <run_address>0xafae</run_address>
         <size>0x110</size>
         <input_file_ref idref="fl-131"/>
      </object_component>
      <object_component id="oc-20">
         <name>.debug_info</name>
         <load_address>0xb0be</load_address>
         <run_address>0xb0be</run_address>
         <size>0x18b</size>
         <input_file_ref idref="fl-131"/>
      </object_component>
      <object_component id="oc-55">
         <name>.debug_info</name>
         <load_address>0xb249</load_address>
         <run_address>0xb249</run_address>
         <size>0x46</size>
         <input_file_ref idref="fl-131"/>
      </object_component>
      <object_component id="oc-b3">
         <name>.debug_info</name>
         <load_address>0xb28f</load_address>
         <run_address>0xb28f</run_address>
         <size>0x172</size>
         <input_file_ref idref="fl-132"/>
      </object_component>
      <object_component id="oc-b0">
         <name>.debug_info</name>
         <load_address>0xb401</load_address>
         <run_address>0xb401</run_address>
         <size>0x117</size>
         <input_file_ref idref="fl-132"/>
      </object_component>
      <object_component id="oc-70">
         <name>.debug_info</name>
         <load_address>0xb518</load_address>
         <run_address>0xb518</run_address>
         <size>0x1ee</size>
         <input_file_ref idref="fl-132"/>
      </object_component>
      <object_component id="oc-37">
         <name>.debug_info</name>
         <load_address>0xb706</load_address>
         <run_address>0xb706</run_address>
         <size>0xf6</size>
         <input_file_ref idref="fl-133"/>
      </object_component>
      <object_component id="oc-50">
         <name>.debug_info</name>
         <load_address>0xb7fc</load_address>
         <run_address>0xb7fc</run_address>
         <size>0x124</size>
         <input_file_ref idref="fl-134"/>
      </object_component>
      <object_component id="oc-5e">
         <name>.debug_info</name>
         <load_address>0xb920</load_address>
         <run_address>0xb920</run_address>
         <size>0x129</size>
         <input_file_ref idref="fl-135"/>
      </object_component>
      <object_component id="oc-1b3">
         <name>.debug_info</name>
         <load_address>0xba49</load_address>
         <run_address>0xba49</run_address>
         <size>0x20d</size>
         <input_file_ref idref="fl-136"/>
      </object_component>
      <object_component id="oc-15c">
         <name>.debug_info</name>
         <load_address>0xbc56</load_address>
         <run_address>0xbc56</run_address>
         <size>0x265</size>
         <input_file_ref idref="fl-136"/>
      </object_component>
      <object_component id="oc-265">
         <name>.debug_info</name>
         <load_address>0xbebb</load_address>
         <run_address>0xbebb</run_address>
         <size>0xae</size>
         <input_file_ref idref="fl-136"/>
      </object_component>
      <object_component id="oc-175">
         <name>.debug_info</name>
         <load_address>0xbf69</load_address>
         <run_address>0xbf69</run_address>
         <size>0xf6</size>
         <input_file_ref idref="fl-137"/>
      </object_component>
      <object_component id="oc-172">
         <name>.debug_info</name>
         <load_address>0xc05f</load_address>
         <run_address>0xc05f</run_address>
         <size>0xd1</size>
         <input_file_ref idref="fl-137"/>
      </object_component>
      <object_component id="oc-fe">
         <name>.debug_info</name>
         <load_address>0xc130</load_address>
         <run_address>0xc130</run_address>
         <size>0x185</size>
         <input_file_ref idref="fl-137"/>
      </object_component>
      <object_component id="oc-74">
         <name>.debug_info</name>
         <load_address>0xc2b5</load_address>
         <run_address>0xc2b5</run_address>
         <size>0xea</size>
         <input_file_ref idref="fl-138"/>
      </object_component>
      <object_component id="oc-163">
         <name>.debug_info</name>
         <load_address>0xc39f</load_address>
         <run_address>0xc39f</run_address>
         <size>0xd1</size>
         <input_file_ref idref="fl-139"/>
      </object_component>
      <object_component id="oc-f2">
         <name>.debug_info</name>
         <load_address>0xc470</load_address>
         <run_address>0xc470</run_address>
         <size>0x216</size>
         <input_file_ref idref="fl-139"/>
      </object_component>
      <object_component id="oc-170">
         <name>.debug_info</name>
         <load_address>0xc686</load_address>
         <run_address>0xc686</run_address>
         <size>0xe0</size>
         <input_file_ref idref="fl-13a"/>
      </object_component>
      <object_component id="oc-f6">
         <name>.debug_info</name>
         <load_address>0xc766</load_address>
         <run_address>0xc766</run_address>
         <size>0x14f</size>
         <input_file_ref idref="fl-13a"/>
      </object_component>
      <object_component id="oc-16b">
         <name>.debug_info</name>
         <load_address>0xc8b5</load_address>
         <run_address>0xc8b5</run_address>
         <size>0x2c</size>
         <input_file_ref idref="fl-13a"/>
      </object_component>
      <object_component id="oc-1ce">
         <name>.debug_info</name>
         <load_address>0xc8e1</load_address>
         <run_address>0xc8e1</run_address>
         <size>0x24e</size>
         <input_file_ref idref="fl-13b"/>
      </object_component>
      <object_component id="oc-167">
         <name>.debug_info</name>
         <load_address>0xcb2f</load_address>
         <run_address>0xcb2f</run_address>
         <size>0xa0e</size>
         <input_file_ref idref="fl-13b"/>
      </object_component>
      <object_component id="oc-1d6">
         <name>.debug_info</name>
         <load_address>0xd53d</load_address>
         <run_address>0xd53d</run_address>
         <size>0x39</size>
         <input_file_ref idref="fl-13b"/>
      </object_component>
      <object_component id="oc-256">
         <name>.debug_info</name>
         <load_address>0xd576</load_address>
         <run_address>0xd576</run_address>
         <size>0x2c</size>
         <input_file_ref idref="fl-13b"/>
      </object_component>
      <object_component id="oc-1d1">
         <name>.debug_info</name>
         <load_address>0xd5a2</load_address>
         <run_address>0xd5a2</run_address>
         <size>0x2c</size>
         <input_file_ref idref="fl-13b"/>
      </object_component>
      <object_component id="oc-26e">
         <name>.debug_info</name>
         <load_address>0xd5ce</load_address>
         <run_address>0xd5ce</run_address>
         <size>0xf6</size>
         <input_file_ref idref="fl-13c"/>
      </object_component>
      <object_component id="oc-26b">
         <name>.debug_info</name>
         <load_address>0xd6c4</load_address>
         <run_address>0xd6c4</run_address>
         <size>0xde</size>
         <input_file_ref idref="fl-13c"/>
      </object_component>
      <object_component id="oc-1bf">
         <name>.debug_info</name>
         <load_address>0xd7a2</load_address>
         <run_address>0xd7a2</run_address>
         <size>0x262</size>
         <input_file_ref idref="fl-13c"/>
      </object_component>
      <object_component id="oc-112">
         <name>.debug_info</name>
         <load_address>0xda04</load_address>
         <run_address>0xda04</run_address>
         <size>0x105</size>
         <input_file_ref idref="fl-13d"/>
      </object_component>
      <object_component id="oc-ad">
         <name>.debug_info</name>
         <load_address>0xdb09</load_address>
         <run_address>0xdb09</run_address>
         <size>0xf4</size>
         <input_file_ref idref="fl-13d"/>
      </object_component>
      <object_component id="oc-10b">
         <name>.debug_info</name>
         <load_address>0xdbfd</load_address>
         <run_address>0xdbfd</run_address>
         <size>0x200</size>
         <input_file_ref idref="fl-13d"/>
      </object_component>
      <object_component id="oc-250">
         <name>.debug_info</name>
         <load_address>0xddfd</load_address>
         <run_address>0xddfd</run_address>
         <size>0x338</size>
         <input_file_ref idref="fl-13e"/>
      </object_component>
      <object_component id="oc-1aa">
         <name>.debug_info</name>
         <load_address>0xe135</load_address>
         <run_address>0xe135</run_address>
         <size>0x17ea</size>
         <input_file_ref idref="fl-13e"/>
      </object_component>
      <object_component id="oc-251">
         <name>.debug_info</name>
         <load_address>0xf91f</load_address>
         <run_address>0xf91f</run_address>
         <size>0x86</size>
         <input_file_ref idref="fl-13e"/>
      </object_component>
      <object_component id="oc-2cd">
         <name>.debug_info</name>
         <load_address>0xf9a5</load_address>
         <run_address>0xf9a5</run_address>
         <size>0x46</size>
         <input_file_ref idref="fl-13e"/>
      </object_component>
      <object_component id="oc-25b">
         <name>.debug_info</name>
         <load_address>0xf9eb</load_address>
         <run_address>0xf9eb</run_address>
         <size>0x39</size>
         <input_file_ref idref="fl-13e"/>
      </object_component>
      <object_component id="oc-ab">
         <name>.debug_info</name>
         <load_address>0xfa24</load_address>
         <run_address>0xfa24</run_address>
         <size>0x147</size>
         <input_file_ref idref="fl-13f"/>
      </object_component>
      <object_component id="oc-68">
         <name>.debug_info</name>
         <load_address>0xfb6b</load_address>
         <run_address>0xfb6b</run_address>
         <size>0x148</size>
         <input_file_ref idref="fl-13f"/>
      </object_component>
      <object_component id="oc-105">
         <name>.debug_info</name>
         <load_address>0xfcb3</load_address>
         <run_address>0xfcb3</run_address>
         <size>0x5e</size>
         <input_file_ref idref="fl-13f"/>
      </object_component>
      <object_component id="oc-2ca">
         <name>.debug_info</name>
         <load_address>0xfd11</load_address>
         <run_address>0xfd11</run_address>
         <size>0xf5</size>
         <input_file_ref idref="fl-140"/>
      </object_component>
      <object_component id="oc-24d">
         <name>.debug_info</name>
         <load_address>0xfe06</load_address>
         <run_address>0xfe06</run_address>
         <size>0x152</size>
         <input_file_ref idref="fl-140"/>
      </object_component>
      <object_component id="oc-a3">
         <name>.debug_info</name>
         <load_address>0xff58</load_address>
         <run_address>0xff58</run_address>
         <size>0x29e</size>
         <input_file_ref idref="fl-141"/>
      </object_component>
      <object_component id="oc-63">
         <name>.debug_info</name>
         <load_address>0x101f6</load_address>
         <run_address>0x101f6</run_address>
         <size>0x158</size>
         <input_file_ref idref="fl-141"/>
      </object_component>
      <object_component id="oc-c7">
         <name>.debug_info</name>
         <load_address>0x1034e</load_address>
         <run_address>0x1034e</run_address>
         <size>0x39</size>
         <input_file_ref idref="fl-141"/>
      </object_component>
      <object_component id="oc-cc">
         <name>.debug_info</name>
         <load_address>0x10387</load_address>
         <run_address>0x10387</run_address>
         <size>0xcd</size>
         <input_file_ref idref="fl-141"/>
      </object_component>
      <object_component id="oc-c4">
         <name>.debug_info</name>
         <load_address>0x10454</load_address>
         <run_address>0x10454</run_address>
         <size>0x1c1</size>
         <input_file_ref idref="fl-142"/>
      </object_component>
      <object_component id="oc-9d">
         <name>.debug_info</name>
         <load_address>0x10615</load_address>
         <run_address>0x10615</run_address>
         <size>0x164</size>
         <input_file_ref idref="fl-142"/>
      </object_component>
      <object_component id="oc-11a">
         <name>.debug_info</name>
         <load_address>0x10779</load_address>
         <run_address>0x10779</run_address>
         <size>0x2c</size>
         <input_file_ref idref="fl-142"/>
      </object_component>
      <object_component id="oc-32b">
         <name>.debug_info</name>
         <load_address>0x107a5</load_address>
         <run_address>0x107a5</run_address>
         <size>0xcf</size>
         <input_file_ref idref="fl-143"/>
      </object_component>
      <object_component id="oc-2c7">
         <name>.debug_info</name>
         <load_address>0x10874</load_address>
         <run_address>0x10874</run_address>
         <size>0xdb</size>
         <input_file_ref idref="fl-143"/>
      </object_component>
      <object_component id="oc-262">
         <name>.debug_info</name>
         <load_address>0x1094f</load_address>
         <run_address>0x1094f</run_address>
         <size>0xf1</size>
         <input_file_ref idref="fl-144"/>
      </object_component>
      <object_component id="oc-1b0">
         <name>.debug_info</name>
         <load_address>0x10a40</load_address>
         <run_address>0x10a40</run_address>
         <size>0xd8</size>
         <input_file_ref idref="fl-144"/>
      </object_component>
      <object_component id="oc-361">
         <name>.debug_info</name>
         <load_address>0x10b18</load_address>
         <run_address>0x10b18</run_address>
         <size>0xe2</size>
         <input_file_ref idref="fl-144"/>
      </object_component>
      <object_component id="oc-284">
         <name>.debug_info</name>
         <load_address>0x10bfa</load_address>
         <run_address>0x10bfa</run_address>
         <size>0x165</size>
         <input_file_ref idref="fl-144"/>
      </object_component>
      <object_component id="oc-227">
         <name>.debug_info</name>
         <load_address>0x10d5f</load_address>
         <run_address>0x10d5f</run_address>
         <size>0x129</size>
         <input_file_ref idref="fl-145"/>
      </object_component>
      <object_component id="oc-205">
         <name>.debug_info</name>
         <load_address>0x10e88</load_address>
         <run_address>0x10e88</run_address>
         <size>0x105</size>
         <input_file_ref idref="fl-146"/>
      </object_component>
      <object_component id="oc-212">
         <name>.debug_info</name>
         <load_address>0x10f8d</load_address>
         <run_address>0x10f8d</run_address>
         <size>0x107</size>
         <input_file_ref idref="fl-146"/>
      </object_component>
      <object_component id="oc-20d">
         <name>.debug_info</name>
         <load_address>0x11094</load_address>
         <run_address>0x11094</run_address>
         <size>0x117</size>
         <input_file_ref idref="fl-147"/>
      </object_component>
      <object_component id="oc-208">
         <name>.debug_info</name>
         <load_address>0x111ab</load_address>
         <run_address>0x111ab</run_address>
         <size>0x117</size>
         <input_file_ref idref="fl-148"/>
      </object_component>
      <object_component id="oc-218">
         <name>.debug_info</name>
         <load_address>0x112c2</load_address>
         <run_address>0x112c2</run_address>
         <size>0x10b</size>
         <input_file_ref idref="fl-149"/>
      </object_component>
      <object_component id="oc-1f4">
         <name>.debug_info</name>
         <load_address>0x113cd</load_address>
         <run_address>0x113cd</run_address>
         <size>0x1bf</size>
         <input_file_ref idref="fl-14a"/>
      </object_component>
      <object_component id="oc-1a1">
         <name>.debug_info</name>
         <load_address>0x1158c</load_address>
         <run_address>0x1158c</run_address>
         <size>0x220</size>
         <input_file_ref idref="fl-14a"/>
      </object_component>
      <object_component id="oc-1fc">
         <name>.debug_info</name>
         <load_address>0x117ac</load_address>
         <run_address>0x117ac</run_address>
         <size>0x283</size>
         <input_file_ref idref="fl-14b"/>
      </object_component>
      <object_component id="oc-1a7">
         <name>.debug_info</name>
         <load_address>0x11a2f</load_address>
         <run_address>0x11a2f</run_address>
         <size>0x33a</size>
         <input_file_ref idref="fl-14b"/>
      </object_component>
      <object_component id="oc-2b1">
         <name>.debug_info</name>
         <load_address>0x11d69</load_address>
         <run_address>0x11d69</run_address>
         <size>0xfe</size>
         <input_file_ref idref="fl-14c"/>
      </object_component>
      <object_component id="oc-22f">
         <name>.debug_info</name>
         <load_address>0x11e67</load_address>
         <run_address>0x11e67</run_address>
         <size>0x16e</size>
         <input_file_ref idref="fl-14c"/>
      </object_component>
      <object_component id="oc-222">
         <name>.debug_info</name>
         <load_address>0x11fd5</load_address>
         <run_address>0x11fd5</run_address>
         <size>0x109</size>
         <input_file_ref idref="fl-14d"/>
      </object_component>
      <object_component id="oc-2bf">
         <name>.debug_info</name>
         <load_address>0x120de</load_address>
         <run_address>0x120de</run_address>
         <size>0x142</size>
         <input_file_ref idref="fl-14e"/>
      </object_component>
      <object_component id="oc-235">
         <name>.debug_info</name>
         <load_address>0x12220</load_address>
         <run_address>0x12220</run_address>
         <size>0x165</size>
         <input_file_ref idref="fl-14e"/>
      </object_component>
      <object_component id="oc-298">
         <name>.debug_info</name>
         <load_address>0x12385</load_address>
         <run_address>0x12385</run_address>
         <size>0x481</size>
         <input_file_ref idref="fl-14f"/>
      </object_component>
      <object_component id="oc-295">
         <name>.debug_info</name>
         <load_address>0x12806</load_address>
         <run_address>0x12806</run_address>
         <size>0xf7</size>
         <input_file_ref idref="fl-14f"/>
      </object_component>
      <object_component id="oc-1ee">
         <name>.debug_info</name>
         <load_address>0x128fd</load_address>
         <run_address>0x128fd</run_address>
         <size>0xaec</size>
         <input_file_ref idref="fl-14f"/>
      </object_component>
      <object_component id="oc-2ff">
         <name>.debug_info</name>
         <load_address>0x133e9</load_address>
         <run_address>0x133e9</run_address>
         <size>0x120</size>
         <input_file_ref idref="fl-14f"/>
      </object_component>
      <object_component id="oc-2a7">
         <name>.debug_info</name>
         <load_address>0x13509</load_address>
         <run_address>0x13509</run_address>
         <size>0x12d</size>
         <input_file_ref idref="fl-150"/>
      </object_component>
      <object_component id="oc-21c">
         <name>.debug_info</name>
         <load_address>0x13636</load_address>
         <run_address>0x13636</run_address>
         <size>0x1a3</size>
         <input_file_ref idref="fl-150"/>
      </object_component>
      <object_component id="oc-2c5">
         <name>.debug_info</name>
         <load_address>0x137d9</load_address>
         <run_address>0x137d9</run_address>
         <size>0xd2</size>
         <input_file_ref idref="fl-151"/>
      </object_component>
      <object_component id="oc-244">
         <name>.debug_info</name>
         <load_address>0x138ab</load_address>
         <run_address>0x138ab</run_address>
         <size>0x18c</size>
         <input_file_ref idref="fl-151"/>
      </object_component>
      <object_component id="oc-29d">
         <name>.debug_info</name>
         <load_address>0x13a37</load_address>
         <run_address>0x13a37</run_address>
         <size>0xe1</size>
         <input_file_ref idref="fl-152"/>
      </object_component>
      <object_component id="oc-1f8">
         <name>.debug_info</name>
         <load_address>0x13b18</load_address>
         <run_address>0x13b18</run_address>
         <size>0x20f</size>
         <input_file_ref idref="fl-152"/>
      </object_component>
      <object_component id="oc-2c1">
         <name>.debug_info</name>
         <load_address>0x13d27</load_address>
         <run_address>0x13d27</run_address>
         <size>0xd6</size>
         <input_file_ref idref="fl-153"/>
      </object_component>
      <object_component id="oc-23b">
         <name>.debug_info</name>
         <load_address>0x13dfd</load_address>
         <run_address>0x13dfd</run_address>
         <size>0x211</size>
         <input_file_ref idref="fl-153"/>
      </object_component>
      <object_component id="oc-2f8">
         <name>.debug_info</name>
         <load_address>0x1400e</load_address>
         <run_address>0x1400e</run_address>
         <size>0xc6</size>
         <input_file_ref idref="fl-154"/>
      </object_component>
      <object_component id="oc-289">
         <name>.debug_info</name>
         <load_address>0x140d4</load_address>
         <run_address>0x140d4</run_address>
         <size>0x225</size>
         <input_file_ref idref="fl-154"/>
      </object_component>
      <object_component id="oc-272">
         <name>.debug_info</name>
         <load_address>0x142f9</load_address>
         <run_address>0x142f9</run_address>
         <size>0xd1</size>
         <input_file_ref idref="fl-155"/>
      </object_component>
      <object_component id="oc-1c9">
         <name>.debug_info</name>
         <load_address>0x143ca</load_address>
         <run_address>0x143ca</run_address>
         <size>0x1fe</size>
         <input_file_ref idref="fl-155"/>
      </object_component>
      <object_component id="oc-270">
         <name>.debug_info</name>
         <load_address>0x145c8</load_address>
         <run_address>0x145c8</run_address>
         <size>0xcb</size>
         <input_file_ref idref="fl-156"/>
      </object_component>
      <object_component id="oc-1c4">
         <name>.debug_info</name>
         <load_address>0x14693</load_address>
         <run_address>0x14693</run_address>
         <size>0x1f7</size>
         <input_file_ref idref="fl-156"/>
      </object_component>
      <object_component id="oc-2fa">
         <name>.debug_info</name>
         <load_address>0x1488a</load_address>
         <run_address>0x1488a</run_address>
         <size>0xd7</size>
         <input_file_ref idref="fl-157"/>
      </object_component>
      <object_component id="oc-28f">
         <name>.debug_info</name>
         <load_address>0x14961</load_address>
         <run_address>0x14961</run_address>
         <size>0x226</size>
         <input_file_ref idref="fl-157"/>
      </object_component>
      <object_component id="oc-1fe">
         <name>.debug_info</name>
         <load_address>0x14b87</load_address>
         <run_address>0x14b87</run_address>
         <size>0x162</size>
         <input_file_ref idref="fl-158"/>
      </object_component>
      <object_component id="oc-2c3">
         <name>.debug_info</name>
         <load_address>0x14ce9</load_address>
         <run_address>0x14ce9</run_address>
         <size>0xf3</size>
         <input_file_ref idref="fl-159"/>
      </object_component>
      <object_component id="oc-23f">
         <name>.debug_info</name>
         <load_address>0x14ddc</load_address>
         <run_address>0x14ddc</run_address>
         <size>0x13a</size>
         <input_file_ref idref="fl-159"/>
      </object_component>
      <object_component id="oc-316">
         <name>.debug_info</name>
         <load_address>0x14f16</load_address>
         <run_address>0x14f16</run_address>
         <size>0x111</size>
         <input_file_ref idref="fl-15a"/>
      </object_component>
      <object_component id="oc-2b5">
         <name>.debug_info</name>
         <load_address>0x15027</load_address>
         <run_address>0x15027</run_address>
         <size>0x192</size>
         <input_file_ref idref="fl-15a"/>
      </object_component>
      <object_component id="oc-349">
         <name>.debug_info</name>
         <load_address>0x151b9</load_address>
[...]
      </symbol>
      <symbol id="sm-565">
         <name>__TI_cleanup_ptr</name>
         <value>0x200046d4</value>
         <object_component_ref idref="oc-af"/>
      </symbol>
      <symbol id="sm-580">
         <name>memcpy</name>
         <value>0xa27f</value>
         <object_component_ref idref="oc-36"/>
      </symbol>
      <symbol id="sm-581">
         <name>__aeabi_memcpy</name>
         <value>0xa27f</value>
         <object_component_ref idref="oc-36"/>
      </symbol>
      <symbol id="sm-582">
         <name>__aeabi_memcpy8</name>
         <value>0xa27f</value>
         <object_component_ref idref="oc-36"/>
      </symbol>
      <symbol id="sm-583">
         <name>__aeabi_memcpy4</name>
         <value>0xa27f</value>
         <object_component_ref idref="oc-36"/>
      </symbol>
      <symbol id="sm-592">
         <name>__aeabi_memset</name>
         <value>0xa55b</value>
         <object_component_ref idref="oc-4f"/>
      </symbol>
      <symbol id="sm-593">
         <name>memset</name>
         <value>0xa561</value>
         <object_component_ref idref="oc-4f"/>
      </symbol>
      <symbol id="sm-594">
         <name>__aeabi_memset8</name>
         <value>0xa55b</value>
         <object_component_ref idref="oc-4f"/>
      </symbol>
      <symbol id="sm-595">
         <name>__aeabi_memset4</name>
         <value>0xa55b</value>
         <object_component_ref idref="oc-4f"/>
      </symbol>
      <symbol id="sm-596">
         <name>__aeabi_memclr8</name>
         <value>0xa559</value>
         <object_component_ref idref="oc-4f"/>
      </symbol>
      <symbol id="sm-597">
         <name>__aeabi_memclr4</name>
         <value>0xa559</value>
         <object_component_ref idref="oc-4f"/>
      </symbol>
      <symbol id="sm-598">
         <name>__aeabi_memclr</name>
         <value>0xa559</value>
         <object_component_ref idref="oc-4f"/>
      </symbol>
      <symbol id="sm-5a2">
         <name>_system_pre_init</name>
         <value>0x58cd</value>
         <object_component_ref idref="oc-5b"/>
      </symbol>
      <symbol id="sm-5c0">
         <name>printf</name>
         <value>0xa5dd</value>
         <object_component_ref idref="oc-159"/>
      </symbol>
      <symbol id="sm-5da">
         <name>rand</name>
         <value>0xa9f7</value>
         <object_component_ref idref="oc-fb"/>
      </symbol>
      <symbol id="sm-5db">
         <name>srand</name>
         <value>0xa9e1</value>
         <object_component_ref idref="oc-fb"/>
      </symbol>
      <symbol id="sm-5e3">
         <name>main_func_sp</name>
         <value>0x200046f0</value>
         <object_component_ref idref="oc-73"/>
      </symbol>
      <symbol id="sm-5f3">
         <name>strcat</name>
         <value>0xac63</value>
         <object_component_ref idref="oc-ef"/>
      </symbol>
      <symbol id="sm-606">
         <name>time</name>
         <value>0xad4f</value>
         <object_component_ref idref="oc-f5"/>
      </symbol>
      <symbol id="sm-631">
         <name>HOSTgetenv</name>
         <value>0x9387</value>
         <object_component_ref idref="oc-164"/>
      </symbol>
      <symbol id="sm-632">
         <name>HOSTrename</name>
         <value>0x922f</value>
         <object_component_ref idref="oc-164"/>
      </symbol>
      <symbol id="sm-633">
         <name>HOSTclose</name>
         <value>0x93c5</value>
         <object_component_ref idref="oc-164"/>
      </symbol>
      <symbol id="sm-634">
         <name>HOSTunlink</name>
         <value>0x91bd</value>
         <object_component_ref idref="oc-164"/>
      </symbol>
      <symbol id="sm-635">
         <name>HOSTlseek</name>
         <value>0x932b</value>
         <object_component_ref idref="oc-164"/>
      </symbol>
      <symbol id="sm-636">
         <name>HOSTopen</name>
         <value>0x92d9</value>
         <object_component_ref idref="oc-164"/>
      </symbol>
      <symbol id="sm-637">
         <name>HOSTclock</name>
         <value>0x93fd</value>
         <object_component_ref idref="oc-164"/>
      </symbol>
      <symbol id="sm-638">
         <name>HOSTwrite</name>
         <value>0x9171</value>
         <object_component_ref idref="oc-164"/>
      </symbol>
      <symbol id="sm-639">
         <name>HOSTread</name>
         <value>0x928d</value>
         <object_component_ref idref="oc-164"/>
      </symbol>
      <symbol id="sm-63a">
         <name>HOSTtime</name>
         <value>0x91f5</value>
         <object_component_ref idref="oc-164"/>
      </symbol>
      <symbol id="sm-655">
         <name>__TI_readmsg</name>
         <value>0xa74f</value>
         <object_component_ref idref="oc-1bb"/>
      </symbol>
      <symbol id="sm-656">
         <name>C$$IO$$</name>
         <value>0xa74b</value>
         <object_component_ref idref="oc-1bb"/>
      </symbol>
      <symbol id="sm-657">
         <name>__CIOBUF_</name>
         <value>0x200030f4</value>
         <object_component_ref idref="oc-26a"/>
      </symbol>
      <symbol id="sm-658">
         <name>__TI_writemsg</name>
         <value>0xa71d</value>
         <object_component_ref idref="oc-1bb"/>
      </symbol>
      <symbol id="sm-671">
         <name>_nop</name>
         <value>0xad13</value>
         <object_component_ref idref="oc-10a"/>
      </symbol>
      <symbol id="sm-672">
         <name>_lock</name>
         <value>0x200046cc</value>
         <object_component_ref idref="oc-ac"/>
      </symbol>
      <symbol id="sm-673">
         <name>_unlock</name>
         <value>0x200046d0</value>
         <object_component_ref idref="oc-ac"/>
      </symbol>
      <symbol id="sm-674">
         <name>_register_lock</name>
         <value>0xad0b</value>
         <object_component_ref idref="oc-10a"/>
      </symbol>
      <symbol id="sm-675">
         <name>_register_unlock</name>
         <value>0xad05</value>
         <object_component_ref idref="oc-10a"/>
      </symbol>
      <symbol id="sm-77a">
         <name>__TI_printfi</name>
         <value>0x82cd</value>
         <object_component_ref idref="oc-1a9"/>
      </symbol>
      <symbol id="sm-78f">
         <name>_args_main</name>
         <value>0xacbd</value>
         <object_component_ref idref="oc-67"/>
      </symbol>
      <symbol id="sm-7a5">
         <name>atoi</name>
         <value>0xa949</value>
         <object_component_ref idref="oc-249"/>
      </symbol>
      <symbol id="sm-7cb">
         <name>__TI_auto_init</name>
         <value>0xa645</value>
         <object_component_ref idref="oc-61"/>
      </symbol>
      <symbol id="sm-7e5">
         <name>copy_in</name>
         <value>0xa995</value>
         <object_component_ref idref="oc-9c"/>
      </symbol>
      <symbol id="sm-7f0">
         <name>_ctypes_</name>
         <value>0xad68</value>
         <object_component_ref idref="oc-2c6"/>
      </symbol>
      <symbol id="sm-809">
         <name>__aeabi_stdout</name>
         <value>0x200046ac</value>
         <object_component_ref idref="oc-283"/>
      </symbol>
      <symbol id="sm-80a">
         <name>__TI_tmpnams</name>
         <value>0x20003214</value>
         <object_component_ref idref="oc-360"/>
      </symbol>
      <symbol id="sm-80b">
         <name>__aeabi_stderr</name>
         <value>0x200046b0</value>
         <object_component_ref idref="oc-283"/>
      </symbol>
      <symbol id="sm-80c">
         <name>__aeabi_stdin</name>
         <value>0x200046a8</value>
         <object_component_ref idref="oc-283"/>
      </symbol>
      <symbol id="sm-80d">
         <name>_ftable</name>
         <value>0x20004360</value>
         <object_component_ref idref="oc-1af"/>
      </symbol>
      <symbol id="sm-80e">
         <name>__TI_ft_end</name>
         <value>0x200046a4</value>
         <object_component_ref idref="oc-283"/>
      </symbol>
      <symbol id="sm-832">
         <name>__aeabi_dsub</name>
         <value>0x97fd</value>
         <object_component_ref idref="oc-226"/>
      </symbol>
      <symbol id="sm-833">
         <name>__aeabi_dadd</name>
         <value>0x9807</value>
         <object_component_ref idref="oc-226"/>
      </symbol>
      <symbol id="sm-85a">
         <name>__aeabi_cdcmpeq</name>
         <value>0xa44d</value>
         <object_component_ref idref="oc-202"/>
      </symbol>
      <symbol id="sm-85b">
         <name>__aeabi_cdcmple</name>
         <value>0xa44d</value>
         <object_component_ref idref="oc-202"/>
      </symbol>
      <symbol id="sm-85c">
         <name>__aeabi_cdrcmple</name>
         <value>0xa4d3</value>
         <object_component_ref idref="oc-211"/>
      </symbol>
      <symbol id="sm-87c">
         <name>__aeabi_ddiv</name>
         <value>0x9af9</value>
         <object_component_ref idref="oc-20c"/>
      </symbol>
      <symbol id="sm-893">
         <name>__aeabi_dmul</name>
         <value>0x9e75</value>
         <object_component_ref idref="oc-207"/>
      </symbol>
      <symbol id="sm-8a1">
         <name>__aeabi_d2iz</name>
         <value>0xaa2d</value>
         <object_component_ref idref="oc-216"/>
      </symbol>
      <symbol id="sm-8b8">
         <name>putc</name>
         <value>0xa3b5</value>
         <object_component_ref idref="oc-19d"/>
      </symbol>
      <symbol id="sm-8b9">
         <name>fputc</name>
         <value>0xa3b5</value>
         <object_component_ref idref="oc-19d"/>
      </symbol>
      <symbol id="sm-8ba">
         <name>putchar</name>
         <value>0xa439</value>
         <object_component_ref idref="oc-19d"/>
      </symbol>
      <symbol id="sm-8dc">
         <name>puts</name>
         <value>0x9d3d</value>
         <object_component_ref idref="oc-1a3"/>
      </symbol>
      <symbol id="sm-8dd">
         <name>fputs</name>
         <value>0x9c31</value>
         <object_component_ref idref="oc-1a3"/>
      </symbol>
      <symbol id="sm-8ea">
         <name>frexp</name>
         <value>0xac19</value>
         <object_component_ref idref="oc-22b"/>
      </symbol>
      <symbol id="sm-8f6">
         <name>__aeabi_i2d</name>
         <value>0xabbd</value>
         <object_component_ref idref="oc-221"/>
      </symbol>
      <symbol id="sm-907">
         <name>ldexp</name>
         <value>0xa8a7</value>
         <object_component_ref idref="oc-231"/>
      </symbol>
      <symbol id="sm-954">
         <name>open</name>
         <value>0x8fa3</value>
         <object_component_ref idref="oc-1ed"/>
      </symbol>
      <symbol id="sm-955">
         <name>add_device</name>
         <value>0x90c5</value>
         <object_component_ref idref="oc-1ed"/>
      </symbol>
      <symbol id="sm-956">
         <name>remove_device</name>
         <value>0x8f57</value>
         <object_component_ref idref="oc-1ed"/>
      </symbol>
      <symbol id="sm-957">
         <name>lseek</name>
         <value>0x9051</value>
         <object_component_ref idref="oc-1ed"/>
      </symbol>
      <symbol id="sm-958">
         <name>read</name>
         <value>0x8f7f</value>
         <object_component_ref idref="oc-1ed"/>
      </symbol>
      <symbol id="sm-959">
         <name>rename</name>
         <value>0x8f19</value>
         <object_component_ref idref="oc-1ed"/>
      </symbol>
      <symbol id="sm-95a">
         <name>write</name>
         <value>0x8e65</value>
         <object_component_ref idref="oc-1ed"/>
      </symbol>
      <symbol id="sm-95b">
         <name>close</name>
         <value>0x9075</value>
         <object_component_ref idref="oc-1ed"/>
      </symbol>
      <symbol id="sm-95c">
         <name>unlink</name>
         <value>0x8ef5</value>
         <object_component_ref idref="oc-1ed"/>
      </symbol>
      <symbol id="sm-96b">
         <name>ltoa</name>
         <value>0xa851</value>
         <object_component_ref idref="oc-21b"/>
      </symbol>
      <symbol id="sm-97b">
         <name>memccpy</name>
         <value>0xac81</value>
         <object_component_ref idref="oc-243"/>
      </symbol>
      <symbol id="sm-98b">
         <name>memchr</name>
         <value>0xac43</value>
         <object_component_ref idref="oc-1f5"/>
      </symbol>
      <symbol id="sm-99b">
         <name>strchr</name>
         <value>0xaced</value>
         <object_component_ref idref="oc-237"/>
      </symbol>
      <symbol id="sm-9aa">
         <name>strcmp</name>
         <value>0xacd5</value>
         <object_component_ref idref="oc-288"/>
      </symbol>
      <symbol id="sm-9b8">
         <name>strcpy</name>
         <value>0xad19</value>
         <object_component_ref idref="oc-1c7"/>
      </symbol>
      <symbol id="sm-9c6">
         <name>strlen</name>
         <value>0xad2d</value>
         <object_component_ref idref="oc-1c1"/>
      </symbol>
      <symbol id="sm-9d6">
         <name>strncpy</name>
         <value>0xab2d</value>
         <object_component_ref idref="oc-28e"/>
      </symbol>
      <symbol id="sm-a00">
         <name>__aeabi_uldivmod</name>
         <value>0x9445</value>
         <object_component_ref idref="oc-1fd"/>
      </symbol>
      <symbol id="sm-a0e">
         <name>_Dclass</name>
         <value>0xab5d</value>
         <object_component_ref idref="oc-23d"/>
      </symbol>
      <symbol id="sm-a2f">
         <name>_Dscale</name>
         <value>0x9d65</value>
         <object_component_ref idref="oc-2b2"/>
      </symbol>
      <symbol id="sm-a43">
         <name>_Dunscale</name>
         <value>0xa785</value>
         <object_component_ref idref="oc-2aa"/>
      </symbol>
      <symbol id="sm-a52">
         <name>_Feraise</name>
         <value>0xab8d</value>
         <object_component_ref idref="oc-2b8"/>
      </symbol>
      <symbol id="sm-a62">
         <name>_Rteps</name>
         <value>0x20004630</value>
         <object_component_ref idref="oc-312"/>
      </symbol>
      <symbol id="sm-a63">
         <name>_Zero</name>
         <value>0x20004648</value>
         <object_component_ref idref="oc-312"/>
      </symbol>
      <symbol id="sm-a64">
         <name>_Hugeval</name>
         <value>0x200045f0</value>
         <object_component_ref idref="oc-312"/>
      </symbol>
      <symbol id="sm-a65">
         <name>_Snan</name>
         <value>0x20004620</value>
         <object_component_ref idref="oc-312"/>
      </symbol>
      <symbol id="sm-a66">
         <name>_Nan</name>
         <value>0x20004610</value>
         <object_component_ref idref="oc-312"/>
      </symbol>
      <symbol id="sm-a67">
         <name>_Inf</name>
         <value>0x20004600</value>
         <object_component_ref idref="oc-312"/>
      </symbol>
      <symbol id="sm-a68">
         <name>_Xbig</name>
         <value>0x20004640</value>
         <object_component_ref idref="oc-312"/>
      </symbol>
      <symbol id="sm-a69">
         <name>_Eps</name>
         <value>0x200045e0</value>
         <object_component_ref idref="oc-312"/>
      </symbol>
      <symbol id="sm-a6a">
         <name>_Denorm</name>
         <value>0x200045d0</value>
         <object_component_ref idref="oc-312"/>
      </symbol>
      <symbol id="sm-a88">
         <name>__TI_wrt_ok</name>
         <value>0xa1d3</value>
         <object_component_ref idref="oc-1e1"/>
      </symbol>
      <symbol id="sm-a89">
         <name>__TI_rd_ok</name>
         <value>0xa235</value>
         <object_component_ref idref="oc-1e1"/>
      </symbol>
      <symbol id="sm-a91">
         <name>_Errno</name>
         <value>0x200046e4</value>
         <object_component_ref idref="oc-31d"/>
      </symbol>
      <symbol id="sm-aaf">
         <name>feraiseexcept</name>
         <value>0xaaf9</value>
         <object_component_ref idref="oc-317"/>
      </symbol>
      <symbol id="sm-ab0">
         <name>_Tls_setup__Fenv</name>
         <value>0x200046e0</value>
         <object_component_ref idref="oc-356"/>
      </symbol>
      <symbol id="sm-ab1">
         <name>_Fenv</name>
         <value>0x200046dc</value>
         <object_component_ref idref="oc-356"/>
      </symbol>
      <symbol id="sm-acb">
         <name>__TI_doflush</name>
         <value>0xa04d</value>
         <object_component_ref idref="oc-1e7"/>
      </symbol>
      <symbol id="sm-acc">
         <name>fflush</name>
         <value>0xa099</value>
         <object_component_ref idref="oc-1e7"/>
      </symbol>
      <symbol id="sm-ade">
         <name>fseek</name>
         <value>0xa7ed</value>
         <object_component_ref idref="oc-275"/>
      </symbol>
      <symbol id="sm-af2">
         <name>raise</name>
         <value>0xabeb</value>
         <object_component_ref idref="oc-350"/>
      </symbol>
      <symbol id="sm-b0e">
         <name>setvbuf</name>
         <value>0x9f71</value>
         <object_component_ref idref="oc-27b"/>
      </symbol>
      <symbol id="sm-b28">
         <name>signal</name>
         <value>0xaab9</value>
         <object_component_ref idref="oc-369"/>
      </symbol>
      <symbol id="sm-b3d">
         <name>_Dnorm</name>
         <value>0xa115</value>
         <object_component_ref idref="oc-308"/>
      </symbol>
      <symbol id="sm-b74">
         <name>__TI_cleanup</name>
         <value>0x9701</value>
         <object_component_ref idref="oc-2e4"/>
      </symbol>
      <symbol id="sm-b75">
         <name>freopen</name>
         <value>0x972d</value>
         <object_component_ref idref="oc-2e4"/>
      </symbol>
      <symbol id="sm-b76">
         <name>fopen</name>
         <value>0x9757</value>
         <object_component_ref idref="oc-2e4"/>
      </symbol>
      <symbol id="sm-be8">
         <name>_sys_memory</name>
         <value>0x20003b60</value>
         <object_component_ref idref="oc-2a"/>
      </symbol>
      <symbol id="sm-be9">
         <name>free</name>
         <value>0x8b7f</value>
         <object_component_ref idref="oc-2de"/>
      </symbol>
      <symbol id="sm-bea">
         <name>realloc</name>
         <value>0x8c41</value>
         <object_component_ref idref="oc-2de"/>
      </symbol>
      <symbol id="sm-beb">
         <name>memalign</name>
         <value>0x8d4d</value>
         <object_component_ref idref="oc-2de"/>
      </symbol>
      <symbol id="sm-bec">
         <name>calloc</name>
         <value>0x8e31</value>
         <object_component_ref idref="oc-2de"/>
      </symbol>
      <symbol id="sm-bed">
         <name>malloc</name>
         <value>0x8b17</value>
         <object_component_ref idref="oc-2de"/>
      </symbol>
      <symbol id="sm-bee">
         <name>minit</name>
         <value>0x8a89</value>
         <object_component_ref idref="oc-2de"/>
      </symbol>
      <symbol id="sm-c04">
         <name>__TI_closefile</name>
         <value>0xa31d</value>
         <object_component_ref idref="oc-334"/>
      </symbol>
      <symbol id="sm-c05">
         <name>fclose</name>
         <value>0xa383</value>
         <object_component_ref idref="oc-334"/>
      </symbol>
      <symbol id="sm-c07">
         <name>__TI_static_base__</name>
         <value>0x0</value>
      </symbol>
      <symbol id="sm-c0a">
         <name>SHT$$INIT_ARRAY$$Limit</name>
         <value>0x0</value>
      </symbol>
      <symbol id="sm-c0b">
         <name>SHT$$INIT_ARRAY$$Base</name>
         <value>0x0</value>
      </symbol>
      <symbol id="sm-c0c">
         <name>remove</name>
         <value>0x8ef5</value>
      </symbol>
   </symbol_table>
   <title>Link successful</title>
</link_info>
