******************************************************************************
                  TI ARM Linker PC v5.2.6                      
******************************************************************************
>> Linked Tue Oct 31 14:14:16 2017

OUTPUT FILE NAME:   <lightwand_texas_edition.out>
ENTRY POINT SYMBOL: "_c_int00"  address: 000097f1


MEMORY CONFIGURATION

         name            origin    length      used     unused   attr    fill
----------------------  --------  ---------  --------  --------  ----  --------
  FLASH                 00000000   00040000  00009ea7  00036159  R  X
  SRAM                  20000000   00008000  000046f3  0000390d  RW X


SEGMENT ALLOCATION MAP

run origin  load origin   length   init length attrs members
----------  ----------- ---------- ----------- ----- -------
00000000    00000000    00009eb0   00009eb0    r-x
  00000000    00000000    0000026c   0000026c    r-- .intvecs
  00000270    00000270    000099f6   000099f6    r-x .text
  00009c66    00009c66    0000014d   0000014d    r-- .const
  00009db8    00009db8    000000f8   000000f8    r-- .cinit
20000000    20000000    000046f4   00000000    rw-
  20000000    20000000    0000335f   00000000    rw- .bss
  20003360    20003360    00000800   00000000    rw- .stack
  20003b60    20003b60    00000800   00000000    rw- .sysmem
  20004360    20004360    00000394   00000000    rw- .data


SECTION ALLOCATION MAP

 output                                  attributes/
section   page    origin      length       input sections
--------  ----  ----------  ----------   ----------------
.intvecs   0    00000000    0000026c     
                  00000000    0000026c     tm4c123gh6pm_startup_ccs.obj (.intvecs)

.text      0    00000270    000099f6     
                  00000270    00002b0c     Nokia5110.obj (.text)
                  00002d7c    00000004     rtsv7M4_T_le_v4SPD16_eabi.lib : pre_init.obj (.text)
                  00002d80    00002034     sdcard.obj (.text)
                  00004db4    00000004     --HOLE-- [fill = 0]
                  00004db8    0000171c     main.obj (.text)
                  000064d4    000010ba     rtsv7M4_T_le_v4SPD16_eabi.lib : _printfi.obj (.text)
                  0000758e    00000002     --HOLE-- [fill = 0]
                  00007590    0000043c     1wire.obj (.text)
                  000079cc    000003dc     rtsv7M4_T_le_v4SPD16_eabi.lib : memory.obj (.text)
                  00007da8    0000030c                                   : lowlev.obj (.text)
                  000080b4    000002d4                                   : trgdrv.obj (.text)
                  00008388    000001f4                                   : ull_div_t2.obj (.text)
                  0000857c    000001c4                                   : fopen.obj (.text)
                  00008740    000001b6                                   : fd_add_t2.obj (.text)
                  000088f6    00000136                                   : fd_div_t2.obj (.text)
                  00008a2c    00000134                                   : fputs.obj (.text)
                  00008b60    00000110                                   : xdscale.obj (.text)
                  00008c70    000000fc                                   : fd_mul_t2.obj (.text)
                  00008d6c    00000004     --HOLE-- [fill = 0]
                  00008d70    000000f8     uart.obj (.text)
                  00008e68    000000dc     rtsv7M4_T_le_v4SPD16_eabi.lib : setvbuf.obj (.text)
                  00008f44    000000c8                                   : fflush.obj (.text)
                  0000900c    000000be                                   : xdnorm.obj (.text)
                  000090ca    000000ac                                   : _io_perm.obj (.text)
                  00009176    0000009c                                   : memcpy_t2.obj (.text)
                  00009212    00000002     --HOLE-- [fill = 0]
                  00009214    00000098                                   : fclose.obj (.text)
                  000092ac    00000098                                   : fputc.obj (.text)
                  00009344    00000086                                   : fd_cmp_t2.obj (.text:__aeabi_cdcmple)
                  000093ca    00000086                                   : fd_cmp_t2.obj (.text:__aeabi_cdrcmple)
                  00009450    0000007a                                   : memset_t2.obj (.text)
                  000094ca    00000002     --HOLE-- [fill = 0]
                  000094cc    00000070                                   : printf.obj (.text)
                  0000953c    0000006c                                   : autoinit.obj (.text)
                  000095a8    0000006a                                   : copy_decompress_rle.obj (.text)
                  00009612    00000002     --HOLE-- [fill = 0]
                  00009614    00000068                                   : trgmsg.obj (.text)
                  0000967c    00000066                                   : xdunscal.obj (.text)
                  000096e2    00000002     --HOLE-- [fill = 0]
                  000096e4    00000064                                   : fseek.obj (.text)
                  00009748    00000056                                   : ltoa.obj (.text)
                  0000979e    00000052                                   : ldexp.obj (.text)
                  000097f0    00000050                                   : boot.obj (.text)
                  00009840    0000004c                                   : atoi.obj (.text)
                  0000988c    0000004c                                   : cpy_tbl.obj (.text)
                  000098d8    0000004c                                   : rand.obj (.text)
                  00009924    00000048                                   : fd_toi_t2.obj (.text)
                  0000996c    00000044                                   : exit.obj (.text)
                  000099b0    00000040                                   : signal.obj (.text)
                  000099f0    00000034                                   : feraiseexcept.obj (.text)
                  00009a24    00000030                                   : strncpy.obj (.text)
                  00009a54    00000030                                   : xdclass.obj (.text)
                  00009a84    00000030                                   : xferaise.obj (.text)
                  00009ab4    0000002e                                   : i_tofd_t2.obj (.text)
                  00009ae2    0000002e                                   : raise.obj (.text)
                  00009b10    0000002a                                   : frexp.obj (.text)
                  00009b3a    00000020                                   : memchr.obj (.text)
                  00009b5a    0000001e                                   : strcat.obj (.text)
                  00009b78    0000001c                                   : memccpy.obj (.text)
                  00009b94    00000004     --HOLE-- [fill = 0]
                  00009b98    0000001a     tm4c123gh6pm_startup_ccs.obj (.text)
                  00009bb2    00000002     --HOLE-- [fill = 0]
                  00009bb4    00000018     rtsv7M4_T_le_v4SPD16_eabi.lib : args_main.obj (.text)
                  00009bcc    00000018                                   : strcmp.obj (.text)
                  00009be4    00000016                                   : strchr.obj (.text)
                  00009bfa    00000002     --HOLE-- [fill = 0]
                  00009bfc    00000014                                   : _lock.obj (.text)
                  00009c10    00000014                                   : strcpy.obj (.text)
                  00009c24    00000014                                   : strlen.obj (.text)
                  00009c38    0000000e                                   : copy_decompress_none.obj (.text:decompress:none)
                  00009c46    0000000e                                   : time.obj (.text)
                  00009c54    0000000c                                   : copy_zero_init.obj (.text:decompress:ZI)
                  00009c60    00000006                                   : copy_decompress_rle.obj (.text:decompress:rle24)

.const     0    00009c66    0000014d     
                  00009c66    00000101     rtsv7M4_T_le_v4SPD16_eabi.lib : ctype.obj (.const:.string:_ctypes_)
                  00009d67    00000049     main.obj (.const:.string)
                  00009db0    00000003     1wire.obj (.const)

.cinit     0    00009db8    000000f8     
                  00009db8    000000d2     (.cinit..data.load) [load image, compression = rle]
                  00009e8a    00000002     --HOLE-- [fill = 0]
                  00009e8c    0000000c     (__TI_handler_table)
                  00009e98    00000008     (.cinit..bss.load) [load image, compression = zero_init]
                  00009ea0    00000010     (__TI_cinit_table)

.init_array 
*          0    00000000    00000000     UNINITIALIZED

.bss       0    20000000    0000335f     UNINITIALIZED
                  20000000    00002bc0     sdcard.obj (.bss:file_dir)
                  20002bc0    000001b0     sdcard.obj (.bss:pixel_content)
                  20002d70    0000012c     Nokia5110.obj (.bss:main_menu_items)
                  20002e9c    0000012c     Nokia5110.obj (.bss:menu_items2)
                  20002fc8    0000012c     Nokia5110.obj (.bss:menu_items)
                  200030f4    00000120     rtsv7M4_T_le_v4SPD16_eabi.lib : trgmsg.obj (.bss:__CIOBUF_)
                  20003214    000000a0                                   : defs.obj (.bss:__TI_tmpnams)
                  200032b4    00000080     Nokia5110.obj (.bss:string)
                  20003334    00000008     (.common:parmbuf)
                  2000333c    00000004     (.common:BrightLimit)
                  20003340    00000004     (.common:cluster_begin_lba)
                  20003344    00000004     (.common:fat_begin_lba)
                  20003348    00000004     (.common:lba_addr)
                  2000334c    00000004     (.common:lba_begin_address)
                  20003350    00000004     (.common:lightwand_delay)
                  20003354    00000004     (.common:number_of_sectors)
                  20003358    00000004     (.common:root_dir_first_cluster)
                  2000335c    00000001     (.common:Timer1)
                  2000335d    00000001     (.common:Timer2)
                  2000335e    00000001     (.common:lightwand_brightness)

.TI.noinit 
*          0    20000000    00000000     UNINITIALIZED

.stack     0    20003360    00000800     UNINITIALIZED
                  20003360    00000800     --HOLE--

.sysmem    0    20003b60    00000800     UNINITIALIZED
                  20003b60    00000008     rtsv7M4_T_le_v4SPD16_eabi.lib : memory.obj (.sysmem)
                  20003b68    000007f8     --HOLE--

.data      0    20004360    00000394     UNINITIALIZED
                  20004360    000000f0     rtsv7M4_T_le_v4SPD16_eabi.lib : defs.obj (.data:_ftable)
                  20004450    000000d0                                   : lowlev.obj (.data)
                  20004520    000000b0                                   : signal.obj (.data:sigtable)
                  200045d0    00000080                                   : xvalues.obj (.data)
                  20004650    00000040     sdcard.obj (.data)
                  20004690    00000014     main.obj (.data)
                  200046a4    00000010     rtsv7M4_T_le_v4SPD16_eabi.lib : defs.obj (.data)
                  200046b4    0000000c     Nokia5110.obj (.data)
                  200046c0    0000000c     rtsv7M4_T_le_v4SPD16_eabi.lib : memory.obj (.data)
                  200046cc    00000008                                   : _lock.obj (.data)
                  200046d4    00000008                                   : exit.obj (.data)
                  200046dc    00000008                                   : feraiseexcept.obj (.data)
                  200046e4    00000004                                   : errno.obj (.data)
                  200046e8    00000004                                   : fopen.obj (.data)
                  200046ec    00000004                                   : rand.obj (.data)
                  200046f0    00000004                                   : stkdepth_vars.obj (.data)

.TI.persistent 
*          0    20004360    00000000     UNINITIALIZED


LINKER GENERATED COPY TABLES

__TI_cinit_table @ 00009ea0 records: 2, size/record: 8, table size: 16
	.data: load addr=00009db8, load size=000000d2 bytes, run addr=20004360, run size=00000394 bytes, compression=rle
	.bss: load addr=00009e98, load size=00000008 bytes, run addr=20000000, run size=0000335f bytes, compression=zero_init


LINKER GENERATED HANDLER TABLE

__TI_handler_table @ 00009e8c records: 3, size/record: 4, table size: 12
	index: 0, handler: __TI_decompress_rle24
	index: 1, handler: __TI_decompress_none
	index: 2, handler: __TI_zero_init


GLOBAL SYMBOLS: SORTED ALPHABETICALLY BY Name 

address   name                      
-------   ----                      
2000333c  BrightLimit               
0000996d  C$$EXIT                   
00009643  C$$IO$$                   
00005451  GPIOPortB_Handler         
00008341  HOSTclock                 
00008309  HOSTclose                 
000082cb  HOSTgetenv                
0000826f  HOSTlseek                 
0000821d  HOSTopen                  
000081d1  HOSTread                  
00008173  HOSTrename                
00008139  HOSTtime                  
00008101  HOSTunlink                
000080b5  HOSTwrite                 
00009b99  ResetISR                  
UNDEFED   SHT$$INIT_ARRAY$$Base     
UNDEFED   SHT$$INIT_ARRAY$$Limit    
000052a9  SysTick_Init              
00005259  SysTick_Wait              
00005281  SysTick_Wait50ms          
2000335c  Timer1                    
2000335d  Timer2                    
00004811  Timer5A_Handler           
00004799  Timer5_Init               
00008d71  UART_InChar               
00008d89  UART_OutChar              
00009a55  _Dclass                   
200045d0  _Denorm                   
0000900d  _Dnorm                    
00008b61  _Dscale                   
0000967d  _Dunscale                 
200045e0  _Eps                      
200046e4  _Errno                    
200046dc  _Fenv                     
00009a85  _Feraise                  
200045f0  _Hugeval                  
20004600  _Inf                      
20004610  _Nan                      
20004630  _Rteps                    
20004620  _Snan                     
200046e0  _Tls_setup__Fenv          
20004640  _Xbig                     
20004648  _Zero                     
200030f4  __CIOBUF_                 
20003b60  __STACK_END               
00000800  __STACK_SIZE              
20003560  __STACK_TOP               
00000800  __SYSMEM_SIZE             
00009ea0  __TI_CINIT_Base           
00009eb0  __TI_CINIT_Limit          
00009e8c  __TI_Handler_Table_Base   
00009e98  __TI_Handler_Table_Limit  
0000953d  __TI_auto_init            
00008645  __TI_cleanup              
200046d4  __TI_cleanup_ptr          
00009215  __TI_closefile            
00009c39  __TI_decompress_none      
00009c61  __TI_decompress_rle24     
00008f45  __TI_doflush              
200046d8  __TI_dtors_ptr            
200046a4  __TI_ft_end               
00007289  __TI_printfi              
0000912d  __TI_rd_ok                
00009647  __TI_readmsg              
00000000  __TI_static_base__        
20003214  __TI_tmpnams              
00009615  __TI_writemsg             
000090cb  __TI_wrt_ok               
00009c55  __TI_zero_init            
00009345  __aeabi_cdcmpeq           
00009345  __aeabi_cdcmple           
000093cb  __aeabi_cdrcmple          
00009925  __aeabi_d2iz              
0000874b  __aeabi_dadd              
000088f7  __aeabi_ddiv              
00008c71  __aeabi_dmul              
00008741  __aeabi_dsub              
00009ab5  __aeabi_i2d               
00009451  __aeabi_memclr            
00009451  __aeabi_memclr4           
00009451  __aeabi_memclr8           
00009177  __aeabi_memcpy            
00009177  __aeabi_memcpy4           
00009177  __aeabi_memcpy8           
00009453  __aeabi_memset            
00009453  __aeabi_memset4           
00009453  __aeabi_memset8           
200046b0  __aeabi_stderr            
200046a8  __aeabi_stdin             
200046ac  __aeabi_stdout            
00008389  __aeabi_uldivmod          
ffffffff  __binit__                 
ffffffff  __c_args__                
20003360  __stack                   
00009bb5  _args_main                
000097f1  _c_int00                  
00009c66  _ctypes_                  
20004360  _ftable                   
200046cc  _lock                     
00009c0b  _nop                      
00009c03  _register_lock            
00009bfd  _register_unlock          
20003b60  _sys_memory               
00002d7d  _system_pre_init          
200046d0  _unlock                   
00009971  abort                     
00008009  add_device                
00002ae9  add_menu_element          
00004f81  ask_for_bluetooth         
00009841  atoi                      
20004691  backlight                 
00002999  backup_main_menu          
ffffffff  binit                     
20004698  bright                    
20004692  buzzer                    
00007d75  calloc                    
000035d1  change_speed              
00000301  char_write                
00004641  clean_name                
00001be9  clear_columns             
00007939  clear_ledarray            
00000271  clear_screen              
00007fb9  close                     
20003340  cluster_begin_lba         
20004658  cluster_dir               
2000466c  column                    
20004678  columns                   
000063f9  convert_value_to_string   
0000988d  copy_in                   
00002929  copy_menu                 
200046b5  cp                        
00003351  cs_high                   
000033b9  cs_low                    
20004680  current                   
20004662  current_count             
200046a0  current_position          
2000469c  delay                     
000028c9  delete_menu               
00001bd9  disable_backlight         
00004829  disk_timerproc            
000032d1  dummy_clock               
00001bc9  enable_backlight          
00009979  exit                      
20003344  fat_begin_lba             
0000927b  fclose                    
20004661  fd_count                  
000099f1  feraiseexcept             
00008f91  fflush                    
20000000  file_dir                  
20004695  file_pos                  
00001c19  fill_screen               
00004931  filter_by_extension       
20004663  finish                    
200046b4  first                     
20004664  first_file                
0000869b  fopen                     
000092ad  fputc                     
00008a2d  fputs                     
00007ac3  free                      
00008671  freopen                   
00009b11  frexp                     
000096e5  fseek                     
00000000  g_pfnVectors              
00007649  get_brightness            
00002571  get_character_length      
00007661  get_delay                 
00003329  get_first_cluster         
00004721  get_name                  
000048e1  get_reserved_sectors      
00003341  get_root_dir_first_cluster
00007591  init_1wire_pin            
00005389  init_buzzer               
00003029  initialise_sd             
00008db1  initialise_uart           
00005129  initialize_I2C            
00005199  initialize_accelerometer  
000050d1  initialize_buttons        
00001b61  initialize_screen         
00004771  is_file_or_dir            
00002ef9  is_ready                  
200046b6  item_num                  
20004684  l                         
20003348  lba_addr                  
2000334c  lba_begin_address         
00000299  lcd_write                 
0000979f  ldexp                     
2000335e  lightwand_brightness      
20003350  lightwand_delay           
000038d9  list_dirs_and_files       
00007f95  lseek                     
00009749  ltoa                      
00004db9  main                      
200046f0  main_func_sp              
20002d70  main_menu_items           
00007a5b  malloc                    
00005bb1  manage_paint_menu         
000054b9  manage_picture_menu       
00005411  map                       
200046bc  max                       
20004694  max_menu_items            
00007c91  memalign                  
00009b79  memccpy                   
00009b3b  memchr                    
00009177  memcpy                    
00009459  memset                    
20004690  menu                      
20002fc8  menu_items                
20002e9c  menu_items2               
200046b8  min                       
000079cd  minit                     
00002811  modify_menu_element       
20004688  num                       
2000468c  num2                      
20004670  number                    
20003354  number_of_sectors         
00007ee7  open                      
00004259  open_file                 
20002bc0  pixel_content             
20004654  previous_cluster          
000094d5  printf                    
000092ad  putc                      
00009331  putchar                   
00008b39  puts                      
00009ae3  raise                     
000098ef  rand                      
00004851  rcvr_datablock            
000048c9  rcvr_spi_m                
00007ec3  read                      
00005211  read_accelerometer_data   
00003681  read_csd                  
00003789  read_disk_data            
000036b9  read_first_sector         
00007b85  realloc                   
00007e39  remove                    
00007e9b  remove_device             
00007e5d  rename                    
2000465c  reserved_sectors          
00002d41  reset_min_max             
00002a09  restore_main_menu         
00002a79  restore_previous_menu     
20003358  root_dir_first_cluster    
20004668  row                       
20004674  rows                      
00001c59  screen_write              
00002e49  sd_read                   
000031d9  sd_startSSI3              
00002d81  sd_write                  
20004660  sectors_per_cluster       
20004650  sectors_per_fat           
000075e9  send_bit                  
00002f31  send_command              
00001ef1  set_Y_position_bottom     
00001f81  set_Y_position_centre     
00007631  set_brightness            
00002d01  set_buttons_up_down       
00005089  set_color_brightness_menu 
00005059  set_color_menu            
00007651  set_delay                 
00004fa9  set_init_menu             
00004fd1  set_main_picture_menu     
00005021  set_paint_menu            
00008e69  setvbuf                   
00002b49  show_menu                 
000099b1  signal                    
000098d9  srand                     
00002011  startSSI0                 
00002119  startSSI1                 
00002259  startSSI2                 
000023a1  startSSI3                 
00009b5b  strcat                    
00009be5  strchr                    
00009bcd  strcmp                    
00009c11  strcpy                    
200032b4  string                    
00009c25  strlen                    
00009a25  strncpy                   
20004693  subdir                    
00007681  test_colors               
00009c47  time                      
00004d09  to_leds                   
2000467c  total                     
00003521  tx_SSI                    
00003421  tx_high                   
00007e39  unlink                    
00007da9  write                     


GLOBAL SYMBOLS: SORTED BY Symbol Address 

address   name                      
-------   ----                      
00000000  __TI_static_base__        
00000000  g_pfnVectors              
00000271  clear_screen              
00000299  lcd_write                 
00000301  char_write                
00000800  __STACK_SIZE              
00000800  __SYSMEM_SIZE             
00001b61  initialize_screen         
00001bc9  enable_backlight          
00001bd9  disable_backlight         
00001be9  clear_columns             
00001c19  fill_screen               
00001c59  screen_write              
00001ef1  set_Y_position_bottom     
00001f81  set_Y_position_centre     
00002011  startSSI0                 
00002119  startSSI1                 
00002259  startSSI2                 
000023a1  startSSI3                 
00002571  get_character_length      
00002811  modify_menu_element       
000028c9  delete_menu               
00002929  copy_menu                 
00002999  backup_main_menu          
00002a09  restore_main_menu         
00002a79  restore_previous_menu     
00002ae9  add_menu_element          
00002b49  show_menu                 
00002d01  set_buttons_up_down       
00002d41  reset_min_max             
00002d7d  _system_pre_init          
00002d81  sd_write                  
00002e49  sd_read                   
00002ef9  is_ready                  
00002f31  send_command              
00003029  initialise_sd             
000031d9  sd_startSSI3              
000032d1  dummy_clock               
00003329  get_first_cluster         
00003341  get_root_dir_first_cluster
00003351  cs_high                   
000033b9  cs_low                    
00003421  tx_high                   
00003521  tx_SSI                    
000035d1  change_speed              
00003681  read_csd                  
000036b9  read_first_sector         
00003789  read_disk_data            
000038d9  list_dirs_and_files       
00004259  open_file                 
00004641  clean_name                
00004721  get_name                  
00004771  is_file_or_dir            
00004799  Timer5_Init               
00004811  Timer5A_Handler           
00004829  disk_timerproc            
00004851  rcvr_datablock            
000048c9  rcvr_spi_m                
000048e1  get_reserved_sectors      
00004931  filter_by_extension       
00004d09  to_leds                   
00004db9  main                      
00004f81  ask_for_bluetooth         
00004fa9  set_init_menu             
00004fd1  set_main_picture_menu     
00005021  set_paint_menu            
00005059  set_color_menu            
00005089  set_color_brightness_menu 
000050d1  initialize_buttons        
00005129  initialize_I2C            
00005199  initialize_accelerometer  
00005211  read_accelerometer_data   
00005259  SysTick_Wait              
00005281  SysTick_Wait50ms          
000052a9  SysTick_Init              
00005389  init_buzzer               
00005411  map                       
00005451  GPIOPortB_Handler         
000054b9  manage_picture_menu       
00005bb1  manage_paint_menu         
000063f9  convert_value_to_string   
00007289  __TI_printfi              
00007591  init_1wire_pin            
000075e9  send_bit                  
00007631  set_brightness            
00007649  get_brightness            
00007651  set_delay                 
00007661  get_delay                 
00007681  test_colors               
00007939  clear_ledarray            
000079cd  minit                     
00007a5b  malloc                    
00007ac3  free                      
00007b85  realloc                   
00007c91  memalign                  
00007d75  calloc                    
00007da9  write                     
00007e39  remove                    
00007e39  unlink                    
00007e5d  rename                    
00007e9b  remove_device             
00007ec3  read                      
00007ee7  open                      
00007f95  lseek                     
00007fb9  close                     
00008009  add_device                
000080b5  HOSTwrite                 
00008101  HOSTunlink                
00008139  HOSTtime                  
00008173  HOSTrename                
000081d1  HOSTread                  
0000821d  HOSTopen                  
0000826f  HOSTlseek                 
000082cb  HOSTgetenv                
00008309  HOSTclose                 
00008341  HOSTclock                 
00008389  __aeabi_uldivmod          
00008645  __TI_cleanup              
00008671  freopen                   
0000869b  fopen                     
00008741  __aeabi_dsub              
0000874b  __aeabi_dadd              
000088f7  __aeabi_ddiv              
00008a2d  fputs                     
00008b39  puts                      
00008b61  _Dscale                   
00008c71  __aeabi_dmul              
00008d71  UART_InChar               
00008d89  UART_OutChar              
00008db1  initialise_uart           
00008e69  setvbuf                   
00008f45  __TI_doflush              
00008f91  fflush                    
0000900d  _Dnorm                    
000090cb  __TI_wrt_ok               
0000912d  __TI_rd_ok                
00009177  __aeabi_memcpy            
00009177  __aeabi_memcpy4           
00009177  __aeabi_memcpy8           
00009177  memcpy                    
00009215  __TI_closefile            
0000927b  fclose                    
000092ad  fputc                     
000092ad  putc                      
00009331  putchar                   
00009345  __aeabi_cdcmpeq           
00009345  __aeabi_cdcmple           
000093cb  __aeabi_cdrcmple          
00009451  __aeabi_memclr            
00009451  __aeabi_memclr4           
00009451  __aeabi_memclr8           
00009453  __aeabi_memset            
00009453  __aeabi_memset4           
00009453  __aeabi_memset8           
00009459  memset                    
000094d5  printf                    
0000953d  __TI_auto_init            
00009615  __TI_writemsg             
00009643  C$$IO$$                   
00009647  __TI_readmsg              
0000967d  _Dunscale                 
000096e5  fseek                     
00009749  ltoa                      
0000979f  ldexp                     
000097f1  _c_int00                  
00009841  atoi                      
0000988d  copy_in                   
000098d9  srand                     
000098ef  rand                      
00009925  __aeabi_d2iz              
0000996d  C$$EXIT                   
00009971  abort                     
00009979  exit                      
000099b1  signal                    
000099f1  feraiseexcept             
00009a25  strncpy                   
00009a55  _Dclass                   
00009a85  _Feraise                  
00009ab5  __aeabi_i2d               
00009ae3  raise                     
00009b11  frexp                     
00009b3b  memchr                    
00009b5b  strcat                    
00009b79  memccpy                   
00009b99  ResetISR                  
00009bb5  _args_main                
00009bcd  strcmp                    
00009be5  strchr                    
00009bfd  _register_unlock          
00009c03  _register_lock            
00009c0b  _nop                      
00009c11  strcpy                    
00009c25  strlen                    
00009c39  __TI_decompress_none      
00009c47  time                      
00009c55  __TI_zero_init            
00009c61  __TI_decompress_rle24     
00009c66  _ctypes_                  
00009e8c  __TI_Handler_Table_Base   
00009e98  __TI_Handler_Table_Limit  
00009ea0  __TI_CINIT_Base           
00009eb0  __TI_CINIT_Limit          
20000000  file_dir                  
20002bc0  pixel_content             
20002d70  main_menu_items           
20002e9c  menu_items2               
20002fc8  menu_items                
200030f4  __CIOBUF_                 
20003214  __TI_tmpnams              
200032b4  string                    
2000333c  BrightLimit               
20003340  cluster_begin_lba         
20003344  fat_begin_lba             
20003348  lba_addr                  
2000334c  lba_begin_address         
20003350  lightwand_delay           
20003354  number_of_sectors         
20003358  root_dir_first_cluster    
2000335c  Timer1                    
2000335d  Timer2                    
2000335e  lightwand_brightness      
20003360  __stack                   
20003560  __STACK_TOP               
20003b60  __STACK_END               
20003b60  _sys_memory               
20004360  _ftable                   
200045d0  _Denorm                   
200045e0  _Eps                      
200045f0  _Hugeval                  
20004600  _Inf                      
20004610  _Nan                      
20004620  _Snan                     
20004630  _Rteps                    
20004640  _Xbig                     
20004648  _Zero                     
20004650  sectors_per_fat           
20004654  previous_cluster          
20004658  cluster_dir               
2000465c  reserved_sectors          
20004660  sectors_per_cluster       
20004661  fd_count                  
20004662  current_count             
20004663  finish                    
20004664  first_file                
20004668  row                       
2000466c  column                    
20004670  number                    
20004674  rows                      
20004678  columns                   
2000467c  total                     
20004680  current                   
20004684  l                         
20004688  num                       
2000468c  num2                      
20004690  menu                      
20004691  backlight                 
20004692  buzzer                    
20004693  subdir                    
20004694  max_menu_items            
20004695  file_pos                  
20004698  bright                    
2000469c  delay                     
200046a0  current_position          
200046a4  __TI_ft_end               
200046a8  __aeabi_stdin             
200046ac  __aeabi_stdout            
200046b0  __aeabi_stderr            
200046b4  first                     
200046b5  cp                        
200046b6  item_num                  
200046b8  min                       
200046bc  max                       
200046cc  _lock                     
200046d0  _unlock                   
200046d4  __TI_cleanup_ptr          
200046d8  __TI_dtors_ptr            
200046dc  _Fenv                     
200046e0  _Tls_setup__Fenv          
200046e4  _Errno                    
200046f0  main_func_sp              
ffffffff  __binit__                 
ffffffff  __c_args__                
ffffffff  binit                     
UNDEFED   SHT$$INIT_ARRAY$$Base     
UNDEFED   SHT$$INIT_ARRAY$$Limit    

[285 symbols]
