******************************************************************************
                  TI ARM Linker PC v5.2.6                      
******************************************************************************
>> Linked Tue Oct 31 14:14:04 2017

OUTPUT FILE NAME:   <lightwand_texas_edition.out>
ENTRY POINT SYMBOL: "_c_int00"  address: 000091fd


MEMORY CONFIGURATION

         name            origin    length      used     unused   attr    fill
----------------------  --------  ---------  --------  --------  ----  --------
  FLASH                 00000000   00040000  000098a7  00036759  R  X
  SRAM                  20000000   00008000  000046f3  0000390d  RW X


SEGMENT ALLOCATION MAP

run origin  load origin   length   init length attrs members
----------  ----------- ---------- ----------- ----- -------
00000000    00000000    000098a8   000098a8    r-x
  00000000    00000000    0000026c   0000026c    r-- .intvecs
  0000026c    0000026c    000093f6   000093f6    r-x .text
  00009662    00009662    0000014d   0000014d    r-- .const
  000097b0    000097b0    000000f8   000000f8    r-- .cinit
20000000    20000000    000046f4   00000000    rw-
  20000000    20000000    0000335f   00000000    rw- .bss
  20003360    20003360    00000800   00000000    rw- .stack
  20003b60    20003b60    00000800   00000000    rw- .sysmem
  20004360    20004360    00000394   00000000    rw- .data


SECTION ALLOCATION MAP

 output                                  attributes/
section   page    origin      length       input sections
--------  ----  ----------  ----------   ----------------
.intvecs   0    00000000    0000026c     
                  00000000    0000026c     tm4c123gh6pm_startup_ccs.obj (.intvecs)

.text      0    0000026c    000093f6     
                  0000026c    00002824     Nokia5110.obj (.text)
                  00002a90    00001e78     sdcard.obj (.text)
                  00004908    00001614     main.obj (.text)
                  00005f1c    000010ba     rtsv7M4_T_le_v4SPD16_eabi.lib : _printfi.obj (.text)
                  00006fd6    00000002     --HOLE-- [fill = 0]
                  00006fd8    00000410     1wire.obj (.text)
                  000073e8    000003dc     rtsv7M4_T_le_v4SPD16_eabi.lib : memory.obj (.text)
                  000077c4    0000030c                                   : lowlev.obj (.text)
                  00007ad0    000002d4                                   : trgdrv.obj (.text)
                  00007da4    000001f4                                   : ull_div_t2.obj (.text)
                  00007f98    000001c4                                   : fopen.obj (.text)
                  0000815c    000001b6                                   : fd_add_t2.obj (.text)
                  00008312    00000136                                   : fd_div_t2.obj (.text)
                  00008448    00000134                                   : fputs.obj (.text)
                  0000857c    00000110                                   : xdscale.obj (.text)
                  0000868c    000000fc                                   : fd_mul_t2.obj (.text)
                  00008788    000000ec     uart.obj (.text)
                  00008874    000000dc     rtsv7M4_T_le_v4SPD16_eabi.lib : setvbuf.obj (.text)
                  00008950    000000c8                                   : fflush.obj (.text)
                  00008a18    000000be                                   : xdnorm.obj (.text)
                  00008ad6    000000ac                                   : _io_perm.obj (.text)
                  00008b82    0000009c                                   : memcpy_t2.obj (.text)
                  00008c1e    00000002     --HOLE-- [fill = 0]
                  00008c20    00000098                                   : fclose.obj (.text)
                  00008cb8    00000098                                   : fputc.obj (.text)
                  00008d50    00000086                                   : fd_cmp_t2.obj (.text:__aeabi_cdcmple)
                  00008dd6    00000086                                   : fd_cmp_t2.obj (.text:__aeabi_cdrcmple)
                  00008e5c    0000007a                                   : memset_t2.obj (.text)
                  00008ed6    00000002     --HOLE-- [fill = 0]
                  00008ed8    00000070                                   : printf.obj (.text)
                  00008f48    0000006c                                   : autoinit.obj (.text)
                  00008fb4    0000006a                                   : copy_decompress_rle.obj (.text)
                  0000901e    00000002     --HOLE-- [fill = 0]
                  00009020    00000068                                   : trgmsg.obj (.text)
                  00009088    00000066                                   : xdunscal.obj (.text)
                  000090ee    00000002     --HOLE-- [fill = 0]
                  000090f0    00000064                                   : fseek.obj (.text)
                  00009154    00000056                                   : ltoa.obj (.text)
                  000091aa    00000052                                   : ldexp.obj (.text)
                  000091fc    00000050                                   : boot.obj (.text)
                  0000924c    0000004c                                   : atoi.obj (.text)
                  00009298    0000004c                                   : cpy_tbl.obj (.text)
                  000092e4    0000004c                                   : rand.obj (.text)
                  00009330    00000048                                   : fd_toi_t2.obj (.text)
                  00009378    00000044                                   : exit.obj (.text)
                  000093bc    00000040                                   : signal.obj (.text)
                  000093fc    00000034                                   : feraiseexcept.obj (.text)
                  00009430    00000030                                   : strncpy.obj (.text)
                  00009460    00000030                                   : xdclass.obj (.text)
                  00009490    00000030                                   : xferaise.obj (.text)
                  000094c0    0000002e                                   : i_tofd_t2.obj (.text)
                  000094ee    0000002e                                   : raise.obj (.text)
                  0000951c    0000002a                                   : frexp.obj (.text)
                  00009546    00000020                                   : memchr.obj (.text)
                  00009566    0000001e                                   : strcat.obj (.text)
                  00009584    0000001c                                   : memccpy.obj (.text)
                  000095a0    00000018                                   : args_main.obj (.text)
                  000095b8    00000018                                   : strcmp.obj (.text)
                  000095d0    00000016                                   : strchr.obj (.text)
                  000095e6    00000002     --HOLE-- [fill = 0]
                  000095e8    00000014                                   : _lock.obj (.text)
                  000095fc    00000014                                   : strcpy.obj (.text)
                  00009610    00000014                                   : strlen.obj (.text)
                  00009624    0000000e                                   : copy_decompress_none.obj (.text:decompress:none)
                  00009632    0000000e                                   : time.obj (.text)
                  00009640    0000000c                                   : copy_zero_init.obj (.text:decompress:ZI)
                  0000964c    0000000c     tm4c123gh6pm_startup_ccs.obj (.text)
                  00009658    00000006     rtsv7M4_T_le_v4SPD16_eabi.lib : copy_decompress_rle.obj (.text:decompress:rle24)
                  0000965e    00000004                                   : pre_init.obj (.text)

.const     0    00009662    0000014d     
                  00009662    00000101     rtsv7M4_T_le_v4SPD16_eabi.lib : ctype.obj (.const:.string:_ctypes_)
                  00009763    00000049     main.obj (.const:.string)
                  000097ac    00000003     1wire.obj (.const)

.cinit     0    000097b0    000000f8     
                  000097b0    000000d2     (.cinit..data.load) [load image, compression = rle]
                  00009882    00000002     --HOLE-- [fill = 0]
                  00009884    0000000c     (__TI_handler_table)
                  00009890    00000008     (.cinit..bss.load) [load image, compression = zero_init]
                  00009898    00000010     (__TI_cinit_table)

.init_array 
*          0    00000000    00000000     UNINITIALIZED

.bss       0    20000000    0000335f     UNINITIALIZED
                  20000000    00002bc0     sdcard.obj (.bss:file_dir)
                  20002bc0    000001b0     sdcard.obj (.bss:pixel_content)
                  20002d70    0000012c     Nokia5110.obj (.bss:main_menu_items)
                  20002e9c    0000012c     Nokia5110.obj (.bss:menu_items2)
                  20002fc8    0000012c     Nokia5110.obj (.bss:menu_items)
                  200030f4    00000120     rtsv7M4_T_le_v4SPD16_eabi.lib : trgmsg.obj (.bss:__CIOBUF_)
                  20003214    000000a0                                   : defs.obj (.bss:__TI_tmpnams)
                  200032b4    00000080     Nokia5110.obj (.bss:string)
                  20003334    00000008     (.common:parmbuf)
                  2000333c    00000004     (.common:BrightLimit)
                  20003340    00000004     (.common:cluster_begin_lba)
                  20003344    00000004     (.common:fat_begin_lba)
                  20003348    00000004     (.common:lba_addr)
                  2000334c    00000004     (.common:lba_begin_address)
                  20003350    00000004     (.common:lightwand_delay)
                  20003354    00000004     (.common:number_of_sectors)
                  20003358    00000004     (.common:root_dir_first_cluster)
                  2000335c    00000001     (.common:Timer1)
                  2000335d    00000001     (.common:Timer2)
                  2000335e    00000001     (.common:lightwand_brightness)

.TI.noinit 
*          0    20000000    00000000     UNINITIALIZED

.stack     0    20003360    00000800     UNINITIALIZED
                  20003360    00000800     --HOLE--

.sysmem    0    20003b60    00000800     UNINITIALIZED
                  20003b60    00000008     rtsv7M4_T_le_v4SPD16_eabi.lib : memory.obj (.sysmem)
                  20003b68    000007f8     --HOLE--

.data      0    20004360    00000394     UNINITIALIZED
                  20004360    000000f0     rtsv7M4_T_le_v4SPD16_eabi.lib : defs.obj (.data:_ftable)
                  20004450    000000d0                                   : lowlev.obj (.data)
                  20004520    000000b0                                   : signal.obj (.data:sigtable)
                  200045d0    00000080                                   : xvalues.obj (.data)
                  20004650    00000040     sdcard.obj (.data)
                  20004690    00000014     main.obj (.data)
                  200046a4    00000010     rtsv7M4_T_le_v4SPD16_eabi.lib : defs.obj (.data)
                  200046b4    0000000c     Nokia5110.obj (.data)
                  200046c0    0000000c     rtsv7M4_T_le_v4SPD16_eabi.lib : memory.obj (.data)
                  200046cc    00000008                                   : _lock.obj (.data)
                  200046d4    00000008                                   : exit.obj (.data)
                  200046dc    00000008                                   : feraiseexcept.obj (.data)
                  200046e4    00000004                                   : errno.obj (.data)
                  200046e8    00000004                                   : fopen.obj (.data)
                  200046ec    00000004                                   : rand.obj (.data)
                  200046f0    00000004                                   : stkdepth_vars.obj (.data)

.TI.persistent 
*          0    20004360    00000000     UNINITIALIZED


LINKER GENERATED COPY TABLES

__TI_cinit_table @ 00009898 records: 2, size/record: 8, table size: 16
	.data: load addr=000097b0, load size=000000d2 bytes, run addr=20004360, run size=00000394 bytes, compression=rle
	.bss: load addr=00009890, load size=00000008 bytes, run addr=20000000, run size=0000335f bytes, compression=zero_init


LINKER GENERATED HANDLER TABLE

__TI_handler_table @ 00009884 records: 3, size/record: 4, table size: 12
	index: 0, handler: __TI_decompress_rle24
	index: 1, handler: __TI_decompress_none
	index: 2, handler: __TI_zero_init


GLOBAL SYMBOLS: SORTED ALPHABETICALLY BY Name 

address   name                      
-------   ----                      
2000333c  BrightLimit               
00009379  C$$EXIT                   
0000904f  C$$IO$$                   
00004f39  GPIOPortB_Handler         
00007d5d  HOSTclock                 
00007d25  HOSTclose                 
00007ce7  HOSTgetenv                
00007c8b  HOSTlseek                 
00007c39  HOSTopen                  
00007bed  HOSTread                  
00007b8f  HOSTrename                
00007b55  HOSTtime                  
00007b1d  HOSTunlink                
00007ad1  HOSTwrite                 
0000964d  ResetISR                  
UNDEFED   SHT$$INIT_ARRAY$$Base     
UNDEFED   SHT$$INIT_ARRAY$$Limit    
00004dab  SysTick_Init              
00004d5d  SysTick_Wait              
00004d85  SysTick_Wait50ms          
2000335c  Timer1                    
2000335d  Timer2                    
00004393  Timer5A_Handler           
00004321  Timer5_Init               
00008789  UART_InChar               
0000879d  UART_OutChar              
00009461  _Dclass                   
200045d0  _Denorm                   
00008a19  _Dnorm                    
0000857d  _Dscale                   
00009089  _Dunscale                 
200045e0  _Eps                      
200046e4  _Errno                    
200046dc  _Fenv                     
00009491  _Feraise                  
200045f0  _Hugeval                  
20004600  _Inf                      
20004610  _Nan                      
20004630  _Rteps                    
20004620  _Snan                     
200046e0  _Tls_setup__Fenv          
20004640  _Xbig                     
20004648  _Zero                     
200030f4  __CIOBUF_                 
20003b60  __STACK_END               
00000800  __STACK_SIZE              
20003560  __STACK_TOP               
00000800  __SYSMEM_SIZE             
00009898  __TI_CINIT_Base           
000098a8  __TI_CINIT_Limit          
00009884  __TI_Handler_Table_Base   
00009890  __TI_Handler_Table_Limit  
00008f49  __TI_auto_init            
00008061  __TI_cleanup              
200046d4  __TI_cleanup_ptr          
00008c21  __TI_closefile            
00009625  __TI_decompress_none      
00009659  __TI_decompress_rle24     
00008951  __TI_doflush              
200046d8  __TI_dtors_ptr            
200046a4  __TI_ft_end               
00006cd1  __TI_printfi              
00008b39  __TI_rd_ok                
00009053  __TI_readmsg              
00000000  __TI_static_base__        
20003214  __TI_tmpnams              
00009021  __TI_writemsg             
00008ad7  __TI_wrt_ok               
00009641  __TI_zero_init            
00008d51  __aeabi_cdcmpeq           
00008d51  __aeabi_cdcmple           
00008dd7  __aeabi_cdrcmple          
00009331  __aeabi_d2iz              
00008167  __aeabi_dadd              
00008313  __aeabi_ddiv              
0000868d  __aeabi_dmul              
0000815d  __aeabi_dsub              
000094c1  __aeabi_i2d               
00008e5d  __aeabi_memclr            
00008e5d  __aeabi_memclr4           
00008e5d  __aeabi_memclr8           
00008b83  __aeabi_memcpy            
00008b83  __aeabi_memcpy4           
00008b83  __aeabi_memcpy8           
00008e5f  __aeabi_memset            
00008e5f  __aeabi_memset4           
00008e5f  __aeabi_memset8           
200046b0  __aeabi_stderr            
200046a8  __aeabi_stdin             
200046ac  __aeabi_stdout            
00007da5  __aeabi_uldivmod          
ffffffff  __binit__                 
ffffffff  __c_args__                
20003360  __stack                   
000095a1  _args_main                
000091fd  _c_int00                  
00009662  _ctypes_                  
20004360  _ftable                   
200046cc  _lock                     
000095f7  _nop                      
000095ef  _register_lock            
000095e9  _register_unlock          
20003b60  _sys_memory               
0000965f  _system_pre_init          
200046d0  _unlock                   
0000937d  abort                     
00007a25  add_device                
00002817  add_menu_element          
00004ab7  ask_for_bluetooth         
0000924d  atoi                      
20004691  backlight                 
000026d3  backup_main_menu          
ffffffff  binit                     
20004698  bright                    
20004692  buzzer                    
00007791  calloc                    
0000321d  change_speed              
000002ed  char_write                
000041cd  clean_name                
000019bb  clear_columns             
0000734d  clear_ledarray            
0000026d  clear_screen              
000079d5  close                     
20003340  cluster_begin_lba         
20004658  cluster_dir               
2000466c  column                    
20004678  columns                   
00005e41  convert_value_to_string   
00009299  copy_in                   
00002667  copy_menu                 
200046b5  cp                        
00002ff9  cs_high                   
00003051  cs_low                    
20004680  current                   
20004662  current_count             
200046a0  current_position          
2000469c  delay                     
00002605  delete_menu               
000019af  disable_backlight         
000043a5  disk_timerproc            
00002f87  dummy_clock               
000019a3  enable_backlight          
00009385  exit                      
20003344  fat_begin_lba             
00008c87  fclose                    
20004661  fd_count                  
000093fd  feraiseexcept             
0000899d  fflush                    
20000000  file_dir                  
20004695  file_pos                  
000019e9  fill_screen               
000044a5  filter_by_extension       
20004663  finish                    
200046b4  first                     
20004664  first_file                
000080b7  fopen                     
00008cb9  fputc                     
00008449  fputs                     
000074df  free                      
0000808d  freopen                   
0000951d  frexp                     
000090f1  fseek                     
00000000  g_pfnVectors              
00007087  get_brightness            
000022c5  get_character_length      
0000709d  get_delay                 
00002fdd  get_first_cluster         
000042b1  get_name                  
00004457  get_reserved_sectors      
00002ff3  get_root_dir_first_cluster
00006fd9  init_1wire_pin            
00004db9  init_buzzer               
00002cf5  initialise_sd             
000087bf  initialise_uart           
00004c4d  initialize_I2C            
00004cb9  initialize_accelerometer  
00004bcd  initialize_buttons        
00001943  initialize_screen         
000042fb  is_file_or_dir            
00002bdd  is_ready                  
200046b6  item_num                  
20004684  l                         
20003348  lba_addr                  
2000334c  lba_begin_address         
00000293  lcd_write                 
000091ab  ldexp                     
2000335e  lightwand_brightness      
20003350  lightwand_delay           
00003519  list_dirs_and_files       
000079b1  lseek                     
00009155  ltoa                      
00004909  main                      
200046f0  main_func_sp              
20002d70  main_menu_items           
00007477  malloc                    
00005671  manage_paint_menu         
00004fb1  manage_picture_menu       
00004ecf  map                       
200046bc  max                       
20004694  max_menu_items            
000076ad  memalign                  
00009585  memccpy                   
00009547  memchr                    
00008b83  memcpy                    
00008e65  memset                    
20004690  menu                      
20002fc8  menu_items                
20002e9c  menu_items2               
200046b8  min                       
000073e9  minit                     
00002559  modify_menu_element       
20004688  num                       
2000468c  num2                      
20004670  number                    
20003354  number_of_sectors         
00007903  open                      
00003e11  open_file                 
20002bc0  pixel_content             
20004654  previous_cluster          
00008ee1  printf                    
00008cb9  putc                      
00008d3d  putchar                   
00008555  puts                      
000094ef  raise                     
000092fb  rand                      
000043cd  rcvr_datablock            
00004441  rcvr_spi_m                
000078df  read                      
00004d21  read_accelerometer_data   
000032c7  read_csd                  
000033d5  read_disk_data            
00003309  read_first_sector         
000075a1  realloc                   
00007855  remove                    
000078b7  remove_device             
00007879  rename                    
2000465c  reserved_sectors          
00002a55  reset_min_max             
0000273f  restore_main_menu         
000027ab  restore_previous_menu     
20003358  root_dir_first_cluster    
20004668  row                       
20004674  rows                      
00001a21  screen_write              
00002b41  sd_read                   
00002e95  sd_startSSI3              
00002a91  sd_write                  
20004660  sectors_per_cluster       
20004650  sectors_per_fat           
0000702d  send_bit                  
00002c0b  send_command              
00001c7b  set_Y_position_bottom     
00001cf7  set_Y_position_centre     
00007073  set_brightness            
00002a15  set_buttons_up_down       
00004ba5  set_color_brightness_menu 
00004b7f  set_color_menu            
0000708d  set_delay                 
00004ad9  set_init_menu             
00004afb  set_main_picture_menu     
00004b4b  set_paint_menu            
00008875  setvbuf                   
00002875  show_menu                 
000093bd  signal                    
000092e5  srand                     
00001d73  startSSI0                 
00001e79  startSSI1                 
00001fb7  startSSI2                 
000020f1  startSSI3                 
00009567  strcat                    
000095d1  strchr                    
000095b9  strcmp                    
000095fd  strcpy                    
200032b4  string                    
00009611  strlen                    
00009431  strncpy                   
20004693  subdir                    
000070a3  test_colors               
00009633  time                      
00004865  to_leds                   
2000467c  total                     
00003151  tx_SSI                    
000030a5  tx_high                   
00007855  unlink                    
000077c5  write                     


GLOBAL SYMBOLS: SORTED BY Symbol Address 

address   name                      
-------   ----                      
00000000  __TI_static_base__        
00000000  g_pfnVectors              
0000026d  clear_screen              
00000293  lcd_write                 
000002ed  char_write                
00000800  __STACK_SIZE              
00000800  __SYSMEM_SIZE             
00001943  initialize_screen         
000019a3  enable_backlight          
000019af  disable_backlight         
000019bb  clear_columns             
000019e9  fill_screen               
00001a21  screen_write              
00001c7b  set_Y_position_bottom     
00001cf7  set_Y_position_centre     
00001d73  startSSI0                 
00001e79  startSSI1                 
00001fb7  startSSI2                 
000020f1  startSSI3                 
000022c5  get_character_length      
00002559  modify_menu_element       
00002605  delete_menu               
00002667  copy_menu                 
000026d3  backup_main_menu          
0000273f  restore_main_menu         
000027ab  restore_previous_menu     
00002817  add_menu_element          
00002875  show_menu                 
00002a15  set_buttons_up_down       
00002a55  reset_min_max             
00002a91  sd_write                  
00002b41  sd_read                   
00002bdd  is_ready                  
00002c0b  send_command              
00002cf5  initialise_sd             
00002e95  sd_startSSI3              
00002f87  dummy_clock               
00002fdd  get_first_cluster         
00002ff3  get_root_dir_first_cluster
00002ff9  cs_high                   
00003051  cs_low                    
000030a5  tx_high                   
00003151  tx_SSI                    
0000321d  change_speed              
000032c7  read_csd                  
00003309  read_first_sector         
000033d5  read_disk_data            
00003519  list_dirs_and_files       
00003e11  open_file                 
000041cd  clean_name                
000042b1  get_name                  
000042fb  is_file_or_dir            
00004321  Timer5_Init               
00004393  Timer5A_Handler           
000043a5  disk_timerproc            
000043cd  rcvr_datablock            
00004441  rcvr_spi_m                
00004457  get_reserved_sectors      
000044a5  filter_by_extension       
00004865  to_leds                   
00004909  main                      
00004ab7  ask_for_bluetooth         
00004ad9  set_init_menu             
00004afb  set_main_picture_menu     
00004b4b  set_paint_menu            
00004b7f  set_color_menu            
00004ba5  set_color_brightness_menu 
00004bcd  initialize_buttons        
00004c4d  initialize_I2C            
00004cb9  initialize_accelerometer  
00004d21  read_accelerometer_data   
00004d5d  SysTick_Wait              
00004d85  SysTick_Wait50ms          
00004dab  SysTick_Init              
00004db9  init_buzzer               
00004ecf  map                       
00004f39  GPIOPortB_Handler         
00004fb1  manage_picture_menu       
00005671  manage_paint_menu         
00005e41  convert_value_to_string   
00006cd1  __TI_printfi              
00006fd9  init_1wire_pin            
0000702d  send_bit                  
00007073  set_brightness            
00007087  get_brightness            
0000708d  set_delay                 
0000709d  get_delay                 
000070a3  test_colors               
0000734d  clear_ledarray            
000073e9  minit                     
00007477  malloc                    
000074df  free                      
000075a1  realloc                   
000076ad  memalign                  
00007791  calloc                    
000077c5  write                     
00007855  remove                    
00007855  unlink                    
00007879  rename                    
000078b7  remove_device             
000078df  read                      
00007903  open                      
000079b1  lseek                     
000079d5  close                     
00007a25  add_device                
00007ad1  HOSTwrite                 
00007b1d  HOSTunlink                
00007b55  HOSTtime                  
00007b8f  HOSTrename                
00007bed  HOSTread                  
00007c39  HOSTopen                  
00007c8b  HOSTlseek                 
00007ce7  HOSTgetenv                
00007d25  HOSTclose                 
00007d5d  HOSTclock                 
00007da5  __aeabi_uldivmod          
00008061  __TI_cleanup              
0000808d  freopen                   
000080b7  fopen                     
0000815d  __aeabi_dsub              
00008167  __aeabi_dadd              
00008313  __aeabi_ddiv              
00008449  fputs                     
00008555  puts                      
0000857d  _Dscale                   
0000868d  __aeabi_dmul              
00008789  UART_InChar               
0000879d  UART_OutChar              
000087bf  initialise_uart           
00008875  setvbuf                   
00008951  __TI_doflush              
0000899d  fflush                    
00008a19  _Dnorm                    
00008ad7  __TI_wrt_ok               
00008b39  __TI_rd_ok                
00008b83  __aeabi_memcpy            
00008b83  __aeabi_memcpy4           
00008b83  __aeabi_memcpy8           
00008b83  memcpy                    
00008c21  __TI_closefile            
00008c87  fclose                    
00008cb9  fputc                     
00008cb9  putc                      
00008d3d  putchar                   
00008d51  __aeabi_cdcmpeq           
00008d51  __aeabi_cdcmple           
00008dd7  __aeabi_cdrcmple          
00008e5d  __aeabi_memclr            
00008e5d  __aeabi_memclr4           
00008e5d  __aeabi_memclr8           
00008e5f  __aeabi_memset            
00008e5f  __aeabi_memset4           
00008e5f  __aeabi_memset8           
00008e65  memset                    
00008ee1  printf                    
00008f49  __TI_auto_init            
00009021  __TI_writemsg             
0000904f  C$$IO$$                   
00009053  __TI_readmsg              
00009089  _Dunscale                 
000090f1  fseek                     
00009155  ltoa                      
000091ab  ldexp                     
000091fd  _c_int00                  
0000924d  atoi                      
00009299  copy_in                   
000092e5  srand                     
000092fb  rand                      
00009331  __aeabi_d2iz              
00009379  C$$EXIT                   
0000937d  abort                     
00009385  exit                      
000093bd  signal                    
000093fd  feraiseexcept             
00009431  strncpy                   
00009461  _Dclass                   
00009491  _Feraise                  
000094c1  __aeabi_i2d               
000094ef  raise                     
0000951d  frexp                     
00009547  memchr                    
00009567  strcat                    
00009585  memccpy                   
000095a1  _args_main                
000095b9  strcmp                    
000095d1  strchr                    
000095e9  _register_unlock          
000095ef  _register_lock            
000095f7  _nop                      
000095fd  strcpy                    
00009611  strlen                    
00009625  __TI_decompress_none      
00009633  time                      
00009641  __TI_zero_init            
0000964d  ResetISR                  
00009659  __TI_decompress_rle24     
0000965f  _system_pre_init          
00009662  _ctypes_                  
00009884  __TI_Handler_Table_Base   
00009890  __TI_Handler_Table_Limit  
00009898  __TI_CINIT_Base           
000098a8  __TI_CINIT_Limit          
20000000  file_dir                  
20002bc0  pixel_content             
20002d70  main_menu_items           
20002e9c  menu_items2               
20002fc8  menu_items                
200030f4  __CIOBUF_                 
20003214  __TI_tmpnams              
200032b4  string                    
2000333c  BrightLimit               
20003340  cluster_begin_lba         
20003344  fat_begin_lba             
20003348  lba_addr                  
2000334c  lba_begin_address         
20003350  lightwand_delay           
20003354  number_of_sectors         
20003358  root_dir_first_cluster    
2000335c  Timer1                    
2000335d  Timer2                    
2000335e  lightwand_brightness      
20003360  __stack                   
20003560  __STACK_TOP               
20003b60  __STACK_END               
20003b60  _sys_memory               
20004360  _ftable                   
200045d0  _Denorm                   
200045e0  _Eps                      
200045f0  _Hugeval                  
20004600  _Inf                      
20004610  _Nan                      
20004620  _Snan                     
20004630  _Rteps                    
20004640  _Xbig                     
20004648  _Zero                     
20004650  sectors_per_fat           
20004654  previous_cluster          
20004658  cluster_dir               
2000465c  reserved_sectors          
20004660  sectors_per_cluster       
20004661  fd_count                  
20004662  current_count             
20004663  finish                    
20004664  first_file                
20004668  row                       
2000466c  column                    
20004670  number                    
20004674  rows                      
20004678  columns                   
2000467c  total                     
20004680  current                   
20004684  l                         
20004688  num                       
2000468c  num2                      
20004690  menu                      
20004691  backlight                 
20004692  buzzer                    
20004693  subdir                    
20004694  max_menu_items            
20004695  file_pos                  
20004698  bright                    
2000469c  delay                     
200046a0  current_position          
200046a4  __TI_ft_end               
200046a8  __aeabi_stdin             
200046ac  __aeabi_stdout            
200046b0  __aeabi_stderr            
200046b4  first                     
200046b5  cp                        
200046b6  item_num                  
200046b8  min                       
200046bc  max                       
200046cc  _lock                     
200046d0  _unlock                   
200046d4  __TI_cleanup_ptr          
200046d8  __TI_dtors_ptr            
200046dc  _Fenv                     
200046e0  _Tls_setup__Fenv          
200046e4  _Errno                    
200046f0  main_func_sp              
ffffffff  __binit__                 
ffffffff  __c_args__                
ffffffff  binit                     
UNDEFED   SHT$$INIT_ARRAY$$Base     
UNDEFED   SHT$$INIT_ARRAY$$Limit    

[285 symbols]
