******************************************************************************
                  TI ARM Linker PC v5.2.6                      
******************************************************************************
>> Linked Tue Oct 31 14:14:11 2017

OUTPUT FILE NAME:   <lightwand_texas_edition.out>
ENTRY POINT SYMBOL: "_c_int00"  address: 0000922d


MEMORY CONFIGURATION

         name            origin    length      used     unused   attr    fill
----------------------  --------  ---------  --------  --------  ----  --------
  FLASH                 00000000   00040000  000098d7  00036729  R  X
  SRAM                  20000000   00008000  000046f3  0000390d  RW X


SEGMENT ALLOCATION MAP

run origin  load origin   length   init length attrs members
----------  ----------- ---------- ----------- ----- -------
00000000    00000000    000098d8   000098d8    r-x
  00000000    00000000    0000026c   0000026c    r-- .intvecs
  0000026c    0000026c    00009426   00009426    r-x .text
  00009692    00009692    0000014d   0000014d    r-- .const
  000097e0    000097e0    000000f8   000000f8    r-- .cinit
20000000    20000000    000046f4   00000000    rw-
  20000000    20000000    0000335f   00000000    rw- .bss
  20003360    20003360    00000800   00000000    rw- .stack
  20003b60    20003b60    00000800   00000000    rw- .sysmem
  20004360    20004360    00000394   00000000    rw- .data


SECTION ALLOCATION MAP

 output                                  attributes/
section   page    origin      length       input sections
--------  ----  ----------  ----------   ----------------
.intvecs   0    00000000    0000026c     
                  00000000    0000026c     tm4c123gh6pm_startup_ccs.obj (.intvecs)

.text      0    0000026c    00009426     
                  0000026c    0000280c     Nokia5110.obj (.text)
                  00002a78    00001ec0     sdcard.obj (.text)
                  00004938    00001614     main.obj (.text)
                  00005f4c    000010ba     rtsv7M4_T_le_v4SPD16_eabi.lib : _printfi.obj (.text)
                  00007006    00000002     --HOLE-- [fill = 0]
                  00007008    00000410     1wire.obj (.text)
                  00007418    000003dc     rtsv7M4_T_le_v4SPD16_eabi.lib : memory.obj (.text)
                  000077f4    0000030c                                   : lowlev.obj (.text)
                  00007b00    000002d4                                   : trgdrv.obj (.text)
                  00007dd4    000001f4                                   : ull_div_t2.obj (.text)
                  00007fc8    000001c4                                   : fopen.obj (.text)
                  0000818c    000001b6                                   : fd_add_t2.obj (.text)
                  00008342    00000136                                   : fd_div_t2.obj (.text)
                  00008478    00000134                                   : fputs.obj (.text)
                  000085ac    00000110                                   : xdscale.obj (.text)
                  000086bc    000000fc                                   : fd_mul_t2.obj (.text)
                  000087b8    000000ec     uart.obj (.text)
                  000088a4    000000dc     rtsv7M4_T_le_v4SPD16_eabi.lib : setvbuf.obj (.text)
                  00008980    000000c8                                   : fflush.obj (.text)
                  00008a48    000000be                                   : xdnorm.obj (.text)
                  00008b06    000000ac                                   : _io_perm.obj (.text)
                  00008bb2    0000009c                                   : memcpy_t2.obj (.text)
                  00008c4e    00000002     --HOLE-- [fill = 0]
                  00008c50    00000098                                   : fclose.obj (.text)
                  00008ce8    00000098                                   : fputc.obj (.text)
                  00008d80    00000086                                   : fd_cmp_t2.obj (.text:__aeabi_cdcmple)
                  00008e06    00000086                                   : fd_cmp_t2.obj (.text:__aeabi_cdrcmple)
                  00008e8c    0000007a                                   : memset_t2.obj (.text)
                  00008f06    00000002     --HOLE-- [fill = 0]
                  00008f08    00000070                                   : printf.obj (.text)
                  00008f78    0000006c                                   : autoinit.obj (.text)
                  00008fe4    0000006a                                   : copy_decompress_rle.obj (.text)
                  0000904e    00000002     --HOLE-- [fill = 0]
                  00009050    00000068                                   : trgmsg.obj (.text)
                  000090b8    00000066                                   : xdunscal.obj (.text)
                  0000911e    00000002     --HOLE-- [fill = 0]
                  00009120    00000064                                   : fseek.obj (.text)
                  00009184    00000056                                   : ltoa.obj (.text)
                  000091da    00000052                                   : ldexp.obj (.text)
                  0000922c    00000050                                   : boot.obj (.text)
                  0000927c    0000004c                                   : atoi.obj (.text)
                  000092c8    0000004c                                   : cpy_tbl.obj (.text)
                  00009314    0000004c                                   : rand.obj (.text)
                  00009360    00000048                                   : fd_toi_t2.obj (.text)
                  000093a8    00000044                                   : exit.obj (.text)
                  000093ec    00000040                                   : signal.obj (.text)
                  0000942c    00000034                                   : feraiseexcept.obj (.text)
                  00009460    00000030                                   : strncpy.obj (.text)
                  00009490    00000030                                   : xdclass.obj (.text)
                  000094c0    00000030                                   : xferaise.obj (.text)
                  000094f0    0000002e                                   : i_tofd_t2.obj (.text)
                  0000951e    0000002e                                   : raise.obj (.text)
                  0000954c    0000002a                                   : frexp.obj (.text)
                  00009576    00000020                                   : memchr.obj (.text)
                  00009596    0000001e                                   : strcat.obj (.text)
                  000095b4    0000001c                                   : memccpy.obj (.text)
                  000095d0    00000018                                   : args_main.obj (.text)
                  000095e8    00000018                                   : strcmp.obj (.text)
                  00009600    00000016                                   : strchr.obj (.text)
                  00009616    00000002     --HOLE-- [fill = 0]
                  00009618    00000014                                   : _lock.obj (.text)
                  0000962c    00000014                                   : strcpy.obj (.text)
                  00009640    00000014                                   : strlen.obj (.text)
                  00009654    0000000e                                   : copy_decompress_none.obj (.text:decompress:none)
                  00009662    0000000e                                   : time.obj (.text)
                  00009670    0000000c                                   : copy_zero_init.obj (.text:decompress:ZI)
                  0000967c    0000000c     tm4c123gh6pm_startup_ccs.obj (.text)
                  00009688    00000006     rtsv7M4_T_le_v4SPD16_eabi.lib : copy_decompress_rle.obj (.text:decompress:rle24)
                  0000968e    00000004                                   : pre_init.obj (.text)

.const     0    00009692    0000014d     
                  00009692    00000101     rtsv7M4_T_le_v4SPD16_eabi.lib : ctype.obj (.const:.string:_ctypes_)
                  00009793    00000049     main.obj (.const:.string)
                  000097dc    00000003     1wire.obj (.const)

.cinit     0    000097e0    000000f8     
                  000097e0    000000d2     (.cinit..data.load) [load image, compression = rle]
                  000098b2    00000002     --HOLE-- [fill = 0]
                  000098b4    0000000c     (__TI_handler_table)
                  000098c0    00000008     (.cinit..bss.load) [load image, compression = zero_init]
                  000098c8    00000010     (__TI_cinit_table)

.init_array 
*          0    00000000    00000000     UNINITIALIZED

.bss       0    20000000    0000335f     UNINITIALIZED
                  20000000    00002bc0     sdcard.obj (.bss:file_dir)
                  20002bc0    000001b0     sdcard.obj (.bss:pixel_content)
                  20002d70    0000012c     Nokia5110.obj (.bss:main_menu_items)
                  20002e9c    0000012c     Nokia5110.obj (.bss:menu_items2)
                  20002fc8    0000012c     Nokia5110.obj (.bss:menu_items)
                  200030f4    00000120     rtsv7M4_T_le_v4SPD16_eabi.lib : trgmsg.obj (.bss:__CIOBUF_)
                  20003214    000000a0                                   : defs.obj (.bss:__TI_tmpnams)
                  200032b4    00000080     Nokia5110.obj (.bss:string)
                  20003334    00000008     (.common:parmbuf)
                  2000333c    00000004     (.common:BrightLimit)
                  20003340    00000004     (.common:cluster_begin_lba)
                  20003344    00000004     (.common:fat_begin_lba)
                  20003348    00000004     (.common:lba_addr)
                  2000334c    00000004     (.common:lba_begin_address)
                  20003350    00000004     (.common:lightwand_delay)
                  20003354    00000004     (.common:number_of_sectors)
                  20003358    00000004     (.common:root_dir_first_cluster)
                  2000335c    00000001     (.common:Timer1)
                  2000335d    00000001     (.common:Timer2)
                  2000335e    00000001     (.common:lightwand_brightness)

.TI.noinit 
*          0    20000000    00000000     UNINITIALIZED

.stack     0    20003360    00000800     UNINITIALIZED
                  20003360    00000800     --HOLE--

.sysmem    0    20003b60    00000800     UNINITIALIZED
                  20003b60    00000008     rtsv7M4_T_le_v4SPD16_eabi.lib : memory.obj (.sysmem)
                  20003b68    000007f8     --HOLE--

.data      0    20004360    00000394     UNINITIALIZED
                  20004360    000000f0     rtsv7M4_T_le_v4SPD16_eabi.lib : defs.obj (.data:_ftable)
                  20004450    000000d0                                   : lowlev.obj (.data)
                  20004520    000000b0                                   : signal.obj (.data:sigtable)
                  200045d0    00000080                                   : xvalues.obj (.data)
                  20004650    00000040     sdcard.obj (.data)
                  20004690    00000014     main.obj (.data)
                  200046a4    00000010     rtsv7M4_T_le_v4SPD16_eabi.lib : defs.obj (.data)
                  200046b4    0000000c     Nokia5110.obj (.data)
                  200046c0    0000000c     rtsv7M4_T_le_v4SPD16_eabi.lib : memory.obj (.data)
                  200046cc    00000008                                   : _lock.obj (.data)
                  200046d4    00000008                                   : exit.obj (.data)
                  200046dc    00000008                                   : feraiseexcept.obj (.data)
                  200046e4    00000004                                   : errno.obj (.data)
                  200046e8    00000004                                   : fopen.obj (.data)
                  200046ec    00000004                                   : rand.obj (.data)
                  200046f0    00000004                                   : stkdepth_vars.obj (.data)

.TI.persistent 
*          0    20004360    00000000     UNINITIALIZED


LINKER GENERATED COPY TABLES

__TI_cinit_table @ 000098c8 records: 2, size/record: 8, table size: 16
	.data: load addr=000097e0, load size=000000d2 bytes, run addr=20004360, run size=00000394 bytes, compression=rle
	.bss: load addr=000098c0, load size=00000008 bytes, run addr=20000000, run size=0000335f bytes, compression=zero_init


LINKER GENERATED HANDLER TABLE

__TI_handler_table @ 000098b4 records: 3, size/record: 4, table size: 12
	index: 0, handler: __TI_decompress_rle24
	index: 1, handler: __TI_decompress_none
	index: 2, handler: __TI_zero_init


GLOBAL SYMBOLS: SORTED ALPHABETICALLY BY Name 

address   name                      
-------   ----                      
2000333c  BrightLimit               
000093a9  C$$EXIT                   
0000907f  C$$IO$$                   
00004f69  GPIOPortB_Handler         
00007d8d  HOSTclock                 
00007d55  HOSTclose                 
00007d17  HOSTgetenv                
00007cbb  HOSTlseek                 
00007c69  HOSTopen                  
00007c1d  HOSTread                  
00007bbf  HOSTrename                
00007b85  HOSTtime                  
00007b4d  HOSTunlink                
00007b01  HOSTwrite                 
0000967d  ResetISR                  
UNDEFED   SHT$$INIT_ARRAY$$Base     
UNDEFED   SHT$$INIT_ARRAY$$Limit    
00004ddb  SysTick_Init              
00004d8d  SysTick_Wait              
00004db5  SysTick_Wait50ms          
2000335c  Timer1                    
2000335d  Timer2                    
000043c3  Timer5A_Handler           
00004351  Timer5_Init               
000087b9  UART_InChar               
000087cd  UART_OutChar              
00009491  _Dclass                   
200045d0  _Denorm                   
00008a49  _Dnorm                    
000085ad  _Dscale                   
000090b9  _Dunscale                 
200045e0  _Eps                      
200046e4  _Errno                    
200046dc  _Fenv                     
000094c1  _Feraise                  
200045f0  _Hugeval                  
20004600  _Inf                      
20004610  _Nan                      
20004630  _Rteps                    
20004620  _Snan                     
200046e0  _Tls_setup__Fenv          
20004640  _Xbig                     
20004648  _Zero                     
200030f4  __CIOBUF_                 
20003b60  __STACK_END               
00000800  __STACK_SIZE              
20003560  __STACK_TOP               
00000800  __SYSMEM_SIZE             
000098c8  __TI_CINIT_Base           
000098d8  __TI_CINIT_Limit          
000098b4  __TI_Handler_Table_Base   
000098c0  __TI_Handler_Table_Limit  
00008f79  __TI_auto_init            
00008091  __TI_cleanup              
200046d4  __TI_cleanup_ptr          
00008c51  __TI_closefile            
00009655  __TI_decompress_none      
00009689  __TI_decompress_rle24     
00008981  __TI_doflush              
200046d8  __TI_dtors_ptr            
200046a4  __TI_ft_end               
00006d01  __TI_printfi              
00008b69  __TI_rd_ok                
00009083  __TI_readmsg              
00000000  __TI_static_base__        
20003214  __TI_tmpnams              
00009051  __TI_writemsg             
00008b07  __TI_wrt_ok               
00009671  __TI_zero_init            
00008d81  __aeabi_cdcmpeq           
00008d81  __aeabi_cdcmple           
00008e07  __aeabi_cdrcmple          
00009361  __aeabi_d2iz              
00008197  __aeabi_dadd              
00008343  __aeabi_ddiv              
000086bd  __aeabi_dmul              
0000818d  __aeabi_dsub              
000094f1  __aeabi_i2d               
00008e8d  __aeabi_memclr            
00008e8d  __aeabi_memclr4           
00008e8d  __aeabi_memclr8           
00008bb3  __aeabi_memcpy            
00008bb3  __aeabi_memcpy4           
00008bb3  __aeabi_memcpy8           
00008e8f  __aeabi_memset            
00008e8f  __aeabi_memset4           
00008e8f  __aeabi_memset8           
200046b0  __aeabi_stderr            
200046a8  __aeabi_stdin             
200046ac  __aeabi_stdout            
00007dd5  __aeabi_uldivmod          
ffffffff  __binit__                 
ffffffff  __c_args__                
20003360  __stack                   
000095d1  _args_main                
0000922d  _c_int00                  
00009692  _ctypes_                  
20004360  _ftable                   
200046cc  _lock                     
00009627  _nop                      
0000961f  _register_lock            
00009619  _register_unlock          
20003b60  _sys_memory               
0000968f  _system_pre_init          
200046d0  _unlock                   
000093ad  abort                     
00007a55  add_device                
00002801  add_menu_element          
00004ae7  ask_for_bluetooth         
0000927d  atoi                      
20004691  backlight                 
000026c9  backup_main_menu          
ffffffff  binit                     
20004698  bright                    
20004692  buzzer                    
000077c1  calloc                    
00003205  change_speed              
000002ed  char_write                
00004205  clean_name                
000019bb  clear_columns             
0000737d  clear_ledarray            
0000026d  clear_screen              
00007a05  close                     
20003340  cluster_begin_lba         
20004658  cluster_dir               
2000466c  column                    
20004678  columns                   
00005e71  convert_value_to_string   
000092c9  copy_in                   
00002661  copy_menu                 
200046b5  cp                        
00002fe1  cs_high                   
00003039  cs_low                    
20004680  current                   
20004662  current_count             
200046a0  current_position          
2000469c  delay                     
00002603  delete_menu               
000019af  disable_backlight         
000043d5  disk_timerproc            
00002f6f  dummy_clock               
000019a3  enable_backlight          
000093b5  exit                      
20003344  fat_begin_lba             
00008cb7  fclose                    
20004661  fd_count                  
0000942d  feraiseexcept             
000089cd  fflush                    
20000000  file_dir                  
20004695  file_pos                  
000019e9  fill_screen               
000044d5  filter_by_extension       
20004663  finish                    
200046b4  first                     
20004664  first_file                
000080e7  fopen                     
00008ce9  fputc                     
00008479  fputs                     
0000750f  free                      
000080bd  freopen                   
0000954d  frexp                     
00009121  fseek                     
00000000  g_pfnVectors              
000070b7  get_brightness            
000022c5  get_character_length      
000070cd  get_delay                 
00002fc5  get_first_cluster         
000042e5  get_name                  
00004487  get_reserved_sectors      
00002fdb  get_root_dir_first_cluster
00007009  init_1wire_pin            
00004de9  init_buzzer               
00002cdd  initialise_sd             
000087ef  initialise_uart           
00004c7d  initialize_I2C            
00004ce9  initialize_accelerometer  
00004bfd  initialize_buttons        
00001943  initialize_screen         
0000432b  is_file_or_dir            
00002bc5  is_ready                  
200046b6  item_num                  
20004684  l                         
20003348  lba_addr                  
2000334c  lba_begin_address         
00000293  lcd_write                 
000091db  ldexp                     
2000335e  lightwand_brightness      
20003350  lightwand_delay           
00003501  list_dirs_and_files       
000079e1  lseek                     
00009185  ltoa                      
00004939  main                      
200046f0  main_func_sp              
20002d70  main_menu_items           
000074a7  malloc                    
000056a1  manage_paint_menu         
00004fe1  manage_picture_menu       
00004eff  map                       
200046bc  max                       
20004694  max_menu_items            
000076dd  memalign                  
000095b5  memccpy                   
00009577  memchr                    
00008bb3  memcpy                    
00008e95  memset                    
20004690  menu                      
20002fc8  menu_items                
20002e9c  menu_items2               
200046b8  min                       
00007419  minit                     
00002559  modify_menu_element       
20004688  num                       
2000468c  num2                      
20004670  number                    
20003354  number_of_sectors         
00007933  open                      
00003e41  open_file                 
20002bc0  pixel_content             
20004654  previous_cluster          
00008f11  printf                    
00008ce9  putc                      
00008d6d  putchar                   
00008585  puts                      
0000951f  raise                     
0000932b  rand                      
000043fd  rcvr_datablock            
00004471  rcvr_spi_m                
0000790f  read                      
00004d51  read_accelerometer_data   
000032af  read_csd                  
000033bd  read_disk_data            
000032f1  read_first_sector         
000075d1  realloc                   
00007885  remove                    
000078e7  remove_device             
000078a9  rename                    
2000465c  reserved_sectors          
00002a3d  reset_min_max             
00002731  restore_main_menu         
00002799  restore_previous_menu     
20003358  root_dir_first_cluster    
20004668  row                       
20004674  rows                      
00001a21  screen_write              
00002b29  sd_read                   
00002e7d  sd_startSSI3              
00002a79  sd_write                  
20004660  sectors_per_cluster       
20004650  sectors_per_fat           
0000705d  send_bit                  
00002bf3  send_command              
00001c7b  set_Y_position_bottom     
00001cf7  set_Y_position_centre     
000070a3  set_brightness            
000029fd  set_buttons_up_down       
00004bd5  set_color_brightness_menu 
00004baf  set_color_menu            
000070bd  set_delay                 
00004b09  set_init_menu             
00004b2b  set_main_picture_menu     
00004b7b  set_paint_menu            
000088a5  setvbuf                   
0000285d  show_menu                 
000093ed  signal                    
00009315  srand                     
00001d73  startSSI0                 
00001e79  startSSI1                 
00001fb7  startSSI2                 
000020f1  startSSI3                 
00009597  strcat                    
00009601  strchr                    
000095e9  strcmp                    
0000962d  strcpy                    
200032b4  string                    
00009641  strlen                    
00009461  strncpy                   
20004693  subdir                    
000070d3  test_colors               
00009663  time                      
00004895  to_leds                   
2000467c  total                     
00003139  tx_SSI                    
0000308d  tx_high                   
00007885  unlink                    
000077f5  write                     


GLOBAL SYMBOLS: SORTED BY Symbol Address 

address   name                      
-------   ----                      
00000000  __TI_static_base__        
00000000  g_pfnVectors              
0000026d  clear_screen              
00000293  lcd_write                 
000002ed  char_write                
00000800  __STACK_SIZE              
00000800  __SYSMEM_SIZE             
00001943  initialize_screen         
000019a3  enable_backlight          
000019af  disable_backlight         
000019bb  clear_columns             
000019e9  fill_screen               
00001a21  screen_write              
00001c7b  set_Y_position_bottom     
00001cf7  set_Y_position_centre     
00001d73  startSSI0                 
00001e79  startSSI1                 
00001fb7  startSSI2                 
000020f1  startSSI3                 
000022c5  get_character_length      
00002559  modify_menu_element       
00002603  delete_menu               
00002661  copy_menu                 
000026c9  backup_main_menu          
00002731  restore_main_menu         
00002799  restore_previous_menu     
00002801  add_menu_element          
0000285d  show_menu                 
000029fd  set_buttons_up_down       
00002a3d  reset_min_max             
00002a79  sd_write                  
00002b29  sd_read                   
00002bc5  is_ready                  
00002bf3  send_command              
00002cdd  initialise_sd             
00002e7d  sd_startSSI3              
00002f6f  dummy_clock               
00002fc5  get_first_cluster         
00002fdb  get_root_dir_first_cluster
00002fe1  cs_high                   
00003039  cs_low                    
0000308d  tx_high                   
00003139  tx_SSI                    
00003205  change_speed              
000032af  read_csd                  
000032f1  read_first_sector         
000033bd  read_disk_data            
00003501  list_dirs_and_files       
00003e41  open_file                 
00004205  clean_name                
000042e5  get_name                  
0000432b  is_file_or_dir            
00004351  Timer5_Init               
000043c3  Timer5A_Handler           
000043d5  disk_timerproc            
000043fd  rcvr_datablock            
00004471  rcvr_spi_m                
00004487  get_reserved_sectors      
000044d5  filter_by_extension       
00004895  to_leds                   
00004939  main                      
00004ae7  ask_for_bluetooth         
00004b09  set_init_menu             
00004b2b  set_main_picture_menu     
00004b7b  set_paint_menu            
00004baf  set_color_menu            
00004bd5  set_color_brightness_menu 
00004bfd  initialize_buttons        
00004c7d  initialize_I2C            
00004ce9  initialize_accelerometer  
00004d51  read_accelerometer_data   
00004d8d  SysTick_Wait              
00004db5  SysTick_Wait50ms          
00004ddb  SysTick_Init              
00004de9  init_buzzer               
00004eff  map                       
00004f69  GPIOPortB_Handler         
00004fe1  manage_picture_menu       
000056a1  manage_paint_menu         
00005e71  convert_value_to_string   
00006d01  __TI_printfi              
00007009  init_1wire_pin            
0000705d  send_bit                  
000070a3  set_brightness            
000070b7  get_brightness            
000070bd  set_delay                 
000070cd  get_delay                 
000070d3  test_colors               
0000737d  clear_ledarray            
00007419  minit                     
000074a7  malloc                    
0000750f  free                      
000075d1  realloc                   
000076dd  memalign                  
000077c1  calloc                    
000077f5  write                     
00007885  remove                    
00007885  unlink                    
000078a9  rename                    
000078e7  remove_device             
0000790f  read                      
00007933  open                      
000079e1  lseek                     
00007a05  close                     
00007a55  add_device                
00007b01  HOSTwrite                 
00007b4d  HOSTunlink                
00007b85  HOSTtime                  
00007bbf  HOSTrename                
00007c1d  HOSTread                  
00007c69  HOSTopen                  
00007cbb  HOSTlseek                 
00007d17  HOSTgetenv                
00007d55  HOSTclose                 
00007d8d  HOSTclock                 
00007dd5  __aeabi_uldivmod          
00008091  __TI_cleanup              
000080bd  freopen                   
000080e7  fopen                     
0000818d  __aeabi_dsub              
00008197  __aeabi_dadd              
00008343  __aeabi_ddiv              
00008479  fputs                     
00008585  puts                      
000085ad  _Dscale                   
000086bd  __aeabi_dmul              
000087b9  UART_InChar               
000087cd  UART_OutChar              
000087ef  initialise_uart           
000088a5  setvbuf                   
00008981  __TI_doflush              
000089cd  fflush                    
00008a49  _Dnorm                    
00008b07  __TI_wrt_ok               
00008b69  __TI_rd_ok                
00008bb3  __aeabi_memcpy            
00008bb3  __aeabi_memcpy4           
00008bb3  __aeabi_memcpy8           
00008bb3  memcpy                    
00008c51  __TI_closefile            
00008cb7  fclose                    
00008ce9  fputc                     
00008ce9  putc                      
00008d6d  putchar                   
00008d81  __aeabi_cdcmpeq           
00008d81  __aeabi_cdcmple           
00008e07  __aeabi_cdrcmple          
00008e8d  __aeabi_memclr            
00008e8d  __aeabi_memclr4           
00008e8d  __aeabi_memclr8           
00008e8f  __aeabi_memset            
00008e8f  __aeabi_memset4           
00008e8f  __aeabi_memset8           
00008e95  memset                    
00008f11  printf                    
00008f79  __TI_auto_init            
00009051  __TI_writemsg             
0000907f  C$$IO$$                   
00009083  __TI_readmsg              
000090b9  _Dunscale                 
00009121  fseek                     
00009185  ltoa                      
000091db  ldexp                     
0000922d  _c_int00                  
0000927d  atoi                      
000092c9  copy_in                   
00009315  srand                     
0000932b  rand                      
00009361  __aeabi_d2iz              
000093a9  C$$EXIT                   
000093ad  abort                     
000093b5  exit                      
000093ed  signal                    
0000942d  feraiseexcept             
00009461  strncpy                   
00009491  _Dclass                   
000094c1  _Feraise                  
000094f1  __aeabi_i2d               
0000951f  raise                     
0000954d  frexp                     
00009577  memchr                    
00009597  strcat                    
000095b5  memccpy                   
000095d1  _args_main                
000095e9  strcmp                    
00009601  strchr                    
00009619  _register_unlock          
0000961f  _register_lock            
00009627  _nop                      
0000962d  strcpy                    
00009641  strlen                    
00009655  __TI_decompress_none      
00009663  time                      
00009671  __TI_zero_init            
0000967d  ResetISR                  
00009689  __TI_decompress_rle24     
0000968f  _system_pre_init          
00009692  _ctypes_                  
000098b4  __TI_Handler_Table_Base   
000098c0  __TI_Handler_Table_Limit  
000098c8  __TI_CINIT_Base           
000098d8  __TI_CINIT_Limit          
20000000  file_dir                  
20002bc0  pixel_content             
20002d70  main_menu_items           
20002e9c  menu_items2               
20002fc8  menu_items                
200030f4  __CIOBUF_                 
20003214  __TI_tmpnams              
200032b4  string                    
2000333c  BrightLimit               
20003340  cluster_begin_lba         
20003344  fat_begin_lba             
20003348  lba_addr                  
2000334c  lba_begin_address         
20003350  lightwand_delay           
20003354  number_of_sectors         
20003358  root_dir_first_cluster    
2000335c  Timer1                    
2000335d  Timer2                    
2000335e  lightwand_brightness      
20003360  __stack                   
20003560  __STACK_TOP               
20003b60  __STACK_END               
20003b60  _sys_memory               
20004360  _ftable                   
200045d0  _Denorm                   
200045e0  _Eps                      
200045f0  _Hugeval                  
20004600  _Inf                      
20004610  _Nan                      
20004620  _Snan                     
20004630  _Rteps                    
20004640  _Xbig                     
20004648  _Zero                     
20004650  sectors_per_fat           
20004654  previous_cluster          
20004658  cluster_dir               
2000465c  reserved_sectors          
20004660  sectors_per_cluster       
20004661  fd_count                  
20004662  current_count             
20004663  finish                    
20004664  first_file                
20004668  row                       
2000466c  column                    
20004670  number                    
20004674  rows                      
20004678  columns                   
2000467c  total                     
20004680  current                   
20004684  l                         
20004688  num                       
2000468c  num2                      
20004690  menu                      
20004691  backlight                 
20004692  buzzer                    
20004693  subdir                    
20004694  max_menu_items            
20004695  file_pos                  
20004698  bright                    
2000469c  delay                     
200046a0  current_position          
200046a4  __TI_ft_end               
200046a8  __aeabi_stdin             
200046ac  __aeabi_stdout            
200046b0  __aeabi_stderr            
200046b4  first                     
200046b5  cp                        
200046b6  item_num                  
200046b8  min                       
200046bc  max                       
200046cc  _lock                     
200046d0  _unlock                   
200046d4  __TI_cleanup_ptr          
200046d8  __TI_dtors_ptr            
200046dc  _Fenv                     
200046e0  _Tls_setup__Fenv          
200046e4  _Errno                    
200046f0  main_func_sp              
ffffffff  __binit__                 
ffffffff  __c_args__                
ffffffff  binit                     
UNDEFED   SHT$$INIT_ARRAY$$Base     
UNDEFED   SHT$$INIT_ARRAY$$Limit    

[285 symbols]
